/opt/conda/lib/python3.10/site-packages/torch/nn/modules/instancenorm.py:80: UserWarning: input's size at dim=0 does not match num_features. You can silence this warning by not passing in num_features, which is not used because affine=False
  warnings.warn(f"input's size at dim={feature_dim} does not match num_features. "

[progress] 50/999 cases  (130s elapsed, ~2470s remaining)
  regular/forward                 : 0.2600  (26.0%)  [13/50]
  flipped/reverse                 : 0.2200  (22.0%)  [11/50]
  either/or                       : 0.3200  (32.0%)  [16/50]
  alt/alternate                   : 0.3200  (32.0%)  [16/50]
  locB/Alternative Bellman        : 0.2800  (28.0%)  [14/50]
  hlB/Alternative Bellman Horizon : 0.3200  (32.0%)  [16/50]

[progress] 100/999 cases  (157s elapsed, ~1415s remaining)
  regular/forward                 : 0.2600  (26.0%)  [26/100]
  flipped/reverse                 : 0.2100  (21.0%)  [21/100]
  either/or                       : 0.3300  (33.0%)  [33/100]
  alt/alternate                   : 0.3000  (30.0%)  [30/100]
  locB/Alternative Bellman        : 0.2900  (29.0%)  [29/100]
  hlB/Alternative Bellman Horizon : 0.3000  (30.0%)  [30/100]

[progress] 150/999 cases  (185s elapsed, ~1045s remaining)
  regular/forward                 : 0.2600  (26.0%)  [39/150]
  flipped/reverse                 : 0.2200  (22.0%)  [33/150]
  either/or                       : 0.3333  (33.3%)  [50/150]
  alt/alternate                   : 0.3000  (30.0%)  [45/150]
  locB/Alternative Bellman        : 0.2867  (28.7%)  [43/150]
  hlB/Alternative Bellman Horizon : 0.3000  (30.0%)  [45/150]

[progress] 200/999 cases  (211s elapsed, ~844s remaining)
  regular/forward                 : 0.2450  (24.5%)  [49/200]
  flipped/reverse                 : 0.2300  (23.0%)  [46/200]
  either/or                       : 0.3300  (33.0%)  [66/200]
  alt/alternate                   : 0.2850  (28.5%)  [57/200]
  locB/Alternative Bellman        : 0.2700  (27.0%)  [54/200]
  hlB/Alternative Bellman Horizon : 0.2750  (27.5%)  [55/200]

[progress] 250/999 cases  (233s elapsed, ~699s remaining)
  regular/forward                 : 0.2200  (22.0%)  [55/250]
  flipped/reverse                 : 0.2080  (20.8%)  [52/250]
  either/or                       : 0.3040  (30.4%)  [76/250]
  alt/alternate                   : 0.2640  (26.4%)  [66/250]
  locB/Alternative Bellman        : 0.2400  (24.0%)  [60/250]
  hlB/Alternative Bellman Horizon : 0.2520  (25.2%)  [63/250]

[progress] 300/999 cases  (345s elapsed, ~803s remaining)
  regular/forward                 : 0.2300  (23.0%)  [69/300]
  flipped/reverse                 : 0.2067  (20.7%)  [62/300]
  either/or                       : 0.3167  (31.7%)  [95/300]
  alt/alternate                   : 0.2600  (26.0%)  [78/300]
  locB/Alternative Bellman        : 0.2367  (23.7%)  [71/300]
  hlB/Alternative Bellman Horizon : 0.2533  (25.3%)  [76/300]

[progress] 350/999 cases  (373s elapsed, ~692s remaining)
  regular/forward                 : 0.2257  (22.6%)  [79/350]
  flipped/reverse                 : 0.2171  (21.7%)  [76/350]
  either/or                       : 0.3257  (32.6%)  [114/350]
  alt/alternate                   : 0.2686  (26.9%)  [94/350]
  locB/Alternative Bellman        : 0.2400  (24.0%)  [84/350]
  hlB/Alternative Bellman Horizon : 0.2629  (26.3%)  [92/350]

[progress] 400/999 cases  (400s elapsed, ~599s remaining)
  regular/forward                 : 0.2325  (23.2%)  [93/400]
  flipped/reverse                 : 0.2200  (22.0%)  [88/400]
  either/or                       : 0.3275  (32.8%)  [131/400]
  alt/alternate                   : 0.2650  (26.5%)  [106/400]
  locB/Alternative Bellman        : 0.2400  (24.0%)  [96/400]
  hlB/Alternative Bellman Horizon : 0.2650  (26.5%)  [106/400]

[progress] 450/999 cases  (427s elapsed, ~521s remaining)
  regular/forward                 : 0.2422  (24.2%)  [109/450]
  flipped/reverse                 : 0.2244  (22.4%)  [101/450]
  either/or                       : 0.3378  (33.8%)  [152/450]
  alt/alternate                   : 0.2711  (27.1%)  [122/450]
  locB/Alternative Bellman        : 0.2378  (23.8%)  [107/450]
  hlB/Alternative Bellman Horizon : 0.2711  (27.1%)  [122/450]

[progress] 500/999 cases  (452s elapsed, ~452s remaining)
  regular/forward                 : 0.2460  (24.6%)  [123/500]
  flipped/reverse                 : 0.2220  (22.2%)  [111/500]
  either/or                       : 0.3380  (33.8%)  [169/500]
  alt/alternate                   : 0.2660  (26.6%)  [133/500]
  locB/Alternative Bellman        : 0.2400  (24.0%)  [120/500]
  hlB/Alternative Bellman Horizon : 0.2640  (26.4%)  [132/500]

[progress] 550/999 cases  (535s elapsed, ~437s remaining)
  regular/forward                 : 0.2436  (24.4%)  [134/550]
  flipped/reverse                 : 0.2236  (22.4%)  [123/550]
  either/or                       : 0.3364  (33.6%)  [185/550]
  alt/alternate                   : 0.2673  (26.7%)  [147/550]
  locB/Alternative Bellman        : 0.2345  (23.5%)  [129/550]
  hlB/Alternative Bellman Horizon : 0.2636  (26.4%)  [145/550]

[progress] 600/999 cases  (561s elapsed, ~373s remaining)
  regular/forward                 : 0.2367  (23.7%)  [142/600]
  flipped/reverse                 : 0.2267  (22.7%)  [136/600]
  either/or                       : 0.3367  (33.7%)  [202/600]
  alt/alternate                   : 0.2667  (26.7%)  [160/600]
  locB/Alternative Bellman        : 0.2400  (24.0%)  [144/600]
  hlB/Alternative Bellman Horizon : 0.2567  (25.7%)  [154/600]

[progress] 650/999 cases  (592s elapsed, ~318s remaining)
  regular/forward                 : 0.2415  (24.2%)  [157/650]
  flipped/reverse                 : 0.2292  (22.9%)  [149/650]
  either/or                       : 0.3369  (33.7%)  [219/650]
  alt/alternate                   : 0.2738  (27.4%)  [178/650]
  locB/Alternative Bellman        : 0.2462  (24.6%)  [160/650]
  hlB/Alternative Bellman Horizon : 0.2585  (25.8%)  [168/650]

[progress] 700/999 cases  (618s elapsed, ~264s remaining)
  regular/forward                 : 0.2429  (24.3%)  [170/700]
  flipped/reverse                 : 0.2329  (23.3%)  [163/700]
  either/or                       : 0.3386  (33.9%)  [237/700]
  alt/alternate                   : 0.2714  (27.1%)  [190/700]
  locB/Alternative Bellman        : 0.2529  (25.3%)  [177/700]
  hlB/Alternative Bellman Horizon : 0.2571  (25.7%)  [180/700]

[progress] 750/999 cases  (642s elapsed, ~213s remaining)
  regular/forward                 : 0.2387  (23.9%)  [179/750]
  flipped/reverse                 : 0.2293  (22.9%)  [172/750]
  either/or                       : 0.3333  (33.3%)  [250/750]
  alt/alternate                   : 0.2613  (26.1%)  [196/750]
  locB/Alternative Bellman        : 0.2493  (24.9%)  [187/750]
  hlB/Alternative Bellman Horizon : 0.2493  (24.9%)  [187/750]

[progress] 800/999 cases  (727s elapsed, ~181s remaining)
  regular/forward                 : 0.2512  (25.1%)  [201/800]
  flipped/reverse                 : 0.2425  (24.2%)  [194/800]
  either/or                       : 0.3450  (34.5%)  [276/800]
  alt/alternate                   : 0.2675  (26.8%)  [214/800]
  locB/Alternative Bellman        : 0.2612  (26.1%)  [209/800]
  hlB/Alternative Bellman Horizon : 0.2625  (26.2%)  [210/800]

[progress] 850/999 cases  (757s elapsed, ~133s remaining)
  regular/forward                 : 0.2541  (25.4%)  [216/850]
  flipped/reverse                 : 0.2482  (24.8%)  [211/850]
  either/or                       : 0.3494  (34.9%)  [297/850]
  alt/alternate                   : 0.2741  (27.4%)  [233/850]
  locB/Alternative Bellman        : 0.2682  (26.8%)  [228/850]
  hlB/Alternative Bellman Horizon : 0.2694  (26.9%)  [229/850]

[progress] 900/999 cases  (783s elapsed, ~86s remaining)
  regular/forward                 : 0.2533  (25.3%)  [228/900]
  flipped/reverse                 : 0.2489  (24.9%)  [224/900]
  either/or                       : 0.3489  (34.9%)  [314/900]
  alt/alternate                   : 0.2756  (27.6%)  [248/900]
  locB/Alternative Bellman        : 0.2678  (26.8%)  [241/900]
  hlB/Alternative Bellman Horizon : 0.2722  (27.2%)  [245/900]

[progress] 950/999 cases  (811s elapsed, ~42s remaining)
  regular/forward                 : 0.2547  (25.5%)  [242/950]
  flipped/reverse                 : 0.2547  (25.5%)  [242/950]
  either/or                       : 0.3516  (35.2%)  [334/950]
  alt/alternate                   : 0.2842  (28.4%)  [270/950]
  locB/Alternative Bellman        : 0.2716  (27.2%)  [258/950]
  hlB/Alternative Bellman Horizon : 0.2779  (27.8%)  [264/950]

=== success rate over 999 episodes ===
regular/forward                 : 0.2563  (25.6%)  [256/999]
flipped/reverse                 : 0.2613  (26.1%)  [261/999]
either/or                       : 0.3564  (35.6%)  [356/999]
alt/alternate                   : 0.2843  (28.4%)  [284/999]
locB/Alternative Bellman        : 0.2733  (27.3%)  [273/999]
hlB/Alternative Bellman Horizon : 0.2803  (28.0%)  [280/999]
