Delaunizing vertices...
Delaunay seconds:  0.000487
Creating surface mesh ...
Surface mesh seconds:  4.2e-05
Recovering boundaries...
Boundary recovery seconds:  0.000974
Removing exterior tetrahedra ...
Exterior tets removal seconds:  2e-05
Suppressing Steiner points ...
Steiner suppression seconds:  1e-06
Recovering Delaunayness...
Delaunay recovery seconds:  0.000193
Refining mesh...
  27 insertions, added 0 points, 0 tetrahedra in queue.
Refinement seconds:  0.000103
Smoothing vertices...
Mesh smoothing seconds:  0.00031
Improving mesh...
Mesh improvement seconds:  1.4e-05

Writing nodes.
Writing elements.
Writing faces.
Writing edges.

Output seconds:  8e-06
Total running seconds:  0.002351

Statistics:

  Input points: 20
  Input facets: 36
  Input segments: 54
  Input holes: 0
  Input regions: 0

  Mesh points: 21
  Mesh tetrahedra: 30
  Mesh faces: 78
  Mesh faces on exterior boundary: 36
  Mesh faces on input facets: 36
  Mesh edges on input segments: 54
  Steiner points inside domain: 1

[load_obj] 'datasets/3dshape/env4.obj': 7 objects/groups
  [0] 'wall (1)'  (88 triangles)
  [1] 'Body14'  (12 triangles)
  [2] 'Body15'  (12 triangles)
  [3] 'Body16'  (12 triangles)
  [4] 'Body17'  (12 triangles)
  [5] 'Body18'  (12 triangles)
  [6] 'Body19'  (12 triangles)
[load_obj] 'datasets/3dshape/4shape3d.obj': 1 objects/groups
  [0] 'Body4'  (36 triangles)
Tetrahedralized shape: 30 tets, 36 boundary triangles, 21 verts
Sampling 1000 (x0, x1) pairs [TESTING (independent collision-free pairs)]   margin=0.05  offset=0.02  ...
generated: 1 / 1000
generated: 4 / 1000
generated: 7 / 1000
generated: 9 / 1000
generated: 10 / 1000
generated: 12 / 1000
generated: 17 / 1000
generated: 21 / 1000
generated: 24 / 1000
generated: 26 / 1000
generated: 29 / 1000
generated: 30 / 1000
generated: 31 / 1000
generated: 34 / 1000
generated: 37 / 1000
generated: 40 / 1000
generated: 41 / 1000
generated: 42 / 1000
generated: 44 / 1000
generated: 47 / 1000
generated: 48 / 1000
generated: 49 / 1000
generated: 53 / 1000
generated: 56 / 1000
generated: 59 / 1000
generated: 64 / 1000
generated: 65 / 1000
generated: 67 / 1000
generated: 70 / 1000
generated: 72 / 1000
generated: 77 / 1000
generated: 80 / 1000
generated: 84 / 1000
generated: 85 / 1000
generated: 88 / 1000
generated: 91 / 1000
generated: 93 / 1000
generated: 95 / 1000
generated: 98 / 1000
generated: 101 / 1000
generated: 105 / 1000
generated: 106 / 1000
generated: 107 / 1000
generated: 108 / 1000
generated: 111 / 1000
generated: 112 / 1000
generated: 115 / 1000
generated: 117 / 1000
generated: 120 / 1000
generated: 121 / 1000
generated: 124 / 1000
generated: 126 / 1000
generated: 127 / 1000
generated: 129 / 1000
generated: 131 / 1000
generated: 132 / 1000
generated: 134 / 1000
generated: 137 / 1000
generated: 139 / 1000
generated: 141 / 1000
generated: 145 / 1000
generated: 146 / 1000
generated: 150 / 1000
generated: 152 / 1000
generated: 155 / 1000
generated: 157 / 1000
generated: 160 / 1000
generated: 161 / 1000
generated: 162 / 1000
generated: 166 / 1000
generated: 168 / 1000
generated: 170 / 1000
generated: 171 / 1000
generated: 173 / 1000
generated: 175 / 1000
generated: 178 / 1000
generated: 182 / 1000
generated: 185 / 1000
generated: 188 / 1000
generated: 190 / 1000
generated: 191 / 1000
generated: 193 / 1000
generated: 194 / 1000
generated: 197 / 1000
generated: 200 / 1000
generated: 203 / 1000
generated: 204 / 1000
generated: 206 / 1000
generated: 208 / 1000
generated: 209 / 1000
generated: 210 / 1000
generated: 214 / 1000
generated: 215 / 1000
generated: 218 / 1000
generated: 220 / 1000
generated: 222 / 1000
generated: 224 / 1000
generated: 225 / 1000
generated: 228 / 1000
generated: 232 / 1000
generated: 236 / 1000
generated: 237 / 1000
generated: 241 / 1000
generated: 242 / 1000
generated: 246 / 1000
generated: 251 / 1000
generated: 252 / 1000
generated: 255 / 1000
generated: 256 / 1000
generated: 257 / 1000
generated: 261 / 1000
generated: 265 / 1000
generated: 268 / 1000
generated: 270 / 1000
generated: 272 / 1000
generated: 274 / 1000
generated: 277 / 1000
generated: 281 / 1000
generated: 284 / 1000
generated: 285 / 1000
generated: 287 / 1000
generated: 288 / 1000
generated: 290 / 1000
generated: 291 / 1000
generated: 292 / 1000
generated: 295 / 1000
generated: 298 / 1000
generated: 301 / 1000
generated: 303 / 1000
generated: 304 / 1000
generated: 305 / 1000
generated: 308 / 1000
generated: 309 / 1000
generated: 312 / 1000
generated: 313 / 1000
generated: 317 / 1000
generated: 320 / 1000
generated: 321 / 1000
generated: 322 / 1000
generated: 323 / 1000
generated: 325 / 1000
generated: 327 / 1000
generated: 328 / 1000
generated: 330 / 1000
generated: 331 / 1000
generated: 333 / 1000
generated: 338 / 1000
generated: 339 / 1000
generated: 340 / 1000
generated: 342 / 1000
generated: 343 / 1000
generated: 345 / 1000
generated: 346 / 1000
generated: 347 / 1000
generated: 351 / 1000
generated: 353 / 1000
generated: 354 / 1000
generated: 355 / 1000
generated: 356 / 1000
generated: 360 / 1000
generated: 362 / 1000
generated: 363 / 1000
generated: 369 / 1000
generated: 371 / 1000
generated: 375 / 1000
generated: 377 / 1000
generated: 380 / 1000
generated: 384 / 1000
generated: 385 / 1000
generated: 389 / 1000
generated: 391 / 1000
generated: 393 / 1000
generated: 396 / 1000
generated: 398 / 1000
generated: 402 / 1000
generated: 403 / 1000
generated: 404 / 1000
generated: 407 / 1000
generated: 408 / 1000
generated: 410 / 1000
generated: 411 / 1000
generated: 412 / 1000
generated: 414 / 1000
generated: 416 / 1000
generated: 420 / 1000
generated: 423 / 1000
generated: 425 / 1000
generated: 427 / 1000
generated: 429 / 1000
generated: 431 / 1000
generated: 432 / 1000
generated: 433 / 1000
generated: 436 / 1000
generated: 437 / 1000
generated: 439 / 1000
generated: 440 / 1000
generated: 441 / 1000
generated: 442 / 1000
generated: 445 / 1000
generated: 446 / 1000
generated: 450 / 1000
generated: 452 / 1000
generated: 453 / 1000
generated: 457 / 1000
generated: 462 / 1000
generated: 464 / 1000
generated: 472 / 1000
generated: 474 / 1000
generated: 475 / 1000
generated: 476 / 1000
generated: 478 / 1000
generated: 479 / 1000
generated: 480 / 1000
generated: 483 / 1000
generated: 487 / 1000
generated: 489 / 1000
generated: 491 / 1000
generated: 492 / 1000
generated: 494 / 1000
generated: 496 / 1000
generated: 497 / 1000
generated: 498 / 1000
generated: 499 / 1000
generated: 500 / 1000
generated: 501 / 1000
generated: 502 / 1000
generated: 504 / 1000
generated: 509 / 1000
generated: 511 / 1000
generated: 512 / 1000
generated: 513 / 1000
generated: 514 / 1000
generated: 518 / 1000
generated: 520 / 1000
generated: 523 / 1000
generated: 526 / 1000
generated: 527 / 1000
generated: 528 / 1000
generated: 531 / 1000
generated: 532 / 1000
generated: 536 / 1000
generated: 539 / 1000
generated: 543 / 1000
generated: 545 / 1000
generated: 549 / 1000
generated: 551 / 1000
generated: 554 / 1000
generated: 556 / 1000
generated: 557 / 1000
generated: 560 / 1000
generated: 562 / 1000
generated: 568 / 1000
generated: 572 / 1000
generated: 573 / 1000
generated: 574 / 1000
generated: 575 / 1000
generated: 579 / 1000
generated: 580 / 1000
generated: 583 / 1000
generated: 586 / 1000
generated: 587 / 1000
generated: 588 / 1000
generated: 590 / 1000
generated: 592 / 1000
generated: 593 / 1000
generated: 596 / 1000
generated: 599 / 1000
generated: 601 / 1000
generated: 602 / 1000
generated: 606 / 1000
generated: 611 / 1000
generated: 614 / 1000
generated: 615 / 1000
generated: 619 / 1000
generated: 622 / 1000
generated: 624 / 1000
generated: 625 / 1000
generated: 626 / 1000
generated: 632 / 1000
generated: 634 / 1000
generated: 636 / 1000
generated: 637 / 1000
generated: 638 / 1000
generated: 640 / 1000
generated: 641 / 1000
generated: 642 / 1000
generated: 643 / 1000
generated: 646 / 1000
generated: 652 / 1000
generated: 653 / 1000
generated: 656 / 1000
generated: 657 / 1000
generated: 658 / 1000
generated: 660 / 1000
generated: 664 / 1000
generated: 667 / 1000
generated: 670 / 1000
generated: 671 / 1000
generated: 673 / 1000
generated: 675 / 1000
generated: 678 / 1000
generated: 680 / 1000
generated: 682 / 1000
generated: 685 / 1000
generated: 686 / 1000
generated: 688 / 1000
generated: 689 / 1000
generated: 691 / 1000
generated: 697 / 1000
generated: 701 / 1000
generated: 704 / 1000
generated: 707 / 1000
generated: 710 / 1000
generated: 712 / 1000
generated: 713 / 1000
generated: 715 / 1000
generated: 717 / 1000
generated: 722 / 1000
generated: 723 / 1000
generated: 726 / 1000
generated: 727 / 1000
generated: 729 / 1000
generated: 731 / 1000
generated: 734 / 1000
generated: 735 / 1000
generated: 738 / 1000
generated: 740 / 1000
generated: 741 / 1000
generated: 744 / 1000
generated: 748 / 1000
generated: 750 / 1000
generated: 753 / 1000
generated: 756 / 1000
generated: 760 / 1000
generated: 763 / 1000
generated: 764 / 1000
generated: 765 / 1000
generated: 766 / 1000
generated: 769 / 1000
generated: 773 / 1000
generated: 777 / 1000
generated: 780 / 1000
generated: 781 / 1000
generated: 782 / 1000
generated: 783 / 1000
generated: 784 / 1000
generated: 788 / 1000
generated: 790 / 1000
generated: 792 / 1000
generated: 794 / 1000
generated: 795 / 1000
generated: 796 / 1000
generated: 797 / 1000
generated: 798 / 1000
generated: 800 / 1000
generated: 802 / 1000
generated: 804 / 1000
generated: 807 / 1000
generated: 809 / 1000
generated: 811 / 1000
generated: 812 / 1000
generated: 813 / 1000
generated: 816 / 1000
generated: 818 / 1000
generated: 820 / 1000
generated: 821 / 1000
generated: 822 / 1000
generated: 824 / 1000
generated: 826 / 1000
generated: 828 / 1000
generated: 830 / 1000
generated: 832 / 1000
generated: 834 / 1000
generated: 836 / 1000
generated: 838 / 1000
generated: 840 / 1000
generated: 842 / 1000
generated: 845 / 1000
generated: 847 / 1000
generated: 850 / 1000
generated: 851 / 1000
generated: 853 / 1000
generated: 854 / 1000
generated: 858 / 1000
generated: 859 / 1000
generated: 861 / 1000
generated: 863 / 1000
generated: 864 / 1000
generated: 866 / 1000
generated: 869 / 1000
generated: 870 / 1000
generated: 871 / 1000
generated: 873 / 1000
generated: 877 / 1000
generated: 878 / 1000
generated: 880 / 1000
generated: 882 / 1000
generated: 883 / 1000
generated: 884 / 1000
generated: 885 / 1000
generated: 886 / 1000
generated: 889 / 1000
generated: 891 / 1000
generated: 892 / 1000
generated: 894 / 1000
generated: 898 / 1000
generated: 901 / 1000
generated: 902 / 1000
generated: 903 / 1000
generated: 906 / 1000
generated: 909 / 1000
generated: 911 / 1000
generated: 913 / 1000
generated: 914 / 1000
generated: 917 / 1000
generated: 919 / 1000
generated: 923 / 1000
generated: 925 / 1000
generated: 930 / 1000
generated: 931 / 1000
generated: 933 / 1000
generated: 937 / 1000
generated: 940 / 1000
generated: 942 / 1000
generated: 944 / 1000
generated: 946 / 1000
generated: 947 / 1000
generated: 948 / 1000
generated: 952 / 1000
generated: 956 / 1000
generated: 958 / 1000
generated: 961 / 1000
generated: 963 / 1000
generated: 966 / 1000
generated: 967 / 1000
generated: 970 / 1000
generated: 972 / 1000
generated: 975 / 1000
generated: 978 / 1000
generated: 980 / 1000
generated: 982 / 1000
generated: 985 / 1000
generated: 986 / 1000
generated: 989 / 1000
generated: 993 / 1000
generated: 998 / 1000
generated: 1000 / 1000
Sampling done in 29.2s
x0 pos    : x=[-0.378,0.365]  y=[-0.263,0.253]  z=[-0.432,0.425]
speed x0  : [0.222, 1.000]   (band [0.400, 1.0])
speed x1  : [0.222, 1.000]
Wrote 1000 training pairs to testing_data/3dshape/4shape3d_env4
  sampled_points.npy (1000, 12)
  speed.npy          (1000, 2)
  normal.npy         (1000, 12)
  trans_n.npy        (1000, 12)
  rot_n.npy          (1000, 12)
  env.npy            (10000, 3)
