Delaunizing vertices...
Delaunay seconds:  0.003521
Creating surface mesh ...
Surface mesh seconds:  4.2e-05
Recovering boundaries...
Boundary recovery seconds:  0.133482
Removing exterior tetrahedra ...
Exterior tets removal seconds:  2.1e-05
Suppressing Steiner points ...
Steiner suppression seconds:  1e-06
Recovering Delaunayness...
Delaunay recovery seconds:  0.000165
Refining mesh...
  27 insertions, added 0 points, 0 tetrahedra in queue.
Refinement seconds:  0.000767
Smoothing vertices...
Mesh smoothing seconds:  0.001261
Improving mesh...
Mesh improvement seconds:  1.2e-05

Writing nodes.
Writing elements.
Writing faces.
Writing edges.

Output seconds:  8e-06
Total running seconds:  0.13948

Statistics:

  Input points: 20
  Input facets: 36
  Input segments: 54
  Input holes: 0
  Input regions: 0

  Mesh points: 21
  Mesh tetrahedra: 30
  Mesh faces: 78
  Mesh faces on exterior boundary: 36
  Mesh faces on input facets: 36
  Mesh edges on input segments: 54
  Steiner points inside domain: 1

[load_obj] 'datasets/3dshape/env1.obj': 5 objects/groups
  [0] 'Body2'  (12 triangles)
  [1] 'Body3'  (12 triangles)
  [2] 'Body4'  (12 triangles)
  [3] 'Body5'  (12 triangles)
  [4] 'wall (2)'  (12 triangles)
[load_obj] 'datasets/3dshape/4shape3d.obj': 1 objects/groups
  [0] 'Body4'  (36 triangles)
Tetrahedralized shape: 30 tets, 36 boundary triangles, 21 verts
Sampling 1000 (x0, x1) pairs [TESTING (independent collision-free pairs)]   margin=0.05  offset=0.02  ...
generated: 1 / 1000
generated: 4 / 1000
generated: 6 / 1000
generated: 9 / 1000
generated: 11 / 1000
generated: 13 / 1000
generated: 15 / 1000
generated: 16 / 1000
generated: 20 / 1000
generated: 21 / 1000
generated: 26 / 1000
generated: 29 / 1000
generated: 31 / 1000
generated: 33 / 1000
generated: 35 / 1000
generated: 36 / 1000
generated: 37 / 1000
generated: 41 / 1000
generated: 44 / 1000
generated: 46 / 1000
generated: 51 / 1000
generated: 52 / 1000
generated: 55 / 1000
generated: 58 / 1000
generated: 61 / 1000
generated: 62 / 1000
generated: 65 / 1000
generated: 66 / 1000
generated: 67 / 1000
generated: 71 / 1000
generated: 74 / 1000
generated: 76 / 1000
generated: 82 / 1000
generated: 84 / 1000
generated: 87 / 1000
generated: 90 / 1000
generated: 94 / 1000
generated: 97 / 1000
generated: 98 / 1000
generated: 101 / 1000
generated: 104 / 1000
generated: 106 / 1000
generated: 108 / 1000
generated: 111 / 1000
generated: 113 / 1000
generated: 116 / 1000
generated: 117 / 1000
generated: 121 / 1000
generated: 122 / 1000
generated: 125 / 1000
generated: 130 / 1000
generated: 132 / 1000
generated: 134 / 1000
generated: 136 / 1000
generated: 137 / 1000
generated: 141 / 1000
generated: 144 / 1000
generated: 149 / 1000
generated: 152 / 1000
generated: 154 / 1000
generated: 157 / 1000
generated: 161 / 1000
generated: 166 / 1000
generated: 168 / 1000
generated: 170 / 1000
generated: 174 / 1000
generated: 177 / 1000
generated: 178 / 1000
generated: 180 / 1000
generated: 185 / 1000
generated: 187 / 1000
generated: 189 / 1000
generated: 192 / 1000
generated: 198 / 1000
generated: 200 / 1000
generated: 202 / 1000
generated: 204 / 1000
generated: 209 / 1000
generated: 211 / 1000
generated: 213 / 1000
generated: 215 / 1000
generated: 219 / 1000
generated: 222 / 1000
generated: 226 / 1000
generated: 229 / 1000
generated: 233 / 1000
generated: 235 / 1000
generated: 236 / 1000
generated: 239 / 1000
generated: 245 / 1000
generated: 249 / 1000
generated: 252 / 1000
generated: 253 / 1000
generated: 254 / 1000
generated: 256 / 1000
generated: 258 / 1000
generated: 263 / 1000
generated: 264 / 1000
generated: 267 / 1000
generated: 268 / 1000
generated: 270 / 1000
generated: 272 / 1000
generated: 274 / 1000
generated: 280 / 1000
generated: 282 / 1000
generated: 284 / 1000
generated: 285 / 1000
generated: 291 / 1000
generated: 292 / 1000
generated: 295 / 1000
generated: 298 / 1000
generated: 302 / 1000
generated: 305 / 1000
generated: 306 / 1000
generated: 310 / 1000
generated: 311 / 1000
generated: 313 / 1000
generated: 314 / 1000
generated: 315 / 1000
generated: 320 / 1000
generated: 322 / 1000
generated: 326 / 1000
generated: 328 / 1000
generated: 330 / 1000
generated: 333 / 1000
generated: 339 / 1000
generated: 342 / 1000
generated: 344 / 1000
generated: 346 / 1000
generated: 350 / 1000
generated: 354 / 1000
generated: 355 / 1000
generated: 358 / 1000
generated: 359 / 1000
generated: 360 / 1000
generated: 363 / 1000
generated: 364 / 1000
generated: 366 / 1000
generated: 371 / 1000
generated: 373 / 1000
generated: 376 / 1000
generated: 383 / 1000
generated: 385 / 1000
generated: 389 / 1000
generated: 390 / 1000
generated: 393 / 1000
generated: 397 / 1000
generated: 400 / 1000
generated: 402 / 1000
generated: 406 / 1000
generated: 407 / 1000
generated: 408 / 1000
generated: 410 / 1000
generated: 411 / 1000
generated: 414 / 1000
generated: 417 / 1000
generated: 422 / 1000
generated: 425 / 1000
generated: 427 / 1000
generated: 428 / 1000
generated: 432 / 1000
generated: 434 / 1000
generated: 437 / 1000
generated: 440 / 1000
generated: 443 / 1000
generated: 446 / 1000
generated: 447 / 1000
generated: 450 / 1000
generated: 452 / 1000
generated: 455 / 1000
generated: 456 / 1000
generated: 459 / 1000
generated: 462 / 1000
generated: 465 / 1000
generated: 468 / 1000
generated: 472 / 1000
generated: 476 / 1000
generated: 483 / 1000
generated: 486 / 1000
generated: 488 / 1000
generated: 489 / 1000
generated: 492 / 1000
generated: 494 / 1000
generated: 496 / 1000
generated: 498 / 1000
generated: 499 / 1000
generated: 503 / 1000
generated: 506 / 1000
generated: 509 / 1000
generated: 510 / 1000
generated: 514 / 1000
generated: 515 / 1000
generated: 519 / 1000
generated: 522 / 1000
generated: 523 / 1000
generated: 524 / 1000
generated: 528 / 1000
generated: 531 / 1000
generated: 532 / 1000
generated: 536 / 1000
generated: 538 / 1000
generated: 542 / 1000
generated: 547 / 1000
generated: 550 / 1000
generated: 553 / 1000
generated: 554 / 1000
generated: 557 / 1000
generated: 559 / 1000
generated: 561 / 1000
generated: 565 / 1000
generated: 567 / 1000
generated: 571 / 1000
generated: 574 / 1000
generated: 576 / 1000
generated: 577 / 1000
generated: 582 / 1000
generated: 584 / 1000
generated: 586 / 1000
generated: 589 / 1000
generated: 590 / 1000
generated: 594 / 1000
generated: 596 / 1000
generated: 597 / 1000
generated: 599 / 1000
generated: 602 / 1000
generated: 605 / 1000
generated: 608 / 1000
generated: 611 / 1000
generated: 613 / 1000
generated: 615 / 1000
generated: 618 / 1000
generated: 622 / 1000
generated: 623 / 1000
generated: 625 / 1000
generated: 627 / 1000
generated: 628 / 1000
generated: 630 / 1000
generated: 631 / 1000
generated: 632 / 1000
generated: 633 / 1000
generated: 636 / 1000
generated: 639 / 1000
generated: 643 / 1000
generated: 645 / 1000
generated: 646 / 1000
generated: 651 / 1000
generated: 653 / 1000
generated: 654 / 1000
generated: 656 / 1000
generated: 658 / 1000
generated: 661 / 1000
generated: 663 / 1000
generated: 668 / 1000
generated: 673 / 1000
generated: 677 / 1000
generated: 680 / 1000
generated: 685 / 1000
generated: 688 / 1000
generated: 691 / 1000
generated: 693 / 1000
generated: 694 / 1000
generated: 695 / 1000
generated: 699 / 1000
generated: 701 / 1000
generated: 704 / 1000
generated: 705 / 1000
generated: 709 / 1000
generated: 711 / 1000
generated: 713 / 1000
generated: 716 / 1000
generated: 720 / 1000
generated: 721 / 1000
generated: 724 / 1000
generated: 728 / 1000
generated: 730 / 1000
generated: 736 / 1000
generated: 740 / 1000
generated: 743 / 1000
generated: 746 / 1000
generated: 748 / 1000
generated: 750 / 1000
generated: 751 / 1000
generated: 757 / 1000
generated: 762 / 1000
generated: 766 / 1000
generated: 772 / 1000
generated: 777 / 1000
generated: 779 / 1000
generated: 780 / 1000
generated: 782 / 1000
generated: 783 / 1000
generated: 785 / 1000
generated: 788 / 1000
generated: 791 / 1000
generated: 793 / 1000
generated: 796 / 1000
generated: 797 / 1000
generated: 802 / 1000
generated: 804 / 1000
generated: 805 / 1000
generated: 806 / 1000
generated: 808 / 1000
generated: 811 / 1000
generated: 815 / 1000
generated: 816 / 1000
generated: 820 / 1000
generated: 824 / 1000
generated: 827 / 1000
generated: 829 / 1000
generated: 830 / 1000
generated: 832 / 1000
generated: 836 / 1000
generated: 838 / 1000
generated: 840 / 1000
generated: 842 / 1000
generated: 844 / 1000
generated: 847 / 1000
generated: 848 / 1000
generated: 850 / 1000
generated: 851 / 1000
generated: 852 / 1000
generated: 853 / 1000
generated: 856 / 1000
generated: 861 / 1000
generated: 864 / 1000
generated: 867 / 1000
generated: 870 / 1000
generated: 872 / 1000
generated: 877 / 1000
generated: 879 / 1000
generated: 883 / 1000
generated: 886 / 1000
generated: 891 / 1000
generated: 893 / 1000
generated: 896 / 1000
generated: 897 / 1000
generated: 898 / 1000
generated: 901 / 1000
generated: 905 / 1000
generated: 907 / 1000
generated: 910 / 1000
generated: 914 / 1000
generated: 916 / 1000
generated: 919 / 1000
generated: 921 / 1000
generated: 923 / 1000
generated: 925 / 1000
generated: 928 / 1000
generated: 931 / 1000
generated: 935 / 1000
generated: 938 / 1000
generated: 939 / 1000
generated: 943 / 1000
generated: 948 / 1000
generated: 949 / 1000
generated: 950 / 1000
generated: 953 / 1000
generated: 955 / 1000
generated: 957 / 1000
generated: 958 / 1000
generated: 959 / 1000
generated: 960 / 1000
generated: 961 / 1000
generated: 964 / 1000
generated: 966 / 1000
generated: 967 / 1000
generated: 968 / 1000
generated: 970 / 1000
generated: 972 / 1000
generated: 974 / 1000
generated: 975 / 1000
generated: 976 / 1000
generated: 980 / 1000
generated: 984 / 1000
generated: 986 / 1000
generated: 989 / 1000
generated: 991 / 1000
generated: 996 / 1000
generated: 998 / 1000
generated: 1000 / 1000
Sampling done in 21.3s
x0 pos    : x=[-0.408,0.419]  y=[-0.283,0.283]  z=[-0.442,0.440]
speed x0  : [0.222, 1.000]   (band [0.400, 1.0])
speed x1  : [0.220, 0.974]
Wrote 1000 training pairs to testing_data/3dshape/4shape3d_env1
  sampled_points.npy (1000, 12)
  speed.npy          (1000, 2)
  normal.npy         (1000, 12)
  trans_n.npy        (1000, 12)
  rot_n.npy          (1000, 12)
  env.npy            (10000, 3)
