Delaunizing vertices...
Delaunay seconds:  0.000486
Creating surface mesh ...
Surface mesh seconds:  4e-05
Recovering boundaries...
Boundary recovery seconds:  0.000991
Removing exterior tetrahedra ...
Exterior tets removal seconds:  1.9e-05
Suppressing Steiner points ...
Steiner suppression seconds:  2e-06
Recovering Delaunayness...
Delaunay recovery seconds:  0.000193
Refining mesh...
  27 insertions, added 0 points, 0 tetrahedra in queue.
Refinement seconds:  0.000109
Smoothing vertices...
Mesh smoothing seconds:  0.000309
Improving mesh...
Mesh improvement seconds:  1.3e-05

Writing nodes.
Writing elements.
Writing faces.
Writing edges.

Output seconds:  1e-05
Total running seconds:  0.003796

Statistics:

  Input points: 20
  Input facets: 36
  Input segments: 54
  Input holes: 0
  Input regions: 0

  Mesh points: 21
  Mesh tetrahedra: 30
  Mesh faces: 78
  Mesh faces on exterior boundary: 36
  Mesh faces on input facets: 36
  Mesh edges on input segments: 54
  Steiner points inside domain: 1

[load_obj] 'datasets/3dshape/env2.obj': 9 objects/groups
  [0] 'Body1'  (12 triangles)
  [1] 'Body2'  (12 triangles)
  [2] 'wall (1)'  (88 triangles)
  [3] 'Body4'  (12 triangles)
  [4] 'Body5'  (12 triangles)
  [5] 'Body6'  (12 triangles)
  [6] 'Body7'  (12 triangles)
  [7] 'Body8'  (12 triangles)
  [8] 'Body9'  (12 triangles)
[load_obj] 'datasets/3dshape/4shape3d.obj': 1 objects/groups
  [0] 'Body4'  (36 triangles)
Tetrahedralized shape: 30 tets, 36 boundary triangles, 21 verts
Sampling 1000 (x0, x1) pairs [TESTING (independent collision-free pairs)]   margin=0.05  offset=0.02  ...
generated: 3 / 1000
generated: 7 / 1000
generated: 11 / 1000
generated: 13 / 1000
generated: 15 / 1000
generated: 19 / 1000
generated: 21 / 1000
generated: 27 / 1000
generated: 29 / 1000
generated: 30 / 1000
generated: 33 / 1000
generated: 34 / 1000
generated: 38 / 1000
generated: 40 / 1000
generated: 44 / 1000
generated: 47 / 1000
generated: 49 / 1000
generated: 54 / 1000
generated: 55 / 1000
generated: 60 / 1000
generated: 62 / 1000
generated: 63 / 1000
generated: 69 / 1000
generated: 70 / 1000
generated: 74 / 1000
generated: 76 / 1000
generated: 79 / 1000
generated: 80 / 1000
generated: 81 / 1000
generated: 83 / 1000
generated: 86 / 1000
generated: 91 / 1000
generated: 92 / 1000
generated: 96 / 1000
generated: 97 / 1000
generated: 98 / 1000
generated: 103 / 1000
generated: 105 / 1000
generated: 108 / 1000
generated: 110 / 1000
generated: 114 / 1000
generated: 115 / 1000
generated: 116 / 1000
generated: 120 / 1000
generated: 122 / 1000
generated: 127 / 1000
generated: 128 / 1000
generated: 130 / 1000
generated: 131 / 1000
generated: 132 / 1000
generated: 133 / 1000
generated: 135 / 1000
generated: 141 / 1000
generated: 146 / 1000
generated: 148 / 1000
generated: 150 / 1000
generated: 155 / 1000
generated: 157 / 1000
generated: 158 / 1000
generated: 159 / 1000
generated: 163 / 1000
generated: 166 / 1000
generated: 170 / 1000
generated: 172 / 1000
generated: 175 / 1000
generated: 180 / 1000
generated: 182 / 1000
generated: 183 / 1000
generated: 184 / 1000
generated: 187 / 1000
generated: 191 / 1000
generated: 194 / 1000
generated: 196 / 1000
generated: 198 / 1000
generated: 200 / 1000
generated: 201 / 1000
generated: 206 / 1000
generated: 207 / 1000
generated: 211 / 1000
generated: 214 / 1000
generated: 216 / 1000
generated: 218 / 1000
generated: 224 / 1000
generated: 225 / 1000
generated: 230 / 1000
generated: 232 / 1000
generated: 234 / 1000
generated: 235 / 1000
generated: 237 / 1000
generated: 239 / 1000
generated: 241 / 1000
generated: 242 / 1000
generated: 244 / 1000
generated: 246 / 1000
generated: 249 / 1000
generated: 251 / 1000
generated: 253 / 1000
generated: 256 / 1000
generated: 260 / 1000
generated: 263 / 1000
generated: 267 / 1000
generated: 268 / 1000
generated: 272 / 1000
generated: 273 / 1000
generated: 274 / 1000
generated: 277 / 1000
generated: 279 / 1000
generated: 284 / 1000
generated: 286 / 1000
generated: 290 / 1000
generated: 291 / 1000
generated: 294 / 1000
generated: 295 / 1000
generated: 296 / 1000
generated: 298 / 1000
generated: 301 / 1000
generated: 303 / 1000
generated: 305 / 1000
generated: 306 / 1000
generated: 308 / 1000
generated: 309 / 1000
generated: 310 / 1000
generated: 312 / 1000
generated: 315 / 1000
generated: 317 / 1000
generated: 321 / 1000
generated: 325 / 1000
generated: 328 / 1000
generated: 329 / 1000
generated: 332 / 1000
generated: 334 / 1000
generated: 335 / 1000
generated: 339 / 1000
generated: 341 / 1000
generated: 343 / 1000
generated: 344 / 1000
generated: 345 / 1000
generated: 353 / 1000
generated: 358 / 1000
generated: 361 / 1000
generated: 365 / 1000
generated: 366 / 1000
generated: 367 / 1000
generated: 371 / 1000
generated: 372 / 1000
generated: 375 / 1000
generated: 377 / 1000
generated: 384 / 1000
generated: 388 / 1000
generated: 389 / 1000
generated: 390 / 1000
generated: 393 / 1000
generated: 394 / 1000
generated: 397 / 1000
generated: 398 / 1000
generated: 401 / 1000
generated: 404 / 1000
generated: 407 / 1000
generated: 408 / 1000
generated: 411 / 1000
generated: 414 / 1000
generated: 415 / 1000
generated: 417 / 1000
generated: 420 / 1000
generated: 423 / 1000
generated: 424 / 1000
generated: 427 / 1000
generated: 429 / 1000
generated: 430 / 1000
generated: 432 / 1000
generated: 435 / 1000
generated: 438 / 1000
generated: 441 / 1000
generated: 445 / 1000
generated: 447 / 1000
generated: 449 / 1000
generated: 451 / 1000
generated: 452 / 1000
generated: 456 / 1000
generated: 460 / 1000
generated: 462 / 1000
generated: 465 / 1000
generated: 468 / 1000
generated: 470 / 1000
generated: 473 / 1000
generated: 476 / 1000
generated: 481 / 1000
generated: 484 / 1000
generated: 486 / 1000
generated: 487 / 1000
generated: 489 / 1000
generated: 493 / 1000
generated: 495 / 1000
generated: 497 / 1000
generated: 498 / 1000
generated: 501 / 1000
generated: 504 / 1000
generated: 507 / 1000
generated: 508 / 1000
generated: 512 / 1000
generated: 515 / 1000
generated: 518 / 1000
generated: 519 / 1000
generated: 523 / 1000
generated: 525 / 1000
generated: 526 / 1000
generated: 530 / 1000
generated: 532 / 1000
generated: 535 / 1000
generated: 536 / 1000
generated: 538 / 1000
generated: 540 / 1000
generated: 543 / 1000
generated: 545 / 1000
generated: 547 / 1000
generated: 551 / 1000
generated: 553 / 1000
generated: 557 / 1000
generated: 560 / 1000
generated: 564 / 1000
generated: 569 / 1000
generated: 570 / 1000
generated: 572 / 1000
generated: 574 / 1000
generated: 577 / 1000
generated: 580 / 1000
generated: 585 / 1000
generated: 588 / 1000
generated: 591 / 1000
generated: 593 / 1000
generated: 595 / 1000
generated: 597 / 1000
generated: 601 / 1000
generated: 602 / 1000
generated: 605 / 1000
generated: 607 / 1000
generated: 608 / 1000
generated: 613 / 1000
generated: 617 / 1000
generated: 620 / 1000
generated: 625 / 1000
generated: 628 / 1000
generated: 630 / 1000
generated: 632 / 1000
generated: 633 / 1000
generated: 635 / 1000
generated: 637 / 1000
generated: 640 / 1000
generated: 641 / 1000
generated: 642 / 1000
generated: 644 / 1000
generated: 649 / 1000
generated: 651 / 1000
generated: 654 / 1000
generated: 656 / 1000
generated: 657 / 1000
generated: 659 / 1000
generated: 662 / 1000
generated: 666 / 1000
generated: 668 / 1000
generated: 671 / 1000
generated: 673 / 1000
generated: 675 / 1000
generated: 679 / 1000
generated: 684 / 1000
generated: 688 / 1000
generated: 692 / 1000
generated: 694 / 1000
generated: 695 / 1000
generated: 697 / 1000
generated: 699 / 1000
generated: 700 / 1000
generated: 702 / 1000
generated: 708 / 1000
generated: 712 / 1000
generated: 716 / 1000
generated: 717 / 1000
generated: 721 / 1000
generated: 724 / 1000
generated: 725 / 1000
generated: 728 / 1000
generated: 732 / 1000
generated: 736 / 1000
generated: 738 / 1000
generated: 741 / 1000
generated: 742 / 1000
generated: 744 / 1000
generated: 745 / 1000
generated: 746 / 1000
generated: 748 / 1000
generated: 749 / 1000
generated: 752 / 1000
generated: 756 / 1000
generated: 760 / 1000
generated: 763 / 1000
generated: 765 / 1000
generated: 769 / 1000
generated: 772 / 1000
generated: 776 / 1000
generated: 777 / 1000
generated: 778 / 1000
generated: 782 / 1000
generated: 785 / 1000
generated: 787 / 1000
generated: 789 / 1000
generated: 790 / 1000
generated: 792 / 1000
generated: 795 / 1000
generated: 798 / 1000
generated: 799 / 1000
generated: 800 / 1000
generated: 805 / 1000
generated: 808 / 1000
generated: 809 / 1000
generated: 813 / 1000
generated: 817 / 1000
generated: 818 / 1000
generated: 821 / 1000
generated: 824 / 1000
generated: 826 / 1000
generated: 828 / 1000
generated: 830 / 1000
generated: 833 / 1000
generated: 837 / 1000
generated: 839 / 1000
generated: 841 / 1000
generated: 844 / 1000
generated: 846 / 1000
generated: 848 / 1000
generated: 852 / 1000
generated: 854 / 1000
generated: 856 / 1000
generated: 862 / 1000
generated: 864 / 1000
generated: 866 / 1000
generated: 867 / 1000
generated: 869 / 1000
generated: 873 / 1000
generated: 876 / 1000
generated: 878 / 1000
generated: 879 / 1000
generated: 883 / 1000
generated: 885 / 1000
generated: 886 / 1000
generated: 887 / 1000
generated: 892 / 1000
generated: 894 / 1000
generated: 898 / 1000
generated: 900 / 1000
generated: 904 / 1000
generated: 906 / 1000
generated: 909 / 1000
generated: 912 / 1000
generated: 913 / 1000
generated: 914 / 1000
generated: 915 / 1000
generated: 917 / 1000
generated: 918 / 1000
generated: 923 / 1000
generated: 924 / 1000
generated: 927 / 1000
generated: 930 / 1000
generated: 935 / 1000
generated: 937 / 1000
generated: 939 / 1000
generated: 943 / 1000
generated: 944 / 1000
generated: 947 / 1000
generated: 948 / 1000
generated: 950 / 1000
generated: 954 / 1000
generated: 957 / 1000
generated: 959 / 1000
generated: 960 / 1000
generated: 963 / 1000
generated: 965 / 1000
generated: 966 / 1000
generated: 967 / 1000
generated: 970 / 1000
generated: 971 / 1000
generated: 972 / 1000
generated: 974 / 1000
generated: 976 / 1000
generated: 977 / 1000
generated: 979 / 1000
generated: 983 / 1000
generated: 986 / 1000
generated: 988 / 1000
generated: 990 / 1000
generated: 994 / 1000
generated: 998 / 1000
generated: 999 / 1000
generated: 1000 / 1000
Sampling done in 22.1s
x0 pos    : x=[-0.388,0.374]  y=[-0.260,0.262]  z=[-0.425,0.436]
speed x0  : [0.226, 1.000]   (band [0.400, 1.0])
speed x1  : [0.225, 1.000]
Wrote 1000 training pairs to testing_data/3dshape/4shape3d_env2
  sampled_points.npy (1000, 12)
  speed.npy          (1000, 2)
  normal.npy         (1000, 12)
  trans_n.npy        (1000, 12)
  rot_n.npy          (1000, 12)
  env.npy            (10000, 3)
