Delaunizing vertices...
Delaunay seconds:  0.000485
Creating surface mesh ...
Surface mesh seconds:  4.2e-05
Recovering boundaries...
Boundary recovery seconds:  0.000982
Removing exterior tetrahedra ...
Exterior tets removal seconds:  2.3e-05
Suppressing Steiner points ...
Steiner suppression seconds:  2e-06
Recovering Delaunayness...
Delaunay recovery seconds:  0.000194
Refining mesh...
  27 insertions, added 0 points, 0 tetrahedra in queue.
Refinement seconds:  0.000104
Smoothing vertices...
Mesh smoothing seconds:  0.000311
Improving mesh...
Mesh improvement seconds:  1.4e-05

Writing nodes.
Writing elements.
Writing faces.
Writing edges.

Output seconds:  7e-06
Total running seconds:  0.002372

Statistics:

  Input points: 20
  Input facets: 36
  Input segments: 54
  Input holes: 0
  Input regions: 0

  Mesh points: 21
  Mesh tetrahedra: 30
  Mesh faces: 78
  Mesh faces on exterior boundary: 36
  Mesh faces on input facets: 36
  Mesh edges on input segments: 54
  Steiner points inside domain: 1

[load_obj] 'datasets/3dshape/env3.obj': 4 objects/groups
  [0] 'wall (1)'  (88 triangles)
  [1] 'Body14'  (12 triangles)
  [2] 'Body16'  (12 triangles)
  [3] 'Body17'  (12 triangles)
[load_obj] 'datasets/3dshape/4shape3d.obj': 1 objects/groups
  [0] 'Body4'  (36 triangles)
Tetrahedralized shape: 30 tets, 36 boundary triangles, 21 verts
Sampling 1000 (x0, x1) pairs [TESTING (independent collision-free pairs)]   margin=0.05  offset=0.02  ...
generated: 2 / 1000
generated: 4 / 1000
generated: 5 / 1000
generated: 8 / 1000
generated: 10 / 1000
generated: 14 / 1000
generated: 19 / 1000
generated: 21 / 1000
generated: 22 / 1000
generated: 25 / 1000
generated: 30 / 1000
generated: 32 / 1000
generated: 36 / 1000
generated: 38 / 1000
generated: 41 / 1000
generated: 43 / 1000
generated: 47 / 1000
generated: 48 / 1000
generated: 50 / 1000
generated: 51 / 1000
generated: 52 / 1000
generated: 54 / 1000
generated: 55 / 1000
generated: 57 / 1000
generated: 61 / 1000
generated: 66 / 1000
generated: 69 / 1000
generated: 70 / 1000
generated: 71 / 1000
generated: 74 / 1000
generated: 76 / 1000
generated: 78 / 1000
generated: 80 / 1000
generated: 83 / 1000
generated: 86 / 1000
generated: 89 / 1000
generated: 90 / 1000
generated: 93 / 1000
generated: 96 / 1000
generated: 100 / 1000
generated: 105 / 1000
generated: 107 / 1000
generated: 108 / 1000
generated: 110 / 1000
generated: 112 / 1000
generated: 118 / 1000
generated: 119 / 1000
generated: 125 / 1000
generated: 126 / 1000
generated: 130 / 1000
generated: 132 / 1000
generated: 136 / 1000
generated: 139 / 1000
generated: 143 / 1000
generated: 147 / 1000
generated: 152 / 1000
generated: 156 / 1000
generated: 159 / 1000
generated: 160 / 1000
generated: 161 / 1000
generated: 163 / 1000
generated: 165 / 1000
generated: 168 / 1000
generated: 175 / 1000
generated: 180 / 1000
generated: 182 / 1000
generated: 184 / 1000
generated: 188 / 1000
generated: 191 / 1000
generated: 196 / 1000
generated: 199 / 1000
generated: 201 / 1000
generated: 203 / 1000
generated: 204 / 1000
generated: 206 / 1000
generated: 210 / 1000
generated: 213 / 1000
generated: 215 / 1000
generated: 218 / 1000
generated: 222 / 1000
generated: 226 / 1000
generated: 229 / 1000
generated: 232 / 1000
generated: 236 / 1000
generated: 239 / 1000
generated: 242 / 1000
generated: 244 / 1000
generated: 245 / 1000
generated: 246 / 1000
generated: 252 / 1000
generated: 258 / 1000
generated: 259 / 1000
generated: 261 / 1000
generated: 264 / 1000
generated: 268 / 1000
generated: 270 / 1000
generated: 274 / 1000
generated: 277 / 1000
generated: 278 / 1000
generated: 284 / 1000
generated: 286 / 1000
generated: 288 / 1000
generated: 291 / 1000
generated: 293 / 1000
generated: 295 / 1000
generated: 299 / 1000
generated: 303 / 1000
generated: 305 / 1000
generated: 308 / 1000
generated: 311 / 1000
generated: 313 / 1000
generated: 317 / 1000
generated: 318 / 1000
generated: 320 / 1000
generated: 321 / 1000
generated: 324 / 1000
generated: 328 / 1000
generated: 330 / 1000
generated: 331 / 1000
generated: 335 / 1000
generated: 338 / 1000
generated: 343 / 1000
generated: 347 / 1000
generated: 349 / 1000
generated: 350 / 1000
generated: 356 / 1000
generated: 358 / 1000
generated: 361 / 1000
generated: 363 / 1000
generated: 365 / 1000
generated: 370 / 1000
generated: 372 / 1000
generated: 374 / 1000
generated: 380 / 1000
generated: 386 / 1000
generated: 387 / 1000
generated: 389 / 1000
generated: 391 / 1000
generated: 395 / 1000
generated: 397 / 1000
generated: 401 / 1000
generated: 402 / 1000
generated: 404 / 1000
generated: 407 / 1000
generated: 411 / 1000
generated: 412 / 1000
generated: 416 / 1000
generated: 418 / 1000
generated: 420 / 1000
generated: 422 / 1000
generated: 426 / 1000
generated: 431 / 1000
generated: 433 / 1000
generated: 436 / 1000
generated: 440 / 1000
generated: 442 / 1000
generated: 443 / 1000
generated: 445 / 1000
generated: 448 / 1000
generated: 452 / 1000
generated: 457 / 1000
generated: 459 / 1000
generated: 461 / 1000
generated: 462 / 1000
generated: 464 / 1000
generated: 469 / 1000
generated: 470 / 1000
generated: 473 / 1000
generated: 477 / 1000
generated: 478 / 1000
generated: 482 / 1000
generated: 485 / 1000
generated: 489 / 1000
generated: 490 / 1000
generated: 491 / 1000
generated: 495 / 1000
generated: 496 / 1000
generated: 497 / 1000
generated: 501 / 1000
generated: 507 / 1000
generated: 511 / 1000
generated: 514 / 1000
generated: 516 / 1000
generated: 517 / 1000
generated: 520 / 1000
generated: 521 / 1000
generated: 522 / 1000
generated: 525 / 1000
generated: 529 / 1000
generated: 530 / 1000
generated: 531 / 1000
generated: 533 / 1000
generated: 534 / 1000
generated: 537 / 1000
generated: 540 / 1000
generated: 541 / 1000
generated: 543 / 1000
generated: 547 / 1000
generated: 548 / 1000
generated: 551 / 1000
generated: 556 / 1000
generated: 560 / 1000
generated: 562 / 1000
generated: 566 / 1000
generated: 568 / 1000
generated: 569 / 1000
generated: 570 / 1000
generated: 573 / 1000
generated: 579 / 1000
generated: 582 / 1000
generated: 583 / 1000
generated: 586 / 1000
generated: 589 / 1000
generated: 591 / 1000
generated: 593 / 1000
generated: 595 / 1000
generated: 598 / 1000
generated: 604 / 1000
generated: 607 / 1000
generated: 610 / 1000
generated: 612 / 1000
generated: 614 / 1000
generated: 615 / 1000
generated: 619 / 1000
generated: 623 / 1000
generated: 627 / 1000
generated: 628 / 1000
generated: 629 / 1000
generated: 631 / 1000
generated: 635 / 1000
generated: 641 / 1000
generated: 646 / 1000
generated: 649 / 1000
generated: 651 / 1000
generated: 652 / 1000
generated: 658 / 1000
generated: 663 / 1000
generated: 664 / 1000
generated: 667 / 1000
generated: 670 / 1000
generated: 675 / 1000
generated: 677 / 1000
generated: 680 / 1000
generated: 682 / 1000
generated: 684 / 1000
generated: 686 / 1000
generated: 687 / 1000
generated: 690 / 1000
generated: 694 / 1000
generated: 697 / 1000
generated: 698 / 1000
generated: 704 / 1000
generated: 706 / 1000
generated: 707 / 1000
generated: 711 / 1000
generated: 713 / 1000
generated: 716 / 1000
generated: 717 / 1000
generated: 719 / 1000
generated: 722 / 1000
generated: 725 / 1000
generated: 728 / 1000
generated: 730 / 1000
generated: 732 / 1000
generated: 737 / 1000
generated: 739 / 1000
generated: 742 / 1000
generated: 746 / 1000
generated: 747 / 1000
generated: 751 / 1000
generated: 754 / 1000
generated: 757 / 1000
generated: 759 / 1000
generated: 760 / 1000
generated: 764 / 1000
generated: 767 / 1000
generated: 770 / 1000
generated: 772 / 1000
generated: 774 / 1000
generated: 777 / 1000
generated: 781 / 1000
generated: 784 / 1000
generated: 786 / 1000
generated: 788 / 1000
generated: 790 / 1000
generated: 797 / 1000
generated: 805 / 1000
generated: 808 / 1000
generated: 809 / 1000
generated: 812 / 1000
generated: 814 / 1000
generated: 817 / 1000
generated: 818 / 1000
generated: 824 / 1000
generated: 829 / 1000
generated: 830 / 1000
generated: 832 / 1000
generated: 836 / 1000
generated: 840 / 1000
generated: 844 / 1000
generated: 846 / 1000
generated: 847 / 1000
generated: 852 / 1000
generated: 854 / 1000
generated: 857 / 1000
generated: 861 / 1000
generated: 866 / 1000
generated: 869 / 1000
generated: 870 / 1000
generated: 872 / 1000
generated: 874 / 1000
generated: 879 / 1000
generated: 881 / 1000
generated: 882 / 1000
generated: 884 / 1000
generated: 887 / 1000
generated: 894 / 1000
generated: 899 / 1000
generated: 901 / 1000
generated: 904 / 1000
generated: 907 / 1000
generated: 908 / 1000
generated: 909 / 1000
generated: 913 / 1000
generated: 916 / 1000
generated: 919 / 1000
generated: 922 / 1000
generated: 923 / 1000
generated: 928 / 1000
generated: 934 / 1000
generated: 936 / 1000
generated: 937 / 1000
generated: 940 / 1000
generated: 947 / 1000
generated: 949 / 1000
generated: 951 / 1000
generated: 954 / 1000
generated: 958 / 1000
generated: 961 / 1000
generated: 965 / 1000
generated: 967 / 1000
generated: 971 / 1000
generated: 974 / 1000
generated: 977 / 1000
generated: 982 / 1000
generated: 986 / 1000
generated: 988 / 1000
generated: 991 / 1000
generated: 992 / 1000
generated: 994 / 1000
generated: 999 / 1000
generated: 1000 / 1000
Sampling done in 23.7s
x0 pos    : x=[-0.378,0.357]  y=[-0.263,0.260]  z=[-0.429,0.431]
speed x0  : [0.221, 1.000]   (band [0.400, 1.0])
speed x1  : [0.225, 1.000]
Wrote 1000 training pairs to testing_data/3dshape/4shape3d_env3
  sampled_points.npy (1000, 12)
  speed.npy          (1000, 2)
  normal.npy         (1000, 12)
  trans_n.npy        (1000, 12)
  rot_n.npy          (1000, 12)
  env.npy            (10000, 3)
