Delaunizing vertices...
Delaunay seconds:  0.000504
Creating surface mesh ...
Surface mesh seconds:  4.7e-05
Recovering boundaries...
Boundary recovery seconds:  0.004179
Removing exterior tetrahedra ...
Exterior tets removal seconds:  2e-05
Suppressing Steiner points ...
Steiner suppression seconds:  2e-06
Recovering Delaunayness...
Delaunay recovery seconds:  0.127468
Refining mesh...
  27 insertions, added 0 points, 2 tetrahedra in queue.
  8 insertions, added 0 points, 0 tetrahedra in queue.
Refinement seconds:  0.00011
Improving mesh...
Mesh improvement seconds:  1.5e-05
Jettisoning redundant points.

Writing nodes.
Writing elements.
Writing faces.
Writing edges.

Output seconds:  8e-06
Total running seconds:  0.132398

Statistics:

  Input points: 20
  Input facets: 40
  Input segments: 60
  Input holes: 0
  Input regions: 0

  Mesh points: 20
  Mesh tetrahedra: 30
  Mesh faces: 80
  Mesh faces on exterior boundary: 40
  Mesh faces on input facets: 40
  Mesh edges on input segments: 60

[load_obj] 'datasets/3dshape/env2.obj': 9 objects/groups
  [0] 'Body1'  (12 triangles)
  [1] 'Body2'  (12 triangles)
  [2] 'wall (1)'  (88 triangles)
  [3] 'Body4'  (12 triangles)
  [4] 'Body5'  (12 triangles)
  [5] 'Body6'  (12 triangles)
  [6] 'Body7'  (12 triangles)
  [7] 'Body8'  (12 triangles)
  [8] 'Body9'  (12 triangles)
[load_obj] 'datasets/3dshape/Ashape3d.obj': 1 objects/groups
  [0] 'Body2'  (40 triangles)
Tetrahedralized shape: 30 tets, 40 boundary triangles, 20 verts
Sampling 1000 (x0, x1) pairs [TESTING (independent collision-free pairs)]   margin=0.05  offset=0.02  ...
generated: 1 / 1000
generated: 2 / 1000
generated: 3 / 1000
generated: 5 / 1000
generated: 7 / 1000
generated: 10 / 1000
generated: 11 / 1000
generated: 12 / 1000
generated: 13 / 1000
generated: 14 / 1000
generated: 15 / 1000
generated: 18 / 1000
generated: 21 / 1000
generated: 22 / 1000
generated: 25 / 1000
generated: 26 / 1000
generated: 27 / 1000
generated: 29 / 1000
generated: 31 / 1000
generated: 32 / 1000
generated: 36 / 1000
generated: 38 / 1000
generated: 40 / 1000
generated: 42 / 1000
generated: 43 / 1000
generated: 44 / 1000
generated: 47 / 1000
generated: 49 / 1000
generated: 50 / 1000
generated: 55 / 1000
generated: 56 / 1000
generated: 59 / 1000
generated: 61 / 1000
generated: 64 / 1000
generated: 67 / 1000
generated: 68 / 1000
generated: 69 / 1000
generated: 71 / 1000
generated: 74 / 1000
generated: 76 / 1000
generated: 77 / 1000
generated: 79 / 1000
generated: 80 / 1000
generated: 81 / 1000
generated: 84 / 1000
generated: 86 / 1000
generated: 90 / 1000
generated: 91 / 1000
generated: 92 / 1000
generated: 94 / 1000
generated: 96 / 1000
generated: 98 / 1000
generated: 100 / 1000
generated: 101 / 1000
generated: 102 / 1000
generated: 103 / 1000
generated: 105 / 1000
generated: 107 / 1000
generated: 109 / 1000
generated: 113 / 1000
generated: 115 / 1000
generated: 116 / 1000
generated: 117 / 1000
generated: 118 / 1000
generated: 120 / 1000
generated: 121 / 1000
generated: 123 / 1000
generated: 127 / 1000
generated: 130 / 1000
generated: 131 / 1000
generated: 132 / 1000
generated: 135 / 1000
generated: 136 / 1000
generated: 138 / 1000
generated: 139 / 1000
generated: 142 / 1000
generated: 143 / 1000
generated: 145 / 1000
generated: 147 / 1000
generated: 150 / 1000
generated: 151 / 1000
generated: 154 / 1000
generated: 156 / 1000
generated: 158 / 1000
generated: 159 / 1000
generated: 160 / 1000
generated: 161 / 1000
generated: 164 / 1000
generated: 165 / 1000
generated: 166 / 1000
generated: 168 / 1000
generated: 170 / 1000
generated: 171 / 1000
generated: 172 / 1000
generated: 173 / 1000
generated: 174 / 1000
generated: 175 / 1000
generated: 178 / 1000
generated: 180 / 1000
generated: 181 / 1000
generated: 182 / 1000
generated: 183 / 1000
generated: 187 / 1000
generated: 188 / 1000
generated: 190 / 1000
generated: 193 / 1000
generated: 194 / 1000
generated: 196 / 1000
generated: 198 / 1000
generated: 202 / 1000
generated: 203 / 1000
generated: 205 / 1000
generated: 206 / 1000
generated: 207 / 1000
generated: 208 / 1000
generated: 210 / 1000
generated: 211 / 1000
generated: 212 / 1000
generated: 213 / 1000
generated: 214 / 1000
generated: 215 / 1000
generated: 218 / 1000
generated: 220 / 1000
generated: 223 / 1000
generated: 226 / 1000
generated: 230 / 1000
generated: 233 / 1000
generated: 235 / 1000
generated: 237 / 1000
generated: 239 / 1000
generated: 240 / 1000
generated: 241 / 1000
generated: 243 / 1000
generated: 245 / 1000
generated: 247 / 1000
generated: 249 / 1000
generated: 250 / 1000
generated: 252 / 1000
generated: 254 / 1000
generated: 257 / 1000
generated: 259 / 1000
generated: 263 / 1000
generated: 264 / 1000
generated: 265 / 1000
generated: 266 / 1000
generated: 269 / 1000
generated: 273 / 1000
generated: 275 / 1000
generated: 276 / 1000
generated: 279 / 1000
generated: 280 / 1000
generated: 282 / 1000
generated: 284 / 1000
generated: 288 / 1000
generated: 291 / 1000
generated: 292 / 1000
generated: 293 / 1000
generated: 295 / 1000
generated: 296 / 1000
generated: 298 / 1000
generated: 299 / 1000
generated: 300 / 1000
generated: 303 / 1000
generated: 304 / 1000
generated: 305 / 1000
generated: 309 / 1000
generated: 311 / 1000
generated: 312 / 1000
generated: 314 / 1000
generated: 318 / 1000
generated: 321 / 1000
generated: 323 / 1000
generated: 324 / 1000
generated: 325 / 1000
generated: 329 / 1000
generated: 330 / 1000
generated: 332 / 1000
generated: 335 / 1000
generated: 338 / 1000
generated: 339 / 1000
generated: 342 / 1000
generated: 343 / 1000
generated: 344 / 1000
generated: 346 / 1000
generated: 348 / 1000
generated: 350 / 1000
generated: 351 / 1000
generated: 352 / 1000
generated: 354 / 1000
generated: 356 / 1000
generated: 357 / 1000
generated: 360 / 1000
generated: 361 / 1000
generated: 365 / 1000
generated: 366 / 1000
generated: 367 / 1000
generated: 371 / 1000
generated: 372 / 1000
generated: 373 / 1000
generated: 374 / 1000
generated: 378 / 1000
generated: 380 / 1000
generated: 381 / 1000
generated: 383 / 1000
generated: 385 / 1000
generated: 387 / 1000
generated: 388 / 1000
generated: 390 / 1000
generated: 391 / 1000
generated: 394 / 1000
generated: 396 / 1000
generated: 399 / 1000
generated: 401 / 1000
generated: 405 / 1000
generated: 406 / 1000
generated: 407 / 1000
generated: 408 / 1000
generated: 411 / 1000
generated: 413 / 1000
generated: 415 / 1000
generated: 416 / 1000
generated: 417 / 1000
generated: 418 / 1000
generated: 421 / 1000
generated: 423 / 1000
generated: 424 / 1000
generated: 428 / 1000
generated: 430 / 1000
generated: 431 / 1000
generated: 435 / 1000
generated: 439 / 1000
generated: 445 / 1000
generated: 446 / 1000
generated: 447 / 1000
generated: 450 / 1000
generated: 451 / 1000
generated: 452 / 1000
generated: 453 / 1000
generated: 455 / 1000
generated: 457 / 1000
generated: 458 / 1000
generated: 463 / 1000
generated: 464 / 1000
generated: 466 / 1000
generated: 467 / 1000
generated: 468 / 1000
generated: 469 / 1000
generated: 470 / 1000
generated: 471 / 1000
generated: 472 / 1000
generated: 473 / 1000
generated: 475 / 1000
generated: 477 / 1000
generated: 478 / 1000
generated: 479 / 1000
generated: 481 / 1000
generated: 483 / 1000
generated: 484 / 1000
generated: 487 / 1000
generated: 488 / 1000
generated: 490 / 1000
generated: 493 / 1000
generated: 494 / 1000
generated: 496 / 1000
generated: 498 / 1000
generated: 502 / 1000
generated: 505 / 1000
generated: 507 / 1000
generated: 510 / 1000
generated: 511 / 1000
generated: 515 / 1000
generated: 516 / 1000
generated: 517 / 1000
generated: 518 / 1000
generated: 521 / 1000
generated: 522 / 1000
generated: 524 / 1000
generated: 525 / 1000
generated: 526 / 1000
generated: 530 / 1000
generated: 533 / 1000
generated: 536 / 1000
generated: 537 / 1000
generated: 542 / 1000
generated: 543 / 1000
generated: 545 / 1000
generated: 548 / 1000
generated: 550 / 1000
generated: 552 / 1000
generated: 553 / 1000
generated: 556 / 1000
generated: 560 / 1000
generated: 565 / 1000
generated: 567 / 1000
generated: 568 / 1000
generated: 570 / 1000
generated: 571 / 1000
generated: 572 / 1000
generated: 573 / 1000
generated: 574 / 1000
generated: 575 / 1000
generated: 576 / 1000
generated: 579 / 1000
generated: 581 / 1000
generated: 582 / 1000
generated: 583 / 1000
generated: 584 / 1000
generated: 585 / 1000
generated: 586 / 1000
generated: 587 / 1000
generated: 589 / 1000
generated: 591 / 1000
generated: 592 / 1000
generated: 595 / 1000
generated: 596 / 1000
generated: 597 / 1000
generated: 600 / 1000
generated: 601 / 1000
generated: 603 / 1000
generated: 605 / 1000
generated: 606 / 1000
generated: 607 / 1000
generated: 608 / 1000
generated: 609 / 1000
generated: 612 / 1000
generated: 613 / 1000
generated: 614 / 1000
generated: 615 / 1000
generated: 618 / 1000
generated: 621 / 1000
generated: 623 / 1000
generated: 627 / 1000
generated: 628 / 1000
generated: 630 / 1000
generated: 633 / 1000
generated: 636 / 1000
generated: 637 / 1000
generated: 640 / 1000
generated: 642 / 1000
generated: 644 / 1000
generated: 648 / 1000
generated: 650 / 1000
generated: 653 / 1000
generated: 655 / 1000
generated: 657 / 1000
generated: 659 / 1000
generated: 660 / 1000
generated: 663 / 1000
generated: 664 / 1000
generated: 666 / 1000
generated: 669 / 1000
generated: 671 / 1000
generated: 674 / 1000
generated: 679 / 1000
generated: 681 / 1000
generated: 682 / 1000
generated: 683 / 1000
generated: 685 / 1000
generated: 686 / 1000
generated: 687 / 1000
generated: 688 / 1000
generated: 689 / 1000
generated: 691 / 1000
generated: 693 / 1000
generated: 695 / 1000
generated: 696 / 1000
generated: 698 / 1000
generated: 699 / 1000
generated: 701 / 1000
generated: 703 / 1000
generated: 704 / 1000
generated: 707 / 1000
generated: 708 / 1000
generated: 711 / 1000
generated: 714 / 1000
generated: 719 / 1000
generated: 721 / 1000
generated: 725 / 1000
generated: 728 / 1000
generated: 729 / 1000
generated: 731 / 1000
generated: 733 / 1000
generated: 734 / 1000
generated: 736 / 1000
generated: 739 / 1000
generated: 742 / 1000
generated: 744 / 1000
generated: 745 / 1000
generated: 748 / 1000
generated: 749 / 1000
generated: 751 / 1000
generated: 752 / 1000
generated: 755 / 1000
generated: 757 / 1000
generated: 759 / 1000
generated: 760 / 1000
generated: 761 / 1000
generated: 763 / 1000
generated: 764 / 1000
generated: 766 / 1000
generated: 768 / 1000
generated: 770 / 1000
generated: 771 / 1000
generated: 772 / 1000
generated: 773 / 1000
generated: 774 / 1000
generated: 775 / 1000
generated: 778 / 1000
generated: 779 / 1000
generated: 783 / 1000
generated: 784 / 1000
generated: 788 / 1000
generated: 790 / 1000
generated: 791 / 1000
generated: 794 / 1000
generated: 795 / 1000
generated: 797 / 1000
generated: 799 / 1000
generated: 800 / 1000
generated: 801 / 1000
generated: 803 / 1000
generated: 805 / 1000
generated: 806 / 1000
generated: 808 / 1000
generated: 809 / 1000
generated: 811 / 1000
generated: 813 / 1000
generated: 815 / 1000
generated: 816 / 1000
generated: 818 / 1000
generated: 820 / 1000
generated: 822 / 1000
generated: 823 / 1000
generated: 825 / 1000
generated: 829 / 1000
generated: 834 / 1000
generated: 838 / 1000
generated: 839 / 1000
generated: 840 / 1000
generated: 842 / 1000
generated: 843 / 1000
generated: 844 / 1000
generated: 848 / 1000
generated: 851 / 1000
generated: 853 / 1000
generated: 855 / 1000
generated: 858 / 1000
generated: 861 / 1000
generated: 862 / 1000
generated: 865 / 1000
generated: 867 / 1000
generated: 869 / 1000
generated: 870 / 1000
generated: 873 / 1000
generated: 877 / 1000
generated: 879 / 1000
generated: 883 / 1000
generated: 884 / 1000
generated: 885 / 1000
generated: 888 / 1000
generated: 889 / 1000
generated: 890 / 1000
generated: 891 / 1000
generated: 892 / 1000
generated: 893 / 1000
generated: 896 / 1000
generated: 897 / 1000
generated: 898 / 1000
generated: 900 / 1000
generated: 901 / 1000
generated: 905 / 1000
generated: 907 / 1000
generated: 908 / 1000
generated: 910 / 1000
generated: 913 / 1000
generated: 914 / 1000
generated: 918 / 1000
generated: 919 / 1000
generated: 922 / 1000
generated: 923 / 1000
generated: 926 / 1000
generated: 928 / 1000
generated: 929 / 1000
generated: 930 / 1000
generated: 931 / 1000
generated: 934 / 1000
generated: 935 / 1000
generated: 938 / 1000
generated: 940 / 1000
generated: 942 / 1000
generated: 944 / 1000
generated: 945 / 1000
generated: 946 / 1000
generated: 947 / 1000
generated: 950 / 1000
generated: 954 / 1000
generated: 955 / 1000
generated: 957 / 1000
generated: 959 / 1000
generated: 961 / 1000
generated: 963 / 1000
generated: 966 / 1000
generated: 967 / 1000
generated: 968 / 1000
generated: 969 / 1000
generated: 970 / 1000
generated: 972 / 1000
generated: 974 / 1000
generated: 978 / 1000
generated: 981 / 1000
generated: 982 / 1000
generated: 984 / 1000
generated: 985 / 1000
generated: 990 / 1000
generated: 992 / 1000
generated: 993 / 1000
generated: 994 / 1000
generated: 995 / 1000
generated: 997 / 1000
generated: 998 / 1000
generated: 999 / 1000
generated: 1000 / 1000
Sampling done in 46.8s
x0 pos    : x=[-0.381,0.389]  y=[-0.267,0.255]  z=[-0.438,0.402]
speed x0  : [0.218, 1.000]   (band [0.400, 1.0])
speed x1  : [0.214, 1.000]
Wrote 1000 training pairs to testing_data/3dshape/Ashape3d_env2
  sampled_points.npy (1000, 12)
  speed.npy          (1000, 2)
  normal.npy         (1000, 12)
  trans_n.npy        (1000, 12)
  rot_n.npy          (1000, 12)
  env.npy            (10000, 3)
