Delaunizing vertices...
Delaunay seconds:  0.000499
Creating surface mesh ...
Surface mesh seconds:  5e-05
Recovering boundaries...
Boundary recovery seconds:  0.130159
Removing exterior tetrahedra ...
Exterior tets removal seconds:  2e-05
Suppressing Steiner points ...
Steiner suppression seconds:  1e-06
Recovering Delaunayness...
Delaunay recovery seconds:  0.000359
Refining mesh...
  27 insertions, added 0 points, 2 tetrahedra in queue.
  8 insertions, added 0 points, 0 tetrahedra in queue.
Refinement seconds:  0.000112
Improving mesh...
Mesh improvement seconds:  1.5e-05
Jettisoning redundant points.

Writing nodes.
Writing elements.
Writing faces.
Writing edges.

Output seconds:  8e-06
Total running seconds:  0.13127

Statistics:

  Input points: 20
  Input facets: 40
  Input segments: 60
  Input holes: 0
  Input regions: 0

  Mesh points: 20
  Mesh tetrahedra: 30
  Mesh faces: 80
  Mesh faces on exterior boundary: 40
  Mesh faces on input facets: 40
  Mesh edges on input segments: 60

[load_obj] 'datasets/3dshape/env4.obj': 7 objects/groups
  [0] 'wall (1)'  (88 triangles)
  [1] 'Body14'  (12 triangles)
  [2] 'Body15'  (12 triangles)
  [3] 'Body16'  (12 triangles)
  [4] 'Body17'  (12 triangles)
  [5] 'Body18'  (12 triangles)
  [6] 'Body19'  (12 triangles)
[load_obj] 'datasets/3dshape/Ashape3d.obj': 1 objects/groups
  [0] 'Body2'  (40 triangles)
Tetrahedralized shape: 30 tets, 40 boundary triangles, 20 verts
Sampling 1000 (x0, x1) pairs [TESTING (independent collision-free pairs)]   margin=0.05  offset=0.02  ...
generated: 1 / 1000
generated: 4 / 1000
generated: 5 / 1000
generated: 6 / 1000
generated: 7 / 1000
generated: 9 / 1000
generated: 10 / 1000
generated: 14 / 1000
generated: 15 / 1000
generated: 17 / 1000
generated: 19 / 1000
generated: 20 / 1000
generated: 24 / 1000
generated: 28 / 1000
generated: 30 / 1000
generated: 32 / 1000
generated: 34 / 1000
generated: 36 / 1000
generated: 37 / 1000
generated: 38 / 1000
generated: 40 / 1000
generated: 42 / 1000
generated: 45 / 1000
generated: 48 / 1000
generated: 51 / 1000
generated: 52 / 1000
generated: 55 / 1000
generated: 57 / 1000
generated: 61 / 1000
generated: 62 / 1000
generated: 64 / 1000
generated: 65 / 1000
generated: 66 / 1000
generated: 67 / 1000
generated: 68 / 1000
generated: 70 / 1000
generated: 72 / 1000
generated: 74 / 1000
generated: 76 / 1000
generated: 80 / 1000
generated: 81 / 1000
generated: 84 / 1000
generated: 85 / 1000
generated: 88 / 1000
generated: 89 / 1000
generated: 91 / 1000
generated: 94 / 1000
generated: 96 / 1000
generated: 97 / 1000
generated: 99 / 1000
generated: 100 / 1000
generated: 103 / 1000
generated: 105 / 1000
generated: 106 / 1000
generated: 107 / 1000
generated: 108 / 1000
generated: 109 / 1000
generated: 112 / 1000
generated: 113 / 1000
generated: 114 / 1000
generated: 115 / 1000
generated: 117 / 1000
generated: 118 / 1000
generated: 120 / 1000
generated: 122 / 1000
generated: 123 / 1000
generated: 125 / 1000
generated: 127 / 1000
generated: 131 / 1000
generated: 133 / 1000
generated: 135 / 1000
generated: 138 / 1000
generated: 141 / 1000
generated: 142 / 1000
generated: 143 / 1000
generated: 145 / 1000
generated: 147 / 1000
generated: 148 / 1000
generated: 150 / 1000
generated: 152 / 1000
generated: 153 / 1000
generated: 154 / 1000
generated: 157 / 1000
generated: 159 / 1000
generated: 160 / 1000
generated: 161 / 1000
generated: 164 / 1000
generated: 166 / 1000
generated: 167 / 1000
generated: 170 / 1000
generated: 171 / 1000
generated: 172 / 1000
generated: 173 / 1000
generated: 174 / 1000
generated: 176 / 1000
generated: 177 / 1000
generated: 178 / 1000
generated: 180 / 1000
generated: 183 / 1000
generated: 184 / 1000
generated: 186 / 1000
generated: 188 / 1000
generated: 190 / 1000
generated: 191 / 1000
generated: 192 / 1000
generated: 193 / 1000
generated: 196 / 1000
generated: 199 / 1000
generated: 200 / 1000
generated: 203 / 1000
generated: 205 / 1000
generated: 207 / 1000
generated: 208 / 1000
generated: 209 / 1000
generated: 210 / 1000
generated: 212 / 1000
generated: 214 / 1000
generated: 215 / 1000
generated: 217 / 1000
generated: 218 / 1000
generated: 220 / 1000
generated: 221 / 1000
generated: 223 / 1000
generated: 225 / 1000
generated: 227 / 1000
generated: 229 / 1000
generated: 231 / 1000
generated: 232 / 1000
generated: 235 / 1000
generated: 236 / 1000
generated: 237 / 1000
generated: 238 / 1000
generated: 240 / 1000
generated: 243 / 1000
generated: 246 / 1000
generated: 247 / 1000
generated: 249 / 1000
generated: 254 / 1000
generated: 255 / 1000
generated: 257 / 1000
generated: 258 / 1000
generated: 259 / 1000
generated: 262 / 1000
generated: 265 / 1000
generated: 266 / 1000
generated: 267 / 1000
generated: 269 / 1000
generated: 270 / 1000
generated: 272 / 1000
generated: 274 / 1000
generated: 276 / 1000
generated: 280 / 1000
generated: 283 / 1000
generated: 284 / 1000
generated: 285 / 1000
generated: 287 / 1000
generated: 290 / 1000
generated: 291 / 1000
generated: 292 / 1000
generated: 293 / 1000
generated: 297 / 1000
generated: 298 / 1000
generated: 300 / 1000
generated: 302 / 1000
generated: 303 / 1000
generated: 306 / 1000
generated: 308 / 1000
generated: 309 / 1000
generated: 310 / 1000
generated: 311 / 1000
generated: 312 / 1000
generated: 313 / 1000
generated: 315 / 1000
generated: 318 / 1000
generated: 320 / 1000
generated: 321 / 1000
generated: 322 / 1000
generated: 323 / 1000
generated: 326 / 1000
generated: 330 / 1000
generated: 333 / 1000
generated: 335 / 1000
generated: 337 / 1000
generated: 339 / 1000
generated: 341 / 1000
generated: 344 / 1000
generated: 346 / 1000
generated: 348 / 1000
generated: 352 / 1000
generated: 353 / 1000
generated: 354 / 1000
generated: 355 / 1000
generated: 357 / 1000
generated: 359 / 1000
generated: 362 / 1000
generated: 364 / 1000
generated: 366 / 1000
generated: 368 / 1000
generated: 370 / 1000
generated: 371 / 1000
generated: 372 / 1000
generated: 375 / 1000
generated: 377 / 1000
generated: 379 / 1000
generated: 382 / 1000
generated: 384 / 1000
generated: 385 / 1000
generated: 388 / 1000
generated: 389 / 1000
generated: 390 / 1000
generated: 391 / 1000
generated: 392 / 1000
generated: 393 / 1000
generated: 394 / 1000
generated: 396 / 1000
generated: 397 / 1000
generated: 399 / 1000
generated: 402 / 1000
generated: 403 / 1000
generated: 404 / 1000
generated: 405 / 1000
generated: 407 / 1000
generated: 411 / 1000
generated: 412 / 1000
generated: 415 / 1000
generated: 417 / 1000
generated: 421 / 1000
generated: 422 / 1000
generated: 423 / 1000
generated: 424 / 1000
generated: 426 / 1000
generated: 428 / 1000
generated: 429 / 1000
generated: 430 / 1000
generated: 431 / 1000
generated: 432 / 1000
generated: 434 / 1000
generated: 435 / 1000
generated: 436 / 1000
generated: 438 / 1000
generated: 440 / 1000
generated: 442 / 1000
generated: 443 / 1000
generated: 446 / 1000
generated: 447 / 1000
generated: 448 / 1000
generated: 450 / 1000
generated: 451 / 1000
generated: 452 / 1000
generated: 455 / 1000
generated: 460 / 1000
generated: 463 / 1000
generated: 467 / 1000
generated: 468 / 1000
generated: 470 / 1000
generated: 473 / 1000
generated: 476 / 1000
generated: 477 / 1000
generated: 478 / 1000
generated: 479 / 1000
generated: 480 / 1000
generated: 482 / 1000
generated: 483 / 1000
generated: 485 / 1000
generated: 487 / 1000
generated: 489 / 1000
generated: 491 / 1000
generated: 492 / 1000
generated: 495 / 1000
generated: 496 / 1000
generated: 498 / 1000
generated: 500 / 1000
generated: 501 / 1000
generated: 504 / 1000
generated: 506 / 1000
generated: 511 / 1000
generated: 514 / 1000
generated: 516 / 1000
generated: 518 / 1000
generated: 522 / 1000
generated: 523 / 1000
generated: 525 / 1000
generated: 527 / 1000
generated: 529 / 1000
generated: 530 / 1000
generated: 533 / 1000
generated: 534 / 1000
generated: 535 / 1000
generated: 536 / 1000
generated: 539 / 1000
generated: 540 / 1000
generated: 541 / 1000
generated: 543 / 1000
generated: 546 / 1000
generated: 549 / 1000
generated: 550 / 1000
generated: 551 / 1000
generated: 554 / 1000
generated: 555 / 1000
generated: 558 / 1000
generated: 559 / 1000
generated: 560 / 1000
generated: 561 / 1000
generated: 562 / 1000
generated: 564 / 1000
generated: 566 / 1000
generated: 567 / 1000
generated: 569 / 1000
generated: 572 / 1000
generated: 574 / 1000
generated: 575 / 1000
generated: 576 / 1000
generated: 578 / 1000
generated: 580 / 1000
generated: 582 / 1000
generated: 585 / 1000
generated: 587 / 1000
generated: 589 / 1000
generated: 591 / 1000
generated: 593 / 1000
generated: 594 / 1000
generated: 596 / 1000
generated: 599 / 1000
generated: 600 / 1000
generated: 602 / 1000
generated: 604 / 1000
generated: 605 / 1000
generated: 606 / 1000
generated: 607 / 1000
generated: 608 / 1000
generated: 611 / 1000
generated: 612 / 1000
generated: 615 / 1000
generated: 616 / 1000
generated: 617 / 1000
generated: 619 / 1000
generated: 622 / 1000
generated: 623 / 1000
generated: 624 / 1000
generated: 625 / 1000
generated: 626 / 1000
generated: 627 / 1000
generated: 629 / 1000
generated: 630 / 1000
generated: 632 / 1000
generated: 633 / 1000
generated: 638 / 1000
generated: 640 / 1000
generated: 641 / 1000
generated: 644 / 1000
generated: 645 / 1000
generated: 647 / 1000
generated: 650 / 1000
generated: 651 / 1000
generated: 654 / 1000
generated: 655 / 1000
generated: 656 / 1000
generated: 658 / 1000
generated: 660 / 1000
generated: 661 / 1000
generated: 663 / 1000
generated: 664 / 1000
generated: 666 / 1000
generated: 669 / 1000
generated: 673 / 1000
generated: 676 / 1000
generated: 677 / 1000
generated: 678 / 1000
generated: 680 / 1000
generated: 681 / 1000
generated: 682 / 1000
generated: 684 / 1000
generated: 686 / 1000
generated: 688 / 1000
generated: 690 / 1000
generated: 693 / 1000
generated: 694 / 1000
generated: 697 / 1000
generated: 698 / 1000
generated: 699 / 1000
generated: 701 / 1000
generated: 705 / 1000
generated: 707 / 1000
generated: 709 / 1000
generated: 710 / 1000
generated: 712 / 1000
generated: 715 / 1000
generated: 718 / 1000
generated: 719 / 1000
generated: 721 / 1000
generated: 722 / 1000
generated: 725 / 1000
generated: 730 / 1000
generated: 735 / 1000
generated: 736 / 1000
generated: 738 / 1000
generated: 740 / 1000
generated: 743 / 1000
generated: 746 / 1000
generated: 747 / 1000
generated: 749 / 1000
generated: 750 / 1000
generated: 753 / 1000
generated: 754 / 1000
generated: 755 / 1000
generated: 757 / 1000
generated: 759 / 1000
generated: 760 / 1000
generated: 762 / 1000
generated: 764 / 1000
generated: 765 / 1000
generated: 766 / 1000
generated: 768 / 1000
generated: 770 / 1000
generated: 772 / 1000
generated: 776 / 1000
generated: 777 / 1000
generated: 778 / 1000
generated: 780 / 1000
generated: 782 / 1000
generated: 783 / 1000
generated: 784 / 1000
generated: 786 / 1000
generated: 790 / 1000
generated: 791 / 1000
generated: 792 / 1000
generated: 793 / 1000
generated: 796 / 1000
generated: 797 / 1000
generated: 799 / 1000
generated: 800 / 1000
generated: 801 / 1000
generated: 802 / 1000
generated: 805 / 1000
generated: 808 / 1000
generated: 811 / 1000
generated: 812 / 1000
generated: 814 / 1000
generated: 815 / 1000
generated: 818 / 1000
generated: 819 / 1000
generated: 822 / 1000
generated: 824 / 1000
generated: 826 / 1000
generated: 828 / 1000
generated: 829 / 1000
generated: 831 / 1000
generated: 832 / 1000
generated: 833 / 1000
generated: 834 / 1000
generated: 835 / 1000
generated: 837 / 1000
generated: 840 / 1000
generated: 843 / 1000
generated: 845 / 1000
generated: 847 / 1000
generated: 849 / 1000
generated: 851 / 1000
generated: 853 / 1000
generated: 855 / 1000
generated: 858 / 1000
generated: 859 / 1000
generated: 861 / 1000
generated: 864 / 1000
generated: 865 / 1000
generated: 866 / 1000
generated: 869 / 1000
generated: 870 / 1000
generated: 871 / 1000
generated: 873 / 1000
generated: 874 / 1000
generated: 876 / 1000
generated: 878 / 1000
generated: 880 / 1000
generated: 881 / 1000
generated: 883 / 1000
generated: 884 / 1000
generated: 885 / 1000
generated: 886 / 1000
generated: 889 / 1000
generated: 890 / 1000
generated: 891 / 1000
generated: 895 / 1000
generated: 898 / 1000
generated: 901 / 1000
generated: 903 / 1000
generated: 904 / 1000
generated: 906 / 1000
generated: 910 / 1000
generated: 911 / 1000
generated: 912 / 1000
generated: 913 / 1000
generated: 915 / 1000
generated: 916 / 1000
generated: 919 / 1000
generated: 921 / 1000
generated: 923 / 1000
generated: 928 / 1000
generated: 929 / 1000
generated: 931 / 1000
generated: 935 / 1000
generated: 936 / 1000
generated: 937 / 1000
generated: 939 / 1000
generated: 940 / 1000
generated: 941 / 1000
generated: 944 / 1000
generated: 950 / 1000
generated: 951 / 1000
generated: 953 / 1000
generated: 954 / 1000
generated: 955 / 1000
generated: 957 / 1000
generated: 960 / 1000
generated: 962 / 1000
generated: 963 / 1000
generated: 964 / 1000
generated: 965 / 1000
generated: 968 / 1000
generated: 970 / 1000
generated: 973 / 1000
generated: 974 / 1000
generated: 977 / 1000
generated: 978 / 1000
generated: 979 / 1000
generated: 982 / 1000
generated: 985 / 1000
generated: 986 / 1000
generated: 988 / 1000
generated: 989 / 1000
generated: 992 / 1000
generated: 994 / 1000
generated: 995 / 1000
generated: 997 / 1000
generated: 999 / 1000
generated: 1000 / 1000
Sampling done in 61.8s
x0 pos    : x=[-0.389,0.348]  y=[-0.261,0.261]  z=[-0.415,0.412]
speed x0  : [0.213, 1.000]   (band [0.400, 1.0])
speed x1  : [0.215, 1.000]
Wrote 1000 training pairs to testing_data/3dshape/Ashape3d_env4
  sampled_points.npy (1000, 12)
  speed.npy          (1000, 2)
  normal.npy         (1000, 12)
  trans_n.npy        (1000, 12)
  rot_n.npy          (1000, 12)
  env.npy            (10000, 3)
