Delaunizing vertices...
Delaunay seconds:  0.000912
Creating surface mesh ...
Surface mesh seconds:  4.9e-05
Recovering boundaries...
Boundary recovery seconds:  0.001502
Removing exterior tetrahedra ...
Exterior tets removal seconds:  2.1e-05
Suppressing Steiner points ...
Steiner suppression seconds:  2e-06
Recovering Delaunayness...
Delaunay recovery seconds:  0.000399
Refining mesh...
  27 insertions, added 0 points, 2 tetrahedra in queue.
  8 insertions, added 0 points, 0 tetrahedra in queue.
Refinement seconds:  0.000119
Improving mesh...
Mesh improvement seconds:  1.4e-05
Jettisoning redundant points.

Writing nodes.
Writing elements.
Writing faces.
Writing edges.

Output seconds:  8e-06
Total running seconds:  0.003069

Statistics:

  Input points: 20
  Input facets: 40
  Input segments: 60
  Input holes: 0
  Input regions: 0

  Mesh points: 20
  Mesh tetrahedra: 30
  Mesh faces: 80
  Mesh faces on exterior boundary: 40
  Mesh faces on input facets: 40
  Mesh edges on input segments: 60

[load_obj] 'datasets/3dshape/env1.obj': 5 objects/groups
  [0] 'Body2'  (12 triangles)
  [1] 'Body3'  (12 triangles)
  [2] 'Body4'  (12 triangles)
  [3] 'Body5'  (12 triangles)
  [4] 'wall (2)'  (12 triangles)
[load_obj] 'datasets/3dshape/Ashape3d.obj': 1 objects/groups
  [0] 'Body2'  (40 triangles)
Tetrahedralized shape: 30 tets, 40 boundary triangles, 20 verts
Sampling 1000 (x0, x1) pairs [TESTING (independent collision-free pairs)]   margin=0.05  offset=0.02  ...
generated: 1 / 1000
generated: 2 / 1000
generated: 4 / 1000
generated: 5 / 1000
generated: 8 / 1000
generated: 10 / 1000
generated: 12 / 1000
generated: 13 / 1000
generated: 16 / 1000
generated: 17 / 1000
generated: 19 / 1000
generated: 20 / 1000
generated: 21 / 1000
generated: 22 / 1000
generated: 23 / 1000
generated: 24 / 1000
generated: 26 / 1000
generated: 27 / 1000
generated: 31 / 1000
generated: 34 / 1000
generated: 36 / 1000
generated: 37 / 1000
generated: 38 / 1000
generated: 40 / 1000
generated: 41 / 1000
generated: 43 / 1000
generated: 44 / 1000
generated: 46 / 1000
generated: 47 / 1000
generated: 51 / 1000
generated: 56 / 1000
generated: 58 / 1000
generated: 59 / 1000
generated: 60 / 1000
generated: 61 / 1000
generated: 64 / 1000
generated: 66 / 1000
generated: 68 / 1000
generated: 71 / 1000
generated: 72 / 1000
generated: 73 / 1000
generated: 76 / 1000
generated: 77 / 1000
generated: 78 / 1000
generated: 79 / 1000
generated: 80 / 1000
generated: 81 / 1000
generated: 84 / 1000
generated: 86 / 1000
generated: 87 / 1000
generated: 88 / 1000
generated: 89 / 1000
generated: 91 / 1000
generated: 93 / 1000
generated: 94 / 1000
generated: 95 / 1000
generated: 96 / 1000
generated: 100 / 1000
generated: 101 / 1000
generated: 103 / 1000
generated: 104 / 1000
generated: 106 / 1000
generated: 108 / 1000
generated: 109 / 1000
generated: 111 / 1000
generated: 113 / 1000
generated: 114 / 1000
generated: 115 / 1000
generated: 119 / 1000
generated: 120 / 1000
generated: 122 / 1000
generated: 124 / 1000
generated: 127 / 1000
generated: 130 / 1000
generated: 132 / 1000
generated: 135 / 1000
generated: 138 / 1000
generated: 139 / 1000
generated: 141 / 1000
generated: 142 / 1000
generated: 143 / 1000
generated: 145 / 1000
generated: 146 / 1000
generated: 149 / 1000
generated: 152 / 1000
generated: 156 / 1000
generated: 157 / 1000
generated: 158 / 1000
generated: 160 / 1000
generated: 161 / 1000
generated: 162 / 1000
generated: 163 / 1000
generated: 164 / 1000
generated: 166 / 1000
generated: 167 / 1000
generated: 169 / 1000
generated: 172 / 1000
generated: 173 / 1000
generated: 176 / 1000
generated: 178 / 1000
generated: 179 / 1000
generated: 181 / 1000
generated: 183 / 1000
generated: 184 / 1000
generated: 186 / 1000
generated: 187 / 1000
generated: 189 / 1000
generated: 192 / 1000
generated: 194 / 1000
generated: 195 / 1000
generated: 196 / 1000
generated: 197 / 1000
generated: 200 / 1000
generated: 202 / 1000
generated: 205 / 1000
generated: 209 / 1000
generated: 210 / 1000
generated: 213 / 1000
generated: 214 / 1000
generated: 216 / 1000
generated: 217 / 1000
generated: 218 / 1000
generated: 219 / 1000
generated: 220 / 1000
generated: 221 / 1000
generated: 224 / 1000
generated: 225 / 1000
generated: 226 / 1000
generated: 227 / 1000
generated: 230 / 1000
generated: 231 / 1000
generated: 234 / 1000
generated: 235 / 1000
generated: 236 / 1000
generated: 237 / 1000
generated: 241 / 1000
generated: 243 / 1000
generated: 245 / 1000
generated: 247 / 1000
generated: 250 / 1000
generated: 252 / 1000
generated: 254 / 1000
generated: 256 / 1000
generated: 260 / 1000
generated: 263 / 1000
generated: 265 / 1000
generated: 267 / 1000
generated: 268 / 1000
generated: 270 / 1000
generated: 271 / 1000
generated: 272 / 1000
generated: 274 / 1000
generated: 276 / 1000
generated: 278 / 1000
generated: 281 / 1000
generated: 282 / 1000
generated: 284 / 1000
generated: 285 / 1000
generated: 286 / 1000
generated: 289 / 1000
generated: 291 / 1000
generated: 293 / 1000
generated: 295 / 1000
generated: 297 / 1000
generated: 298 / 1000
generated: 299 / 1000
generated: 300 / 1000
generated: 301 / 1000
generated: 302 / 1000
generated: 304 / 1000
generated: 307 / 1000
generated: 309 / 1000
generated: 311 / 1000
generated: 312 / 1000
generated: 313 / 1000
generated: 315 / 1000
generated: 318 / 1000
generated: 320 / 1000
generated: 321 / 1000
generated: 325 / 1000
generated: 329 / 1000
generated: 331 / 1000
generated: 334 / 1000
generated: 335 / 1000
generated: 338 / 1000
generated: 340 / 1000
generated: 341 / 1000
generated: 343 / 1000
generated: 345 / 1000
generated: 346 / 1000
generated: 348 / 1000
generated: 349 / 1000
generated: 352 / 1000
generated: 353 / 1000
generated: 354 / 1000
generated: 357 / 1000
generated: 358 / 1000
generated: 360 / 1000
generated: 362 / 1000
generated: 363 / 1000
generated: 364 / 1000
generated: 367 / 1000
generated: 373 / 1000
generated: 375 / 1000
generated: 379 / 1000
generated: 380 / 1000
generated: 386 / 1000
generated: 390 / 1000
generated: 391 / 1000
generated: 393 / 1000
generated: 395 / 1000
generated: 397 / 1000
generated: 399 / 1000
generated: 402 / 1000
generated: 404 / 1000
generated: 406 / 1000
generated: 410 / 1000
generated: 412 / 1000
generated: 413 / 1000
generated: 414 / 1000
generated: 415 / 1000
generated: 417 / 1000
generated: 419 / 1000
generated: 420 / 1000
generated: 421 / 1000
generated: 429 / 1000
generated: 430 / 1000
generated: 433 / 1000
generated: 435 / 1000
generated: 437 / 1000
generated: 439 / 1000
generated: 441 / 1000
generated: 442 / 1000
generated: 443 / 1000
generated: 445 / 1000
generated: 447 / 1000
generated: 448 / 1000
generated: 449 / 1000
generated: 450 / 1000
generated: 451 / 1000
generated: 453 / 1000
generated: 454 / 1000
generated: 455 / 1000
generated: 457 / 1000
generated: 460 / 1000
generated: 462 / 1000
generated: 464 / 1000
generated: 465 / 1000
generated: 468 / 1000
generated: 470 / 1000
generated: 474 / 1000
generated: 476 / 1000
generated: 478 / 1000
generated: 480 / 1000
generated: 481 / 1000
generated: 482 / 1000
generated: 483 / 1000
generated: 486 / 1000
generated: 487 / 1000
generated: 490 / 1000
generated: 491 / 1000
generated: 492 / 1000
generated: 495 / 1000
generated: 497 / 1000
generated: 498 / 1000
generated: 499 / 1000
generated: 502 / 1000
generated: 503 / 1000
generated: 505 / 1000
generated: 508 / 1000
generated: 509 / 1000
generated: 510 / 1000
generated: 512 / 1000
generated: 514 / 1000
generated: 515 / 1000
generated: 517 / 1000
generated: 519 / 1000
generated: 520 / 1000
generated: 523 / 1000
generated: 526 / 1000
generated: 528 / 1000
generated: 530 / 1000
generated: 532 / 1000
generated: 535 / 1000
generated: 536 / 1000
generated: 539 / 1000
generated: 540 / 1000
generated: 542 / 1000
generated: 544 / 1000
generated: 545 / 1000
generated: 548 / 1000
generated: 549 / 1000
generated: 552 / 1000
generated: 554 / 1000
generated: 555 / 1000
generated: 556 / 1000
generated: 557 / 1000
generated: 559 / 1000
generated: 562 / 1000
generated: 564 / 1000
generated: 566 / 1000
generated: 568 / 1000
generated: 570 / 1000
generated: 571 / 1000
generated: 573 / 1000
generated: 576 / 1000
generated: 578 / 1000
generated: 579 / 1000
generated: 580 / 1000
generated: 581 / 1000
generated: 582 / 1000
generated: 583 / 1000
generated: 586 / 1000
generated: 589 / 1000
generated: 592 / 1000
generated: 597 / 1000
generated: 599 / 1000
generated: 600 / 1000
generated: 601 / 1000
generated: 602 / 1000
generated: 603 / 1000
generated: 605 / 1000
generated: 607 / 1000
generated: 608 / 1000
generated: 610 / 1000
generated: 611 / 1000
generated: 613 / 1000
generated: 615 / 1000
generated: 618 / 1000
generated: 620 / 1000
generated: 621 / 1000
generated: 622 / 1000
generated: 625 / 1000
generated: 627 / 1000
generated: 630 / 1000
generated: 631 / 1000
generated: 633 / 1000
generated: 635 / 1000
generated: 637 / 1000
generated: 639 / 1000
generated: 641 / 1000
generated: 644 / 1000
generated: 645 / 1000
generated: 647 / 1000
generated: 648 / 1000
generated: 650 / 1000
generated: 651 / 1000
generated: 653 / 1000
generated: 657 / 1000
generated: 660 / 1000
generated: 661 / 1000
generated: 663 / 1000
generated: 664 / 1000
generated: 667 / 1000
generated: 668 / 1000
generated: 670 / 1000
generated: 673 / 1000
generated: 677 / 1000
generated: 678 / 1000
generated: 680 / 1000
generated: 681 / 1000
generated: 684 / 1000
generated: 687 / 1000
generated: 689 / 1000
generated: 692 / 1000
generated: 695 / 1000
generated: 697 / 1000
generated: 698 / 1000
generated: 699 / 1000
generated: 700 / 1000
generated: 702 / 1000
generated: 704 / 1000
generated: 705 / 1000
generated: 708 / 1000
generated: 710 / 1000
generated: 712 / 1000
generated: 714 / 1000
generated: 716 / 1000
generated: 717 / 1000
generated: 719 / 1000
generated: 725 / 1000
generated: 726 / 1000
generated: 727 / 1000
generated: 729 / 1000
generated: 734 / 1000
generated: 736 / 1000
generated: 737 / 1000
generated: 738 / 1000
generated: 740 / 1000
generated: 742 / 1000
generated: 743 / 1000
generated: 745 / 1000
generated: 747 / 1000
generated: 750 / 1000
generated: 752 / 1000
generated: 753 / 1000
generated: 755 / 1000
generated: 758 / 1000
generated: 759 / 1000
generated: 760 / 1000
generated: 761 / 1000
generated: 764 / 1000
generated: 765 / 1000
generated: 768 / 1000
generated: 770 / 1000
generated: 772 / 1000
generated: 773 / 1000
generated: 776 / 1000
generated: 777 / 1000
generated: 781 / 1000
generated: 783 / 1000
generated: 785 / 1000
generated: 791 / 1000
generated: 794 / 1000
generated: 795 / 1000
generated: 797 / 1000
generated: 800 / 1000
generated: 803 / 1000
generated: 805 / 1000
generated: 807 / 1000
generated: 810 / 1000
generated: 813 / 1000
generated: 814 / 1000
generated: 817 / 1000
generated: 818 / 1000
generated: 819 / 1000
generated: 823 / 1000
generated: 825 / 1000
generated: 826 / 1000
generated: 827 / 1000
generated: 828 / 1000
generated: 829 / 1000
generated: 830 / 1000
generated: 833 / 1000
generated: 834 / 1000
generated: 836 / 1000
generated: 837 / 1000
generated: 841 / 1000
generated: 843 / 1000
generated: 848 / 1000
generated: 849 / 1000
generated: 850 / 1000
generated: 851 / 1000
generated: 853 / 1000
generated: 855 / 1000
generated: 856 / 1000
generated: 858 / 1000
generated: 860 / 1000
generated: 861 / 1000
generated: 862 / 1000
generated: 864 / 1000
generated: 866 / 1000
generated: 867 / 1000
generated: 869 / 1000
generated: 870 / 1000
generated: 872 / 1000
generated: 873 / 1000
generated: 875 / 1000
generated: 877 / 1000
generated: 879 / 1000
generated: 881 / 1000
generated: 884 / 1000
generated: 885 / 1000
generated: 886 / 1000
generated: 887 / 1000
generated: 891 / 1000
generated: 892 / 1000
generated: 896 / 1000
generated: 898 / 1000
generated: 901 / 1000
generated: 903 / 1000
generated: 905 / 1000
generated: 907 / 1000
generated: 910 / 1000
generated: 911 / 1000
generated: 913 / 1000
generated: 915 / 1000
generated: 916 / 1000
generated: 918 / 1000
generated: 919 / 1000
generated: 920 / 1000
generated: 922 / 1000
generated: 924 / 1000
generated: 928 / 1000
generated: 930 / 1000
generated: 931 / 1000
generated: 933 / 1000
generated: 934 / 1000
generated: 937 / 1000
generated: 938 / 1000
generated: 939 / 1000
generated: 942 / 1000
generated: 943 / 1000
generated: 947 / 1000
generated: 949 / 1000
generated: 952 / 1000
generated: 955 / 1000
generated: 957 / 1000
generated: 959 / 1000
generated: 961 / 1000
generated: 962 / 1000
generated: 963 / 1000
generated: 964 / 1000
generated: 965 / 1000
generated: 967 / 1000
generated: 968 / 1000
generated: 971 / 1000
generated: 972 / 1000
generated: 978 / 1000
generated: 980 / 1000
generated: 984 / 1000
generated: 986 / 1000
generated: 987 / 1000
generated: 989 / 1000
generated: 990 / 1000
generated: 991 / 1000
generated: 992 / 1000
generated: 993 / 1000
generated: 994 / 1000
generated: 997 / 1000
generated: 1000 / 1000
Sampling done in 48.8s
x0 pos    : x=[-0.386,0.403]  y=[-0.277,0.286]  z=[-0.433,0.423]
speed x0  : [0.213, 0.687]   (band [0.400, 1.0])
speed x1  : [0.217, 0.656]
Wrote 1000 training pairs to testing_data/3dshape/Ashape3d_env1
  sampled_points.npy (1000, 12)
  speed.npy          (1000, 2)
  normal.npy         (1000, 12)
  trans_n.npy        (1000, 12)
  rot_n.npy          (1000, 12)
  env.npy            (10000, 3)
