Delaunizing vertices...
Delaunay seconds:  0.000506
Creating surface mesh ...
Surface mesh seconds:  4.5e-05
Recovering boundaries...
Boundary recovery seconds:  0.003224
Removing exterior tetrahedra ...
Exterior tets removal seconds:  2e-05
Suppressing Steiner points ...
Steiner suppression seconds:  2e-06
Recovering Delaunayness...
Delaunay recovery seconds:  0.000362
Refining mesh...
  27 insertions, added 0 points, 2 tetrahedra in queue.
  8 insertions, added 0 points, 0 tetrahedra in queue.
Refinement seconds:  0.000109
Improving mesh...
Mesh improvement seconds:  1.4e-05
Jettisoning redundant points.

Writing nodes.
Writing elements.
Writing faces.
Writing edges.

Output seconds:  8e-06
Total running seconds:  0.004335

Statistics:

  Input points: 20
  Input facets: 40
  Input segments: 60
  Input holes: 0
  Input regions: 0

  Mesh points: 20
  Mesh tetrahedra: 30
  Mesh faces: 80
  Mesh faces on exterior boundary: 40
  Mesh faces on input facets: 40
  Mesh edges on input segments: 60

[load_obj] 'datasets/3dshape/env3.obj': 4 objects/groups
  [0] 'wall (1)'  (88 triangles)
  [1] 'Body14'  (12 triangles)
  [2] 'Body16'  (12 triangles)
  [3] 'Body17'  (12 triangles)
[load_obj] 'datasets/3dshape/Ashape3d.obj': 1 objects/groups
  [0] 'Body2'  (40 triangles)
Tetrahedralized shape: 30 tets, 40 boundary triangles, 20 verts
Sampling 1000 (x0, x1) pairs [TESTING (independent collision-free pairs)]   margin=0.05  offset=0.02  ...
generated: 2 / 1000
generated: 4 / 1000
generated: 5 / 1000
generated: 8 / 1000
generated: 12 / 1000
generated: 15 / 1000
generated: 17 / 1000
generated: 19 / 1000
generated: 21 / 1000
generated: 23 / 1000
generated: 24 / 1000
generated: 28 / 1000
generated: 30 / 1000
generated: 32 / 1000
generated: 35 / 1000
generated: 37 / 1000
generated: 39 / 1000
generated: 41 / 1000
generated: 42 / 1000
generated: 45 / 1000
generated: 46 / 1000
generated: 49 / 1000
generated: 51 / 1000
generated: 54 / 1000
generated: 57 / 1000
generated: 61 / 1000
generated: 63 / 1000
generated: 66 / 1000
generated: 67 / 1000
generated: 68 / 1000
generated: 71 / 1000
generated: 73 / 1000
generated: 75 / 1000
generated: 78 / 1000
generated: 81 / 1000
generated: 84 / 1000
generated: 89 / 1000
generated: 93 / 1000
generated: 96 / 1000
generated: 97 / 1000
generated: 103 / 1000
generated: 106 / 1000
generated: 107 / 1000
generated: 110 / 1000
generated: 113 / 1000
generated: 114 / 1000
generated: 118 / 1000
generated: 123 / 1000
generated: 124 / 1000
generated: 127 / 1000
generated: 128 / 1000
generated: 131 / 1000
generated: 132 / 1000
generated: 133 / 1000
generated: 135 / 1000
generated: 136 / 1000
generated: 140 / 1000
generated: 143 / 1000
generated: 145 / 1000
generated: 146 / 1000
generated: 151 / 1000
generated: 155 / 1000
generated: 156 / 1000
generated: 157 / 1000
generated: 162 / 1000
generated: 165 / 1000
generated: 169 / 1000
generated: 170 / 1000
generated: 172 / 1000
generated: 173 / 1000
generated: 176 / 1000
generated: 178 / 1000
generated: 182 / 1000
generated: 184 / 1000
generated: 186 / 1000
generated: 187 / 1000
generated: 190 / 1000
generated: 191 / 1000
generated: 192 / 1000
generated: 194 / 1000
generated: 196 / 1000
generated: 199 / 1000
generated: 202 / 1000
generated: 203 / 1000
generated: 205 / 1000
generated: 206 / 1000
generated: 208 / 1000
generated: 209 / 1000
generated: 211 / 1000
generated: 212 / 1000
generated: 213 / 1000
generated: 214 / 1000
generated: 216 / 1000
generated: 222 / 1000
generated: 226 / 1000
generated: 228 / 1000
generated: 231 / 1000
generated: 234 / 1000
generated: 236 / 1000
generated: 238 / 1000
generated: 239 / 1000
generated: 246 / 1000
generated: 247 / 1000
generated: 249 / 1000
generated: 252 / 1000
generated: 253 / 1000
generated: 254 / 1000
generated: 256 / 1000
generated: 257 / 1000
generated: 258 / 1000
generated: 260 / 1000
generated: 261 / 1000
generated: 262 / 1000
generated: 264 / 1000
generated: 265 / 1000
generated: 266 / 1000
generated: 268 / 1000
generated: 270 / 1000
generated: 273 / 1000
generated: 275 / 1000
generated: 276 / 1000
generated: 277 / 1000
generated: 280 / 1000
generated: 283 / 1000
generated: 284 / 1000
generated: 285 / 1000
generated: 287 / 1000
generated: 289 / 1000
generated: 291 / 1000
generated: 294 / 1000
generated: 296 / 1000
generated: 297 / 1000
generated: 298 / 1000
generated: 301 / 1000
generated: 303 / 1000
generated: 306 / 1000
generated: 308 / 1000
generated: 311 / 1000
generated: 313 / 1000
generated: 314 / 1000
generated: 316 / 1000
generated: 317 / 1000
generated: 319 / 1000
generated: 321 / 1000
generated: 326 / 1000
generated: 328 / 1000
generated: 331 / 1000
generated: 332 / 1000
generated: 334 / 1000
generated: 339 / 1000
generated: 340 / 1000
generated: 342 / 1000
generated: 343 / 1000
generated: 345 / 1000
generated: 347 / 1000
generated: 349 / 1000
generated: 351 / 1000
generated: 354 / 1000
generated: 355 / 1000
generated: 357 / 1000
generated: 362 / 1000
generated: 364 / 1000
generated: 365 / 1000
generated: 368 / 1000
generated: 369 / 1000
generated: 373 / 1000
generated: 375 / 1000
generated: 376 / 1000
generated: 377 / 1000
generated: 379 / 1000
generated: 381 / 1000
generated: 384 / 1000
generated: 389 / 1000
generated: 390 / 1000
generated: 391 / 1000
generated: 392 / 1000
generated: 393 / 1000
generated: 396 / 1000
generated: 399 / 1000
generated: 401 / 1000
generated: 402 / 1000
generated: 404 / 1000
generated: 406 / 1000
generated: 408 / 1000
generated: 409 / 1000
generated: 411 / 1000
generated: 414 / 1000
generated: 415 / 1000
generated: 417 / 1000
generated: 421 / 1000
generated: 425 / 1000
generated: 426 / 1000
generated: 430 / 1000
generated: 432 / 1000
generated: 435 / 1000
generated: 436 / 1000
generated: 442 / 1000
generated: 443 / 1000
generated: 444 / 1000
generated: 446 / 1000
generated: 448 / 1000
generated: 450 / 1000
generated: 453 / 1000
generated: 458 / 1000
generated: 461 / 1000
generated: 465 / 1000
generated: 469 / 1000
generated: 472 / 1000
generated: 473 / 1000
generated: 475 / 1000
generated: 477 / 1000
generated: 480 / 1000
generated: 482 / 1000
generated: 484 / 1000
generated: 485 / 1000
generated: 487 / 1000
generated: 488 / 1000
generated: 489 / 1000
generated: 491 / 1000
generated: 492 / 1000
generated: 493 / 1000
generated: 494 / 1000
generated: 497 / 1000
generated: 500 / 1000
generated: 502 / 1000
generated: 503 / 1000
generated: 507 / 1000
generated: 508 / 1000
generated: 511 / 1000
generated: 515 / 1000
generated: 516 / 1000
generated: 518 / 1000
generated: 519 / 1000
generated: 520 / 1000
generated: 521 / 1000
generated: 522 / 1000
generated: 524 / 1000
generated: 525 / 1000
generated: 526 / 1000
generated: 529 / 1000
generated: 531 / 1000
generated: 532 / 1000
generated: 533 / 1000
generated: 535 / 1000
generated: 537 / 1000
generated: 539 / 1000
generated: 541 / 1000
generated: 544 / 1000
generated: 546 / 1000
generated: 547 / 1000
generated: 548 / 1000
generated: 551 / 1000
generated: 553 / 1000
generated: 556 / 1000
generated: 559 / 1000
generated: 562 / 1000
generated: 566 / 1000
generated: 569 / 1000
generated: 572 / 1000
generated: 574 / 1000
generated: 576 / 1000
generated: 580 / 1000
generated: 584 / 1000
generated: 586 / 1000
generated: 589 / 1000
generated: 591 / 1000
generated: 595 / 1000
generated: 597 / 1000
generated: 599 / 1000
generated: 602 / 1000
generated: 605 / 1000
generated: 606 / 1000
generated: 607 / 1000
generated: 609 / 1000
generated: 611 / 1000
generated: 612 / 1000
generated: 613 / 1000
generated: 616 / 1000
generated: 618 / 1000
generated: 619 / 1000
generated: 621 / 1000
generated: 622 / 1000
generated: 625 / 1000
generated: 627 / 1000
generated: 628 / 1000
generated: 630 / 1000
generated: 631 / 1000
generated: 632 / 1000
generated: 636 / 1000
generated: 640 / 1000
generated: 643 / 1000
generated: 644 / 1000
generated: 647 / 1000
generated: 651 / 1000
generated: 652 / 1000
generated: 653 / 1000
generated: 656 / 1000
generated: 659 / 1000
generated: 661 / 1000
generated: 665 / 1000
generated: 666 / 1000
generated: 668 / 1000
generated: 670 / 1000
generated: 672 / 1000
generated: 673 / 1000
generated: 676 / 1000
generated: 677 / 1000
generated: 678 / 1000
generated: 683 / 1000
generated: 686 / 1000
generated: 688 / 1000
generated: 689 / 1000
generated: 691 / 1000
generated: 693 / 1000
generated: 696 / 1000
generated: 698 / 1000
generated: 701 / 1000
generated: 703 / 1000
generated: 706 / 1000
generated: 709 / 1000
generated: 714 / 1000
generated: 716 / 1000
generated: 718 / 1000
generated: 720 / 1000
generated: 722 / 1000
generated: 724 / 1000
generated: 727 / 1000
generated: 728 / 1000
generated: 731 / 1000
generated: 732 / 1000
generated: 736 / 1000
generated: 739 / 1000
generated: 741 / 1000
generated: 744 / 1000
generated: 745 / 1000
generated: 749 / 1000
generated: 753 / 1000
generated: 756 / 1000
generated: 758 / 1000
generated: 759 / 1000
generated: 760 / 1000
generated: 763 / 1000
generated: 766 / 1000
generated: 767 / 1000
generated: 768 / 1000
generated: 769 / 1000
generated: 770 / 1000
generated: 772 / 1000
generated: 775 / 1000
generated: 776 / 1000
generated: 777 / 1000
generated: 778 / 1000
generated: 780 / 1000
generated: 781 / 1000
generated: 784 / 1000
generated: 786 / 1000
generated: 787 / 1000
generated: 789 / 1000
generated: 791 / 1000
generated: 793 / 1000
generated: 794 / 1000
generated: 795 / 1000
generated: 796 / 1000
generated: 800 / 1000
generated: 801 / 1000
generated: 803 / 1000
generated: 804 / 1000
generated: 806 / 1000
generated: 807 / 1000
generated: 809 / 1000
generated: 813 / 1000
generated: 815 / 1000
generated: 816 / 1000
generated: 818 / 1000
generated: 820 / 1000
generated: 821 / 1000
generated: 826 / 1000
generated: 827 / 1000
generated: 830 / 1000
generated: 832 / 1000
generated: 833 / 1000
generated: 835 / 1000
generated: 836 / 1000
generated: 838 / 1000
generated: 839 / 1000
generated: 841 / 1000
generated: 842 / 1000
generated: 843 / 1000
generated: 846 / 1000
generated: 847 / 1000
generated: 853 / 1000
generated: 855 / 1000
generated: 856 / 1000
generated: 858 / 1000
generated: 861 / 1000
generated: 865 / 1000
generated: 867 / 1000
generated: 868 / 1000
generated: 869 / 1000
generated: 871 / 1000
generated: 872 / 1000
generated: 875 / 1000
generated: 876 / 1000
generated: 880 / 1000
generated: 883 / 1000
generated: 884 / 1000
generated: 885 / 1000
generated: 888 / 1000
generated: 892 / 1000
generated: 894 / 1000
generated: 895 / 1000
generated: 897 / 1000
generated: 898 / 1000
generated: 902 / 1000
generated: 905 / 1000
generated: 906 / 1000
generated: 910 / 1000
generated: 912 / 1000
generated: 913 / 1000
generated: 915 / 1000
generated: 919 / 1000
generated: 920 / 1000
generated: 922 / 1000
generated: 926 / 1000
generated: 927 / 1000
generated: 931 / 1000
generated: 933 / 1000
generated: 935 / 1000
generated: 936 / 1000
generated: 938 / 1000
generated: 940 / 1000
generated: 942 / 1000
generated: 943 / 1000
generated: 946 / 1000
generated: 950 / 1000
generated: 952 / 1000
generated: 957 / 1000
generated: 958 / 1000
generated: 960 / 1000
generated: 962 / 1000
generated: 963 / 1000
generated: 965 / 1000
generated: 970 / 1000
generated: 972 / 1000
generated: 973 / 1000
generated: 976 / 1000
generated: 978 / 1000
generated: 979 / 1000
generated: 982 / 1000
generated: 985 / 1000
generated: 986 / 1000
generated: 988 / 1000
generated: 990 / 1000
generated: 991 / 1000
generated: 993 / 1000
generated: 994 / 1000
generated: 995 / 1000
generated: 998 / 1000
generated: 1000 / 1000
Sampling done in 48.4s
x0 pos    : x=[-0.373,0.342]  y=[-0.260,0.268]  z=[-0.421,0.409]
speed x0  : [0.217, 1.000]   (band [0.400, 1.0])
speed x1  : [0.216, 1.000]
Wrote 1000 training pairs to testing_data/3dshape/Ashape3d_env3
  sampled_points.npy (1000, 12)
  speed.npy          (1000, 2)
  normal.npy         (1000, 12)
  trans_n.npy        (1000, 12)
  rot_n.npy          (1000, 12)
  env.npy            (10000, 3)
