Delaunizing vertices...
Delaunay seconds:  0.000184
Creating surface mesh ...
Surface mesh seconds:  4.5e-05
Recovering boundaries...
Boundary recovery seconds:  0.000137
Removing exterior tetrahedra ...
Exterior tets removal seconds:  2.1e-05
Recovering Delaunayness...
Delaunay recovery seconds:  0.000253
Refining mesh...
Refinement seconds:  0.001333
Improving mesh...
Mesh improvement seconds:  1.3e-05

Writing nodes.
Writing elements.
Writing faces.
Writing edges.

Output seconds:  8e-06
Total running seconds:  0.002036

Statistics:

  Input points: 20
  Input facets: 36
  Input segments: 54
  Input holes: 0
  Input regions: 0

  Mesh points: 20
  Mesh tetrahedra: 24
  Mesh faces: 66
  Mesh faces on exterior boundary: 36
  Mesh faces on input facets: 36
  Mesh edges on input segments: 54

[load_obj] 'datasets/3dshape/env2.obj': 9 objects/groups
  [0] 'Body1'  (12 triangles)
  [1] 'Body2'  (12 triangles)
  [2] 'wall (1)'  (88 triangles)
  [3] 'Body4'  (12 triangles)
  [4] 'Body5'  (12 triangles)
  [5] 'Body6'  (12 triangles)
  [6] 'Body7'  (12 triangles)
  [7] 'Body8'  (12 triangles)
  [8] 'Body9'  (12 triangles)
[load_obj] 'datasets/3dshape/Fshape3d.obj': 1 objects/groups
  [0] 'Body1'  (36 triangles)
Tetrahedralized shape: 24 tets, 36 boundary triangles, 20 verts
Sampling 1000 (x0, x1) pairs [TESTING (independent collision-free pairs)]   margin=0.05  offset=0.02  ...
generated: 5 / 1000
generated: 6 / 1000
generated: 9 / 1000
generated: 11 / 1000
generated: 12 / 1000
generated: 15 / 1000
generated: 21 / 1000
generated: 22 / 1000
generated: 24 / 1000
generated: 27 / 1000
generated: 29 / 1000
generated: 31 / 1000
generated: 33 / 1000
generated: 34 / 1000
generated: 38 / 1000
generated: 43 / 1000
generated: 45 / 1000
generated: 48 / 1000
generated: 49 / 1000
generated: 50 / 1000
generated: 52 / 1000
generated: 54 / 1000
generated: 59 / 1000
generated: 61 / 1000
generated: 66 / 1000
generated: 69 / 1000
generated: 71 / 1000
generated: 74 / 1000
generated: 77 / 1000
generated: 80 / 1000
generated: 83 / 1000
generated: 85 / 1000
generated: 88 / 1000
generated: 89 / 1000
generated: 90 / 1000
generated: 93 / 1000
generated: 94 / 1000
generated: 97 / 1000
generated: 99 / 1000
generated: 102 / 1000
generated: 104 / 1000
generated: 107 / 1000
generated: 108 / 1000
generated: 111 / 1000
generated: 113 / 1000
generated: 115 / 1000
generated: 117 / 1000
generated: 118 / 1000
generated: 120 / 1000
generated: 124 / 1000
generated: 127 / 1000
generated: 128 / 1000
generated: 137 / 1000
generated: 140 / 1000
generated: 141 / 1000
generated: 145 / 1000
generated: 150 / 1000
generated: 153 / 1000
generated: 155 / 1000
generated: 158 / 1000
generated: 162 / 1000
generated: 165 / 1000
generated: 167 / 1000
generated: 170 / 1000
generated: 171 / 1000
generated: 173 / 1000
generated: 178 / 1000
generated: 181 / 1000
generated: 183 / 1000
generated: 184 / 1000
generated: 187 / 1000
generated: 188 / 1000
generated: 189 / 1000
generated: 190 / 1000
generated: 192 / 1000
generated: 194 / 1000
generated: 196 / 1000
generated: 197 / 1000
generated: 199 / 1000
generated: 203 / 1000
generated: 205 / 1000
generated: 209 / 1000
generated: 213 / 1000
generated: 217 / 1000
generated: 219 / 1000
generated: 221 / 1000
generated: 223 / 1000
generated: 225 / 1000
generated: 229 / 1000
generated: 230 / 1000
generated: 232 / 1000
generated: 234 / 1000
generated: 236 / 1000
generated: 241 / 1000
generated: 244 / 1000
generated: 245 / 1000
generated: 247 / 1000
generated: 249 / 1000
generated: 250 / 1000
generated: 253 / 1000
generated: 255 / 1000
generated: 257 / 1000
generated: 260 / 1000
generated: 261 / 1000
generated: 263 / 1000
generated: 267 / 1000
generated: 269 / 1000
generated: 270 / 1000
generated: 272 / 1000
generated: 278 / 1000
generated: 279 / 1000
generated: 280 / 1000
generated: 282 / 1000
generated: 284 / 1000
generated: 294 / 1000
generated: 297 / 1000
generated: 301 / 1000
generated: 303 / 1000
generated: 304 / 1000
generated: 307 / 1000
generated: 309 / 1000
generated: 311 / 1000
generated: 313 / 1000
generated: 314 / 1000
generated: 318 / 1000
generated: 320 / 1000
generated: 322 / 1000
generated: 325 / 1000
generated: 327 / 1000
generated: 328 / 1000
generated: 329 / 1000
generated: 331 / 1000
generated: 334 / 1000
generated: 336 / 1000
generated: 338 / 1000
generated: 339 / 1000
generated: 345 / 1000
generated: 348 / 1000
generated: 351 / 1000
generated: 353 / 1000
generated: 357 / 1000
generated: 359 / 1000
generated: 360 / 1000
generated: 361 / 1000
generated: 363 / 1000
generated: 364 / 1000
generated: 365 / 1000
generated: 366 / 1000
generated: 367 / 1000
generated: 368 / 1000
generated: 369 / 1000
generated: 371 / 1000
generated: 374 / 1000
generated: 378 / 1000
generated: 383 / 1000
generated: 386 / 1000
generated: 388 / 1000
generated: 392 / 1000
generated: 396 / 1000
generated: 397 / 1000
generated: 398 / 1000
generated: 400 / 1000
generated: 404 / 1000
generated: 410 / 1000
generated: 411 / 1000
generated: 413 / 1000
generated: 415 / 1000
generated: 418 / 1000
generated: 421 / 1000
generated: 424 / 1000
generated: 427 / 1000
generated: 430 / 1000
generated: 431 / 1000
generated: 434 / 1000
generated: 438 / 1000
generated: 441 / 1000
generated: 444 / 1000
generated: 445 / 1000
generated: 446 / 1000
generated: 447 / 1000
generated: 448 / 1000
generated: 452 / 1000
generated: 456 / 1000
generated: 458 / 1000
generated: 459 / 1000
generated: 461 / 1000
generated: 462 / 1000
generated: 466 / 1000
generated: 469 / 1000
generated: 472 / 1000
generated: 475 / 1000
generated: 477 / 1000
generated: 478 / 1000
generated: 480 / 1000
generated: 483 / 1000
generated: 485 / 1000
generated: 488 / 1000
generated: 490 / 1000
generated: 491 / 1000
generated: 494 / 1000
generated: 496 / 1000
generated: 498 / 1000
generated: 500 / 1000
generated: 501 / 1000
generated: 505 / 1000
generated: 509 / 1000
generated: 510 / 1000
generated: 512 / 1000
generated: 513 / 1000
generated: 515 / 1000
generated: 519 / 1000
generated: 522 / 1000
generated: 525 / 1000
generated: 532 / 1000
generated: 534 / 1000
generated: 538 / 1000
generated: 540 / 1000
generated: 542 / 1000
generated: 544 / 1000
generated: 547 / 1000
generated: 549 / 1000
generated: 551 / 1000
generated: 555 / 1000
generated: 558 / 1000
generated: 560 / 1000
generated: 561 / 1000
generated: 562 / 1000
generated: 564 / 1000
generated: 566 / 1000
generated: 568 / 1000
generated: 571 / 1000
generated: 572 / 1000
generated: 577 / 1000
generated: 578 / 1000
generated: 580 / 1000
generated: 581 / 1000
generated: 584 / 1000
generated: 585 / 1000
generated: 588 / 1000
generated: 590 / 1000
generated: 591 / 1000
generated: 594 / 1000
generated: 600 / 1000
generated: 602 / 1000
generated: 603 / 1000
generated: 606 / 1000
generated: 607 / 1000
generated: 611 / 1000
generated: 614 / 1000
generated: 618 / 1000
generated: 622 / 1000
generated: 623 / 1000
generated: 625 / 1000
generated: 627 / 1000
generated: 630 / 1000
generated: 631 / 1000
generated: 633 / 1000
generated: 635 / 1000
generated: 640 / 1000
generated: 646 / 1000
generated: 650 / 1000
generated: 651 / 1000
generated: 653 / 1000
generated: 656 / 1000
generated: 657 / 1000
generated: 661 / 1000
generated: 662 / 1000
generated: 665 / 1000
generated: 667 / 1000
generated: 669 / 1000
generated: 672 / 1000
generated: 674 / 1000
generated: 677 / 1000
generated: 679 / 1000
generated: 680 / 1000
generated: 682 / 1000
generated: 684 / 1000
generated: 688 / 1000
generated: 690 / 1000
generated: 692 / 1000
generated: 695 / 1000
generated: 696 / 1000
generated: 697 / 1000
generated: 699 / 1000
generated: 702 / 1000
generated: 707 / 1000
generated: 709 / 1000
generated: 712 / 1000
generated: 716 / 1000
generated: 718 / 1000
generated: 720 / 1000
generated: 721 / 1000
generated: 722 / 1000
generated: 726 / 1000
generated: 728 / 1000
generated: 731 / 1000
generated: 733 / 1000
generated: 735 / 1000
generated: 737 / 1000
generated: 739 / 1000
generated: 743 / 1000
generated: 746 / 1000
generated: 750 / 1000
generated: 752 / 1000
generated: 753 / 1000
generated: 755 / 1000
generated: 757 / 1000
generated: 761 / 1000
generated: 762 / 1000
generated: 765 / 1000
generated: 766 / 1000
generated: 768 / 1000
generated: 770 / 1000
generated: 773 / 1000
generated: 776 / 1000
generated: 781 / 1000
generated: 782 / 1000
generated: 786 / 1000
generated: 787 / 1000
generated: 788 / 1000
generated: 789 / 1000
generated: 794 / 1000
generated: 796 / 1000
generated: 798 / 1000
generated: 799 / 1000
generated: 803 / 1000
generated: 808 / 1000
generated: 810 / 1000
generated: 812 / 1000
generated: 815 / 1000
generated: 817 / 1000
generated: 823 / 1000
generated: 827 / 1000
generated: 830 / 1000
generated: 832 / 1000
generated: 835 / 1000
generated: 838 / 1000
generated: 842 / 1000
generated: 844 / 1000
generated: 846 / 1000
generated: 848 / 1000
generated: 851 / 1000
generated: 854 / 1000
generated: 856 / 1000
generated: 859 / 1000
generated: 861 / 1000
generated: 863 / 1000
generated: 864 / 1000
generated: 865 / 1000
generated: 866 / 1000
generated: 868 / 1000
generated: 872 / 1000
generated: 874 / 1000
generated: 877 / 1000
generated: 879 / 1000
generated: 882 / 1000
generated: 883 / 1000
generated: 888 / 1000
generated: 889 / 1000
generated: 892 / 1000
generated: 896 / 1000
generated: 898 / 1000
generated: 899 / 1000
generated: 901 / 1000
generated: 902 / 1000
generated: 904 / 1000
generated: 906 / 1000
generated: 908 / 1000
generated: 911 / 1000
generated: 913 / 1000
generated: 915 / 1000
generated: 921 / 1000
generated: 923 / 1000
generated: 924 / 1000
generated: 926 / 1000
generated: 933 / 1000
generated: 934 / 1000
generated: 936 / 1000
generated: 938 / 1000
generated: 939 / 1000
generated: 940 / 1000
generated: 941 / 1000
generated: 942 / 1000
generated: 944 / 1000
generated: 948 / 1000
generated: 950 / 1000
generated: 954 / 1000
generated: 958 / 1000
generated: 959 / 1000
generated: 962 / 1000
generated: 963 / 1000
generated: 965 / 1000
generated: 967 / 1000
generated: 971 / 1000
generated: 975 / 1000
generated: 976 / 1000
generated: 981 / 1000
generated: 982 / 1000
generated: 985 / 1000
generated: 986 / 1000
generated: 987 / 1000
generated: 992 / 1000
generated: 996 / 1000
generated: 998 / 1000
generated: 999 / 1000
generated: 1000 / 1000
Sampling done in 22.7s
x0 pos    : x=[-0.400,0.390]  y=[-0.260,0.265]  z=[-0.433,0.445]
speed x0  : [0.224, 1.000]   (band [0.400, 1.0])
speed x1  : [0.225, 1.000]
Wrote 1000 training pairs to testing_data/3dshape/Fshape3d_env2
  sampled_points.npy (1000, 12)
  speed.npy          (1000, 2)
  normal.npy         (1000, 12)
  trans_n.npy        (1000, 12)
  rot_n.npy          (1000, 12)
  env.npy            (10000, 3)
