Delaunizing vertices...
Delaunay seconds:  0.000275
Creating surface mesh ...
Surface mesh seconds:  4.1e-05
Recovering boundaries...
Boundary recovery seconds:  0.000142
Removing exterior tetrahedra ...
Exterior tets removal seconds:  2.1e-05
Recovering Delaunayness...
Delaunay recovery seconds:  0.000365
Refining mesh...
Refinement seconds:  7.6e-05
Improving mesh...
Mesh improvement seconds:  1e-05

Writing nodes.
Writing elements.
Writing faces.
Writing edges.

Output seconds:  9e-06
Total running seconds:  0.000989

Statistics:

  Input points: 20
  Input facets: 36
  Input segments: 54
  Input holes: 0
  Input regions: 0

  Mesh points: 20
  Mesh tetrahedra: 24
  Mesh faces: 66
  Mesh faces on exterior boundary: 36
  Mesh faces on input facets: 36
  Mesh edges on input segments: 54

[load_obj] 'datasets/3dshape/env1.obj': 5 objects/groups
  [0] 'Body2'  (12 triangles)
  [1] 'Body3'  (12 triangles)
  [2] 'Body4'  (12 triangles)
  [3] 'Body5'  (12 triangles)
  [4] 'wall (2)'  (12 triangles)
[load_obj] 'datasets/3dshape/Fshape3d.obj': 1 objects/groups
  [0] 'Body1'  (36 triangles)
Tetrahedralized shape: 24 tets, 36 boundary triangles, 20 verts
Sampling 1000 (x0, x1) pairs [TESTING (independent collision-free pairs)]   margin=0.05  offset=0.02  ...
generated: 4 / 1000
generated: 7 / 1000
generated: 11 / 1000
generated: 12 / 1000
generated: 15 / 1000
generated: 16 / 1000
generated: 19 / 1000
generated: 21 / 1000
generated: 23 / 1000
generated: 27 / 1000
generated: 31 / 1000
generated: 33 / 1000
generated: 36 / 1000
generated: 38 / 1000
generated: 42 / 1000
generated: 44 / 1000
generated: 47 / 1000
generated: 52 / 1000
generated: 56 / 1000
generated: 58 / 1000
generated: 60 / 1000
generated: 64 / 1000
generated: 67 / 1000
generated: 68 / 1000
generated: 72 / 1000
generated: 74 / 1000
generated: 75 / 1000
generated: 78 / 1000
generated: 80 / 1000
generated: 83 / 1000
generated: 85 / 1000
generated: 87 / 1000
generated: 88 / 1000
generated: 90 / 1000
generated: 93 / 1000
generated: 94 / 1000
generated: 97 / 1000
generated: 99 / 1000
generated: 101 / 1000
generated: 102 / 1000
generated: 103 / 1000
generated: 104 / 1000
generated: 108 / 1000
generated: 112 / 1000
generated: 115 / 1000
generated: 119 / 1000
generated: 120 / 1000
generated: 122 / 1000
generated: 126 / 1000
generated: 130 / 1000
generated: 133 / 1000
generated: 134 / 1000
generated: 136 / 1000
generated: 137 / 1000
generated: 138 / 1000
generated: 139 / 1000
generated: 141 / 1000
generated: 142 / 1000
generated: 146 / 1000
generated: 150 / 1000
generated: 151 / 1000
generated: 152 / 1000
generated: 154 / 1000
generated: 155 / 1000
generated: 157 / 1000
generated: 159 / 1000
generated: 160 / 1000
generated: 161 / 1000
generated: 163 / 1000
generated: 165 / 1000
generated: 167 / 1000
generated: 172 / 1000
generated: 173 / 1000
generated: 175 / 1000
generated: 178 / 1000
generated: 182 / 1000
generated: 183 / 1000
generated: 189 / 1000
generated: 192 / 1000
generated: 195 / 1000
generated: 199 / 1000
generated: 203 / 1000
generated: 205 / 1000
generated: 208 / 1000
generated: 210 / 1000
generated: 213 / 1000
generated: 216 / 1000
generated: 220 / 1000
generated: 224 / 1000
generated: 231 / 1000
generated: 234 / 1000
generated: 236 / 1000
generated: 239 / 1000
generated: 243 / 1000
generated: 245 / 1000
generated: 246 / 1000
generated: 249 / 1000
generated: 250 / 1000
generated: 252 / 1000
generated: 255 / 1000
generated: 259 / 1000
generated: 260 / 1000
generated: 262 / 1000
generated: 264 / 1000
generated: 266 / 1000
generated: 269 / 1000
generated: 276 / 1000
generated: 278 / 1000
generated: 284 / 1000
generated: 286 / 1000
generated: 288 / 1000
generated: 289 / 1000
generated: 291 / 1000
generated: 293 / 1000
generated: 295 / 1000
generated: 298 / 1000
generated: 299 / 1000
generated: 301 / 1000
generated: 305 / 1000
generated: 311 / 1000
generated: 314 / 1000
generated: 317 / 1000
generated: 318 / 1000
generated: 319 / 1000
generated: 320 / 1000
generated: 323 / 1000
generated: 326 / 1000
generated: 330 / 1000
generated: 334 / 1000
generated: 339 / 1000
generated: 341 / 1000
generated: 343 / 1000
generated: 344 / 1000
generated: 347 / 1000
generated: 353 / 1000
generated: 354 / 1000
generated: 356 / 1000
generated: 357 / 1000
generated: 363 / 1000
generated: 365 / 1000
generated: 369 / 1000
generated: 371 / 1000
generated: 374 / 1000
generated: 375 / 1000
generated: 376 / 1000
generated: 377 / 1000
generated: 379 / 1000
generated: 381 / 1000
generated: 382 / 1000
generated: 384 / 1000
generated: 390 / 1000
generated: 393 / 1000
generated: 397 / 1000
generated: 401 / 1000
generated: 405 / 1000
generated: 411 / 1000
generated: 413 / 1000
generated: 414 / 1000
generated: 415 / 1000
generated: 416 / 1000
generated: 418 / 1000
generated: 420 / 1000
generated: 421 / 1000
generated: 425 / 1000
generated: 428 / 1000
generated: 430 / 1000
generated: 433 / 1000
generated: 435 / 1000
generated: 436 / 1000
generated: 437 / 1000
generated: 439 / 1000
generated: 442 / 1000
generated: 443 / 1000
generated: 449 / 1000
generated: 451 / 1000
generated: 452 / 1000
generated: 454 / 1000
generated: 457 / 1000
generated: 461 / 1000
generated: 464 / 1000
generated: 466 / 1000
generated: 467 / 1000
generated: 470 / 1000
generated: 472 / 1000
generated: 474 / 1000
generated: 475 / 1000
generated: 478 / 1000
generated: 482 / 1000
generated: 486 / 1000
generated: 488 / 1000
generated: 490 / 1000
generated: 493 / 1000
generated: 496 / 1000
generated: 502 / 1000
generated: 505 / 1000
generated: 509 / 1000
generated: 514 / 1000
generated: 516 / 1000
generated: 519 / 1000
generated: 520 / 1000
generated: 523 / 1000
generated: 525 / 1000
generated: 530 / 1000
generated: 532 / 1000
generated: 533 / 1000
generated: 536 / 1000
generated: 540 / 1000
generated: 541 / 1000
generated: 543 / 1000
generated: 546 / 1000
generated: 547 / 1000
generated: 549 / 1000
generated: 550 / 1000
generated: 554 / 1000
generated: 558 / 1000
generated: 562 / 1000
generated: 563 / 1000
generated: 567 / 1000
generated: 570 / 1000
generated: 572 / 1000
generated: 574 / 1000
generated: 575 / 1000
generated: 576 / 1000
generated: 578 / 1000
generated: 579 / 1000
generated: 580 / 1000
generated: 581 / 1000
generated: 582 / 1000
generated: 584 / 1000
generated: 586 / 1000
generated: 589 / 1000
generated: 591 / 1000
generated: 593 / 1000
generated: 596 / 1000
generated: 598 / 1000
generated: 602 / 1000
generated: 608 / 1000
generated: 611 / 1000
generated: 615 / 1000
generated: 616 / 1000
generated: 617 / 1000
generated: 618 / 1000
generated: 622 / 1000
generated: 624 / 1000
generated: 625 / 1000
generated: 630 / 1000
generated: 631 / 1000
generated: 636 / 1000
generated: 639 / 1000
generated: 640 / 1000
generated: 642 / 1000
generated: 646 / 1000
generated: 650 / 1000
generated: 654 / 1000
generated: 658 / 1000
generated: 660 / 1000
generated: 662 / 1000
generated: 664 / 1000
generated: 666 / 1000
generated: 668 / 1000
generated: 672 / 1000
generated: 676 / 1000
generated: 682 / 1000
generated: 685 / 1000
generated: 690 / 1000
generated: 691 / 1000
generated: 694 / 1000
generated: 698 / 1000
generated: 701 / 1000
generated: 704 / 1000
generated: 706 / 1000
generated: 708 / 1000
generated: 710 / 1000
generated: 711 / 1000
generated: 714 / 1000
generated: 721 / 1000
generated: 723 / 1000
generated: 726 / 1000
generated: 729 / 1000
generated: 733 / 1000
generated: 734 / 1000
generated: 736 / 1000
generated: 737 / 1000
generated: 738 / 1000
generated: 739 / 1000
generated: 742 / 1000
generated: 745 / 1000
generated: 747 / 1000
generated: 751 / 1000
generated: 754 / 1000
generated: 756 / 1000
generated: 759 / 1000
generated: 763 / 1000
generated: 766 / 1000
generated: 768 / 1000
generated: 769 / 1000
generated: 771 / 1000
generated: 773 / 1000
generated: 776 / 1000
generated: 778 / 1000
generated: 781 / 1000
generated: 783 / 1000
generated: 789 / 1000
generated: 791 / 1000
generated: 792 / 1000
generated: 796 / 1000
generated: 798 / 1000
generated: 800 / 1000
generated: 803 / 1000
generated: 807 / 1000
generated: 808 / 1000
generated: 811 / 1000
generated: 813 / 1000
generated: 816 / 1000
generated: 818 / 1000
generated: 819 / 1000
generated: 822 / 1000
generated: 825 / 1000
generated: 826 / 1000
generated: 827 / 1000
generated: 830 / 1000
generated: 833 / 1000
generated: 834 / 1000
generated: 835 / 1000
generated: 839 / 1000
generated: 841 / 1000
generated: 848 / 1000
generated: 850 / 1000
generated: 853 / 1000
generated: 858 / 1000
generated: 861 / 1000
generated: 864 / 1000
generated: 866 / 1000
generated: 868 / 1000
generated: 871 / 1000
generated: 872 / 1000
generated: 875 / 1000
generated: 876 / 1000
generated: 878 / 1000
generated: 881 / 1000
generated: 883 / 1000
generated: 885 / 1000
generated: 890 / 1000
generated: 891 / 1000
generated: 892 / 1000
generated: 894 / 1000
generated: 898 / 1000
generated: 901 / 1000
generated: 904 / 1000
generated: 905 / 1000
generated: 908 / 1000
generated: 909 / 1000
generated: 910 / 1000
generated: 912 / 1000
generated: 915 / 1000
generated: 916 / 1000
generated: 919 / 1000
generated: 920 / 1000
generated: 921 / 1000
generated: 924 / 1000
generated: 926 / 1000
generated: 930 / 1000
generated: 931 / 1000
generated: 933 / 1000
generated: 934 / 1000
generated: 937 / 1000
generated: 938 / 1000
generated: 939 / 1000
generated: 941 / 1000
generated: 945 / 1000
generated: 949 / 1000
generated: 952 / 1000
generated: 954 / 1000
generated: 958 / 1000
generated: 961 / 1000
generated: 964 / 1000
generated: 967 / 1000
generated: 968 / 1000
generated: 970 / 1000
generated: 974 / 1000
generated: 975 / 1000
generated: 977 / 1000
generated: 979 / 1000
generated: 980 / 1000
generated: 983 / 1000
generated: 987 / 1000
generated: 990 / 1000
generated: 991 / 1000
generated: 992 / 1000
generated: 993 / 1000
generated: 994 / 1000
generated: 996 / 1000
generated: 997 / 1000
generated: 1000 / 1000
Sampling done in 22.3s
x0 pos    : x=[-0.406,0.416]  y=[-0.285,0.284]  z=[-0.438,0.432]
speed x0  : [0.225, 1.000]   (band [0.400, 1.0])
speed x1  : [0.218, 0.713]
Wrote 1000 training pairs to testing_data/3dshape/Fshape3d_env1
  sampled_points.npy (1000, 12)
  speed.npy          (1000, 2)
  normal.npy         (1000, 12)
  trans_n.npy        (1000, 12)
  rot_n.npy          (1000, 12)
  env.npy            (10000, 3)
