Delaunizing vertices...
Delaunay seconds:  0.000305
Creating surface mesh ...
Surface mesh seconds:  7.6e-05
Recovering boundaries...
Boundary recovery seconds:  0.000241
Removing exterior tetrahedra ...
Exterior tets removal seconds:  2e-05
Recovering Delaunayness...
Delaunay recovery seconds:  0.000423
Refining mesh...
Refinement seconds:  0.000121
Improving mesh...
Mesh improvement seconds:  3.2e-05

Writing nodes.
Writing elements.
Writing faces.
Writing edges.

Output seconds:  8e-06
Total running seconds:  0.001307

Statistics:

  Input points: 20
  Input facets: 36
  Input segments: 54
  Input holes: 0
  Input regions: 0

  Mesh points: 20
  Mesh tetrahedra: 24
  Mesh faces: 66
  Mesh faces on exterior boundary: 36
  Mesh faces on input facets: 36
  Mesh edges on input segments: 54

[load_obj] 'datasets/3dshape/env3.obj': 4 objects/groups
  [0] 'wall (1)'  (88 triangles)
  [1] 'Body14'  (12 triangles)
  [2] 'Body16'  (12 triangles)
  [3] 'Body17'  (12 triangles)
[load_obj] 'datasets/3dshape/Fshape3d.obj': 1 objects/groups
  [0] 'Body1'  (36 triangles)
Tetrahedralized shape: 24 tets, 36 boundary triangles, 20 verts
Sampling 1000 (x0, x1) pairs [TESTING (independent collision-free pairs)]   margin=0.05  offset=0.02  ...
generated: 2 / 1000
generated: 4 / 1000
generated: 7 / 1000
generated: 10 / 1000
generated: 15 / 1000
generated: 18 / 1000
generated: 23 / 1000
generated: 24 / 1000
generated: 25 / 1000
generated: 26 / 1000
generated: 27 / 1000
generated: 31 / 1000
generated: 35 / 1000
generated: 36 / 1000
generated: 40 / 1000
generated: 43 / 1000
generated: 44 / 1000
generated: 46 / 1000
generated: 48 / 1000
generated: 51 / 1000
generated: 53 / 1000
generated: 55 / 1000
generated: 58 / 1000
generated: 61 / 1000
generated: 65 / 1000
generated: 68 / 1000
generated: 70 / 1000
generated: 71 / 1000
generated: 72 / 1000
generated: 76 / 1000
generated: 80 / 1000
generated: 81 / 1000
generated: 85 / 1000
generated: 86 / 1000
generated: 88 / 1000
generated: 89 / 1000
generated: 90 / 1000
generated: 94 / 1000
generated: 97 / 1000
generated: 99 / 1000
generated: 102 / 1000
generated: 104 / 1000
generated: 106 / 1000
generated: 109 / 1000
generated: 114 / 1000
generated: 116 / 1000
generated: 118 / 1000
generated: 121 / 1000
generated: 124 / 1000
generated: 128 / 1000
generated: 133 / 1000
generated: 137 / 1000
generated: 142 / 1000
generated: 145 / 1000
generated: 149 / 1000
generated: 151 / 1000
generated: 152 / 1000
generated: 154 / 1000
generated: 156 / 1000
generated: 157 / 1000
generated: 163 / 1000
generated: 165 / 1000
generated: 169 / 1000
generated: 172 / 1000
generated: 173 / 1000
generated: 175 / 1000
generated: 179 / 1000
generated: 183 / 1000
generated: 185 / 1000
generated: 187 / 1000
generated: 191 / 1000
generated: 193 / 1000
generated: 195 / 1000
generated: 197 / 1000
generated: 201 / 1000
generated: 204 / 1000
generated: 206 / 1000
generated: 211 / 1000
generated: 216 / 1000
generated: 218 / 1000
generated: 223 / 1000
generated: 224 / 1000
generated: 227 / 1000
generated: 229 / 1000
generated: 236 / 1000
generated: 237 / 1000
generated: 241 / 1000
generated: 243 / 1000
generated: 246 / 1000
generated: 248 / 1000
generated: 249 / 1000
generated: 251 / 1000
generated: 255 / 1000
generated: 257 / 1000
generated: 259 / 1000
generated: 264 / 1000
generated: 266 / 1000
generated: 268 / 1000
generated: 272 / 1000
generated: 275 / 1000
generated: 278 / 1000
generated: 279 / 1000
generated: 281 / 1000
generated: 284 / 1000
generated: 287 / 1000
generated: 292 / 1000
generated: 293 / 1000
generated: 296 / 1000
generated: 298 / 1000
generated: 300 / 1000
generated: 303 / 1000
generated: 308 / 1000
generated: 311 / 1000
generated: 312 / 1000
generated: 313 / 1000
generated: 314 / 1000
generated: 317 / 1000
generated: 320 / 1000
generated: 322 / 1000
generated: 325 / 1000
generated: 329 / 1000
generated: 334 / 1000
generated: 340 / 1000
generated: 342 / 1000
generated: 343 / 1000
generated: 344 / 1000
generated: 346 / 1000
generated: 349 / 1000
generated: 350 / 1000
generated: 352 / 1000
generated: 355 / 1000
generated: 361 / 1000
generated: 363 / 1000
generated: 365 / 1000
generated: 367 / 1000
generated: 368 / 1000
generated: 371 / 1000
generated: 372 / 1000
generated: 376 / 1000
generated: 377 / 1000
generated: 379 / 1000
generated: 380 / 1000
generated: 382 / 1000
generated: 385 / 1000
generated: 386 / 1000
generated: 388 / 1000
generated: 390 / 1000
generated: 393 / 1000
generated: 394 / 1000
generated: 395 / 1000
generated: 398 / 1000
generated: 399 / 1000
generated: 401 / 1000
generated: 406 / 1000
generated: 408 / 1000
generated: 411 / 1000
generated: 412 / 1000
generated: 413 / 1000
generated: 417 / 1000
generated: 418 / 1000
generated: 423 / 1000
generated: 426 / 1000
generated: 430 / 1000
generated: 433 / 1000
generated: 436 / 1000
generated: 439 / 1000
generated: 442 / 1000
generated: 446 / 1000
generated: 447 / 1000
generated: 451 / 1000
generated: 452 / 1000
generated: 455 / 1000
generated: 456 / 1000
generated: 457 / 1000
generated: 463 / 1000
generated: 465 / 1000
generated: 469 / 1000
generated: 475 / 1000
generated: 477 / 1000
generated: 481 / 1000
generated: 482 / 1000
generated: 486 / 1000
generated: 488 / 1000
generated: 492 / 1000
generated: 493 / 1000
generated: 496 / 1000
generated: 502 / 1000
generated: 503 / 1000
generated: 504 / 1000
generated: 505 / 1000
generated: 509 / 1000
generated: 512 / 1000
generated: 514 / 1000
generated: 515 / 1000
generated: 518 / 1000
generated: 520 / 1000
generated: 523 / 1000
generated: 528 / 1000
generated: 533 / 1000
generated: 536 / 1000
generated: 538 / 1000
generated: 539 / 1000
generated: 541 / 1000
generated: 543 / 1000
generated: 545 / 1000
generated: 547 / 1000
generated: 549 / 1000
generated: 553 / 1000
generated: 559 / 1000
generated: 560 / 1000
generated: 562 / 1000
generated: 566 / 1000
generated: 570 / 1000
generated: 571 / 1000
generated: 575 / 1000
generated: 578 / 1000
generated: 580 / 1000
generated: 582 / 1000
generated: 587 / 1000
generated: 590 / 1000
generated: 592 / 1000
generated: 594 / 1000
generated: 596 / 1000
generated: 598 / 1000
generated: 600 / 1000
generated: 601 / 1000
generated: 604 / 1000
generated: 606 / 1000
generated: 611 / 1000
generated: 614 / 1000
generated: 616 / 1000
generated: 618 / 1000
generated: 620 / 1000
generated: 623 / 1000
generated: 625 / 1000
generated: 626 / 1000
generated: 628 / 1000
generated: 632 / 1000
generated: 636 / 1000
generated: 640 / 1000
generated: 642 / 1000
generated: 644 / 1000
generated: 648 / 1000
generated: 651 / 1000
generated: 656 / 1000
generated: 662 / 1000
generated: 664 / 1000
generated: 667 / 1000
generated: 671 / 1000
generated: 673 / 1000
generated: 677 / 1000
generated: 680 / 1000
generated: 682 / 1000
generated: 683 / 1000
generated: 685 / 1000
generated: 689 / 1000
generated: 692 / 1000
generated: 696 / 1000
generated: 698 / 1000
generated: 700 / 1000
generated: 703 / 1000
generated: 707 / 1000
generated: 711 / 1000
generated: 713 / 1000
generated: 715 / 1000
generated: 716 / 1000
generated: 717 / 1000
generated: 720 / 1000
generated: 721 / 1000
generated: 723 / 1000
generated: 730 / 1000
generated: 735 / 1000
generated: 738 / 1000
generated: 740 / 1000
generated: 742 / 1000
generated: 743 / 1000
generated: 746 / 1000
generated: 748 / 1000
generated: 749 / 1000
generated: 752 / 1000
generated: 754 / 1000
generated: 755 / 1000
generated: 758 / 1000
generated: 763 / 1000
generated: 766 / 1000
generated: 770 / 1000
generated: 772 / 1000
generated: 774 / 1000
generated: 776 / 1000
generated: 782 / 1000
generated: 783 / 1000
generated: 785 / 1000
generated: 788 / 1000
generated: 789 / 1000
generated: 793 / 1000
generated: 794 / 1000
generated: 800 / 1000
generated: 802 / 1000
generated: 803 / 1000
generated: 808 / 1000
generated: 813 / 1000
generated: 816 / 1000
generated: 818 / 1000
generated: 823 / 1000
generated: 827 / 1000
generated: 828 / 1000
generated: 830 / 1000
generated: 832 / 1000
generated: 836 / 1000
generated: 838 / 1000
generated: 841 / 1000
generated: 844 / 1000
generated: 847 / 1000
generated: 850 / 1000
generated: 857 / 1000
generated: 859 / 1000
generated: 860 / 1000
generated: 863 / 1000
generated: 867 / 1000
generated: 870 / 1000
generated: 871 / 1000
generated: 874 / 1000
generated: 875 / 1000
generated: 881 / 1000
generated: 886 / 1000
generated: 889 / 1000
generated: 891 / 1000
generated: 894 / 1000
generated: 896 / 1000
generated: 898 / 1000
generated: 900 / 1000
generated: 901 / 1000
generated: 904 / 1000
generated: 907 / 1000
generated: 909 / 1000
generated: 913 / 1000
generated: 918 / 1000
generated: 922 / 1000
generated: 924 / 1000
generated: 928 / 1000
generated: 930 / 1000
generated: 931 / 1000
generated: 934 / 1000
generated: 937 / 1000
generated: 942 / 1000
generated: 946 / 1000
generated: 949 / 1000
generated: 950 / 1000
generated: 956 / 1000
generated: 958 / 1000
generated: 960 / 1000
generated: 963 / 1000
generated: 966 / 1000
generated: 968 / 1000
generated: 969 / 1000
generated: 970 / 1000
generated: 973 / 1000
generated: 974 / 1000
generated: 979 / 1000
generated: 981 / 1000
generated: 988 / 1000
generated: 993 / 1000
generated: 995 / 1000
generated: 998 / 1000
generated: 999 / 1000
generated: 1000 / 1000
Sampling done in 24.1s
x0 pos    : x=[-0.383,0.381]  y=[-0.263,0.260]  z=[-0.438,0.443]
speed x0  : [0.222, 1.000]   (band [0.400, 1.0])
speed x1  : [0.224, 1.000]
Wrote 1000 training pairs to testing_data/3dshape/Fshape3d_env3
  sampled_points.npy (1000, 12)
  speed.npy          (1000, 2)
  normal.npy         (1000, 12)
  trans_n.npy        (1000, 12)
  rot_n.npy          (1000, 12)
  env.npy            (10000, 3)
