Delaunizing vertices...
Delaunay seconds:  0.000187
Creating surface mesh ...
Surface mesh seconds:  4.1e-05
Recovering boundaries...
Boundary recovery seconds:  0.000139
Removing exterior tetrahedra ...
Exterior tets removal seconds:  2e-05
Recovering Delaunayness...
Delaunay recovery seconds:  0.000251
Refining mesh...
Refinement seconds:  7.1e-05
Improving mesh...
Mesh improvement seconds:  1e-05

Writing nodes.
Writing elements.
Writing faces.
Writing edges.

Output seconds:  7e-06
Total running seconds:  0.000767

Statistics:

  Input points: 20
  Input facets: 36
  Input segments: 54
  Input holes: 0
  Input regions: 0

  Mesh points: 20
  Mesh tetrahedra: 24
  Mesh faces: 66
  Mesh faces on exterior boundary: 36
  Mesh faces on input facets: 36
  Mesh edges on input segments: 54

[load_obj] 'datasets/3dshape/env4.obj': 7 objects/groups
  [0] 'wall (1)'  (88 triangles)
  [1] 'Body14'  (12 triangles)
  [2] 'Body15'  (12 triangles)
  [3] 'Body16'  (12 triangles)
  [4] 'Body17'  (12 triangles)
  [5] 'Body18'  (12 triangles)
  [6] 'Body19'  (12 triangles)
[load_obj] 'datasets/3dshape/Fshape3d.obj': 1 objects/groups
  [0] 'Body1'  (36 triangles)
Tetrahedralized shape: 24 tets, 36 boundary triangles, 20 verts
Sampling 1000 (x0, x1) pairs [TESTING (independent collision-free pairs)]   margin=0.05  offset=0.02  ...
generated: 4 / 1000
generated: 7 / 1000
generated: 9 / 1000
generated: 12 / 1000
generated: 14 / 1000
generated: 15 / 1000
generated: 17 / 1000
generated: 18 / 1000
generated: 19 / 1000
generated: 20 / 1000
generated: 22 / 1000
generated: 24 / 1000
generated: 28 / 1000
generated: 32 / 1000
generated: 35 / 1000
generated: 38 / 1000
generated: 40 / 1000
generated: 41 / 1000
generated: 43 / 1000
generated: 45 / 1000
generated: 47 / 1000
generated: 48 / 1000
generated: 51 / 1000
generated: 52 / 1000
generated: 53 / 1000
generated: 57 / 1000
generated: 60 / 1000
generated: 61 / 1000
generated: 63 / 1000
generated: 64 / 1000
generated: 65 / 1000
generated: 66 / 1000
generated: 67 / 1000
generated: 68 / 1000
generated: 72 / 1000
generated: 73 / 1000
generated: 77 / 1000
generated: 78 / 1000
generated: 80 / 1000
generated: 84 / 1000
generated: 85 / 1000
generated: 88 / 1000
generated: 91 / 1000
generated: 93 / 1000
generated: 96 / 1000
generated: 98 / 1000
generated: 102 / 1000
generated: 103 / 1000
generated: 105 / 1000
generated: 109 / 1000
generated: 111 / 1000
generated: 113 / 1000
generated: 114 / 1000
generated: 115 / 1000
generated: 116 / 1000
generated: 117 / 1000
generated: 119 / 1000
generated: 120 / 1000
generated: 122 / 1000
generated: 125 / 1000
generated: 128 / 1000
generated: 132 / 1000
generated: 136 / 1000
generated: 137 / 1000
generated: 139 / 1000
generated: 140 / 1000
generated: 142 / 1000
generated: 149 / 1000
generated: 150 / 1000
generated: 151 / 1000
generated: 152 / 1000
generated: 153 / 1000
generated: 155 / 1000
generated: 156 / 1000
generated: 157 / 1000
generated: 160 / 1000
generated: 162 / 1000
generated: 164 / 1000
generated: 167 / 1000
generated: 169 / 1000
generated: 171 / 1000
generated: 175 / 1000
generated: 176 / 1000
generated: 179 / 1000
generated: 180 / 1000
generated: 182 / 1000
generated: 183 / 1000
generated: 186 / 1000
generated: 189 / 1000
generated: 192 / 1000
generated: 194 / 1000
generated: 197 / 1000
generated: 200 / 1000
generated: 202 / 1000
generated: 203 / 1000
generated: 204 / 1000
generated: 206 / 1000
generated: 208 / 1000
generated: 212 / 1000
generated: 217 / 1000
generated: 218 / 1000
generated: 222 / 1000
generated: 223 / 1000
generated: 224 / 1000
generated: 226 / 1000
generated: 230 / 1000
generated: 233 / 1000
generated: 236 / 1000
generated: 237 / 1000
generated: 241 / 1000
generated: 242 / 1000
generated: 244 / 1000
generated: 247 / 1000
generated: 248 / 1000
generated: 250 / 1000
generated: 254 / 1000
generated: 256 / 1000
generated: 257 / 1000
generated: 261 / 1000
generated: 262 / 1000
generated: 267 / 1000
generated: 269 / 1000
generated: 270 / 1000
generated: 272 / 1000
generated: 274 / 1000
generated: 276 / 1000
generated: 278 / 1000
generated: 282 / 1000
generated: 283 / 1000
generated: 288 / 1000
generated: 289 / 1000
generated: 292 / 1000
generated: 293 / 1000
generated: 295 / 1000
generated: 297 / 1000
generated: 299 / 1000
generated: 301 / 1000
generated: 302 / 1000
generated: 304 / 1000
generated: 309 / 1000
generated: 310 / 1000
generated: 313 / 1000
generated: 316 / 1000
generated: 318 / 1000
generated: 319 / 1000
generated: 321 / 1000
generated: 323 / 1000
generated: 326 / 1000
generated: 328 / 1000
generated: 330 / 1000
generated: 333 / 1000
generated: 335 / 1000
generated: 337 / 1000
generated: 338 / 1000
generated: 339 / 1000
generated: 340 / 1000
generated: 341 / 1000
generated: 346 / 1000
generated: 347 / 1000
generated: 350 / 1000
generated: 354 / 1000
generated: 357 / 1000
generated: 358 / 1000
generated: 360 / 1000
generated: 362 / 1000
generated: 364 / 1000
generated: 366 / 1000
generated: 369 / 1000
generated: 371 / 1000
generated: 373 / 1000
generated: 375 / 1000
generated: 377 / 1000
generated: 382 / 1000
generated: 387 / 1000
generated: 388 / 1000
generated: 390 / 1000
generated: 391 / 1000
generated: 393 / 1000
generated: 394 / 1000
generated: 398 / 1000
generated: 402 / 1000
generated: 403 / 1000
generated: 406 / 1000
generated: 409 / 1000
generated: 413 / 1000
generated: 415 / 1000
generated: 418 / 1000
generated: 422 / 1000
generated: 424 / 1000
generated: 427 / 1000
generated: 431 / 1000
generated: 433 / 1000
generated: 434 / 1000
generated: 438 / 1000
generated: 442 / 1000
generated: 444 / 1000
generated: 446 / 1000
generated: 448 / 1000
generated: 452 / 1000
generated: 455 / 1000
generated: 458 / 1000
generated: 459 / 1000
generated: 464 / 1000
generated: 469 / 1000
generated: 470 / 1000
generated: 471 / 1000
generated: 473 / 1000
generated: 474 / 1000
generated: 477 / 1000
generated: 478 / 1000
generated: 480 / 1000
generated: 483 / 1000
generated: 485 / 1000
generated: 487 / 1000
generated: 489 / 1000
generated: 490 / 1000
generated: 493 / 1000
generated: 495 / 1000
generated: 500 / 1000
generated: 504 / 1000
generated: 505 / 1000
generated: 508 / 1000
generated: 510 / 1000
generated: 514 / 1000
generated: 517 / 1000
generated: 520 / 1000
generated: 523 / 1000
generated: 525 / 1000
generated: 527 / 1000
generated: 532 / 1000
generated: 534 / 1000
generated: 536 / 1000
generated: 537 / 1000
generated: 541 / 1000
generated: 543 / 1000
generated: 548 / 1000
generated: 551 / 1000
generated: 553 / 1000
generated: 555 / 1000
generated: 558 / 1000
generated: 561 / 1000
generated: 566 / 1000
generated: 571 / 1000
generated: 576 / 1000
generated: 578 / 1000
generated: 580 / 1000
generated: 582 / 1000
generated: 583 / 1000
generated: 584 / 1000
generated: 586 / 1000
generated: 587 / 1000
generated: 589 / 1000
generated: 590 / 1000
generated: 594 / 1000
generated: 596 / 1000
generated: 601 / 1000
generated: 602 / 1000
generated: 605 / 1000
generated: 611 / 1000
generated: 614 / 1000
generated: 615 / 1000
generated: 616 / 1000
generated: 617 / 1000
generated: 619 / 1000
generated: 621 / 1000
generated: 624 / 1000
generated: 625 / 1000
generated: 626 / 1000
generated: 627 / 1000
generated: 633 / 1000
generated: 636 / 1000
generated: 638 / 1000
generated: 640 / 1000
generated: 642 / 1000
generated: 643 / 1000
generated: 645 / 1000
generated: 647 / 1000
generated: 649 / 1000
generated: 652 / 1000
generated: 653 / 1000
generated: 655 / 1000
generated: 658 / 1000
generated: 660 / 1000
generated: 661 / 1000
generated: 663 / 1000
generated: 664 / 1000
generated: 665 / 1000
generated: 669 / 1000
generated: 671 / 1000
generated: 672 / 1000
generated: 673 / 1000
generated: 676 / 1000
generated: 678 / 1000
generated: 679 / 1000
generated: 682 / 1000
generated: 684 / 1000
generated: 685 / 1000
generated: 687 / 1000
generated: 689 / 1000
generated: 694 / 1000
generated: 696 / 1000
generated: 697 / 1000
generated: 699 / 1000
generated: 703 / 1000
generated: 705 / 1000
generated: 709 / 1000
generated: 711 / 1000
generated: 716 / 1000
generated: 719 / 1000
generated: 720 / 1000
generated: 722 / 1000
generated: 725 / 1000
generated: 727 / 1000
generated: 729 / 1000
generated: 731 / 1000
generated: 734 / 1000
generated: 735 / 1000
generated: 737 / 1000
generated: 740 / 1000
generated: 744 / 1000
generated: 747 / 1000
generated: 749 / 1000
generated: 752 / 1000
generated: 754 / 1000
generated: 758 / 1000
generated: 759 / 1000
generated: 760 / 1000
generated: 764 / 1000
generated: 767 / 1000
generated: 769 / 1000
generated: 772 / 1000
generated: 774 / 1000
generated: 776 / 1000
generated: 779 / 1000
generated: 782 / 1000
generated: 783 / 1000
generated: 784 / 1000
generated: 785 / 1000
generated: 786 / 1000
generated: 787 / 1000
generated: 789 / 1000
generated: 791 / 1000
generated: 794 / 1000
generated: 796 / 1000
generated: 798 / 1000
generated: 801 / 1000
generated: 802 / 1000
generated: 805 / 1000
generated: 806 / 1000
generated: 807 / 1000
generated: 808 / 1000
generated: 809 / 1000
generated: 810 / 1000
generated: 812 / 1000
generated: 814 / 1000
generated: 816 / 1000
generated: 818 / 1000
generated: 822 / 1000
generated: 823 / 1000
generated: 825 / 1000
generated: 826 / 1000
generated: 829 / 1000
generated: 830 / 1000
generated: 833 / 1000
generated: 834 / 1000
generated: 838 / 1000
generated: 840 / 1000
generated: 841 / 1000
generated: 844 / 1000
generated: 845 / 1000
generated: 847 / 1000
generated: 849 / 1000
generated: 850 / 1000
generated: 852 / 1000
generated: 854 / 1000
generated: 856 / 1000
generated: 860 / 1000
generated: 862 / 1000
generated: 864 / 1000
generated: 868 / 1000
generated: 872 / 1000
generated: 873 / 1000
generated: 874 / 1000
generated: 876 / 1000
generated: 878 / 1000
generated: 884 / 1000
generated: 887 / 1000
generated: 890 / 1000
generated: 892 / 1000
generated: 893 / 1000
generated: 897 / 1000
generated: 900 / 1000
generated: 902 / 1000
generated: 904 / 1000
generated: 907 / 1000
generated: 910 / 1000
generated: 913 / 1000
generated: 915 / 1000
generated: 919 / 1000
generated: 922 / 1000
generated: 924 / 1000
generated: 926 / 1000
generated: 929 / 1000
generated: 930 / 1000
generated: 931 / 1000
generated: 935 / 1000
generated: 936 / 1000
generated: 938 / 1000
generated: 939 / 1000
generated: 940 / 1000
generated: 942 / 1000
generated: 944 / 1000
generated: 945 / 1000
generated: 947 / 1000
generated: 948 / 1000
generated: 951 / 1000
generated: 952 / 1000
generated: 954 / 1000
generated: 960 / 1000
generated: 962 / 1000
generated: 963 / 1000
generated: 966 / 1000
generated: 967 / 1000
generated: 968 / 1000
generated: 973 / 1000
generated: 975 / 1000
generated: 977 / 1000
generated: 979 / 1000
generated: 980 / 1000
generated: 981 / 1000
generated: 982 / 1000
generated: 985 / 1000
generated: 986 / 1000
generated: 988 / 1000
generated: 989 / 1000
generated: 991 / 1000
generated: 992 / 1000
generated: 993 / 1000
generated: 994 / 1000
generated: 995 / 1000
generated: 996 / 1000
generated: 999 / 1000
generated: 1000 / 1000
Sampling done in 28.4s
x0 pos    : x=[-0.385,0.390]  y=[-0.267,0.262]  z=[-0.420,0.437]
speed x0  : [0.224, 1.000]   (band [0.400, 1.0])
speed x1  : [0.221, 1.000]
Wrote 1000 training pairs to testing_data/3dshape/Fshape3d_env4
  sampled_points.npy (1000, 12)
  speed.npy          (1000, 2)
  normal.npy         (1000, 12)
  trans_n.npy        (1000, 12)
  rot_n.npy          (1000, 12)
  env.npy            (10000, 3)
