Delaunizing vertices...
Delaunay seconds:  0.001141
Creating surface mesh ...
Surface mesh seconds:  3.2e-05
Recovering boundaries...
Boundary recovery seconds:  0.000295
Removing exterior tetrahedra ...
Exterior tets removal seconds:  0.000134
Recovering Delaunayness...
Delaunay recovery seconds:  0.000327
Refining mesh...
Refinement seconds:  0.000318
Improving mesh...
Mesh improvement seconds:  1.2e-05

Writing nodes.
Writing elements.
Writing faces.
Writing edges.

Output seconds:  0.000119
Total running seconds:  0.002687

Statistics:

  Input points: 12
  Input facets: 20
  Input segments: 30
  Input holes: 0
  Input regions: 0

  Mesh points: 12
  Mesh tetrahedra: 12
  Mesh faces: 34
  Mesh faces on exterior boundary: 20
  Mesh faces on input facets: 20
  Mesh edges on input segments: 30

[load_obj] 'datasets/3dshape/env1.obj': 5 objects/groups
  [0] 'Body2'  (12 triangles)
  [1] 'Body3'  (12 triangles)
  [2] 'Body4'  (12 triangles)
  [3] 'Body5'  (12 triangles)
  [4] 'wall (2)'  (12 triangles)
[load_obj] 'datasets/3dshape/Lshape3d.obj': 1 objects/groups
  [0] 'Body1'  (20 triangles)
Tetrahedralized shape: 12 tets, 20 boundary triangles, 12 verts
Sampling 1000 (x0, x1) pairs [TESTING (independent collision-free pairs)]   margin=0.05  offset=0.02  ...
generated: 3 / 1000
generated: 4 / 1000
generated: 7 / 1000
generated: 10 / 1000
generated: 13 / 1000
generated: 19 / 1000
generated: 23 / 1000
generated: 25 / 1000
generated: 29 / 1000
generated: 32 / 1000
generated: 33 / 1000
generated: 34 / 1000
generated: 39 / 1000
generated: 43 / 1000
generated: 45 / 1000
generated: 46 / 1000
generated: 47 / 1000
generated: 48 / 1000
generated: 50 / 1000
generated: 55 / 1000
generated: 58 / 1000
generated: 59 / 1000
generated: 60 / 1000
generated: 63 / 1000
generated: 66 / 1000
generated: 67 / 1000
generated: 70 / 1000
generated: 73 / 1000
generated: 77 / 1000
generated: 80 / 1000
generated: 82 / 1000
generated: 84 / 1000
generated: 88 / 1000
generated: 90 / 1000
generated: 93 / 1000
generated: 95 / 1000
generated: 97 / 1000
generated: 101 / 1000
generated: 102 / 1000
generated: 103 / 1000
generated: 104 / 1000
generated: 107 / 1000
generated: 111 / 1000
generated: 114 / 1000
generated: 116 / 1000
generated: 120 / 1000
generated: 123 / 1000
generated: 124 / 1000
generated: 125 / 1000
generated: 128 / 1000
generated: 129 / 1000
generated: 132 / 1000
generated: 134 / 1000
generated: 138 / 1000
generated: 140 / 1000
generated: 145 / 1000
generated: 146 / 1000
generated: 150 / 1000
generated: 156 / 1000
generated: 157 / 1000
generated: 161 / 1000
generated: 164 / 1000
generated: 167 / 1000
generated: 168 / 1000
generated: 171 / 1000
generated: 173 / 1000
generated: 176 / 1000
generated: 178 / 1000
generated: 180 / 1000
generated: 186 / 1000
generated: 188 / 1000
generated: 193 / 1000
generated: 195 / 1000
generated: 200 / 1000
generated: 202 / 1000
generated: 204 / 1000
generated: 208 / 1000
generated: 210 / 1000
generated: 214 / 1000
generated: 217 / 1000
generated: 220 / 1000
generated: 224 / 1000
generated: 227 / 1000
generated: 230 / 1000
generated: 232 / 1000
generated: 237 / 1000
generated: 240 / 1000
generated: 246 / 1000
generated: 248 / 1000
generated: 250 / 1000
generated: 252 / 1000
generated: 254 / 1000
generated: 258 / 1000
generated: 260 / 1000
generated: 265 / 1000
generated: 268 / 1000
generated: 272 / 1000
generated: 274 / 1000
generated: 278 / 1000
generated: 279 / 1000
generated: 284 / 1000
generated: 288 / 1000
generated: 292 / 1000
generated: 293 / 1000
generated: 296 / 1000
generated: 298 / 1000
generated: 300 / 1000
generated: 302 / 1000
generated: 303 / 1000
generated: 306 / 1000
generated: 308 / 1000
generated: 311 / 1000
generated: 313 / 1000
generated: 314 / 1000
generated: 319 / 1000
generated: 323 / 1000
generated: 326 / 1000
generated: 329 / 1000
generated: 330 / 1000
generated: 332 / 1000
generated: 335 / 1000
generated: 337 / 1000
generated: 338 / 1000
generated: 340 / 1000
generated: 345 / 1000
generated: 348 / 1000
generated: 351 / 1000
generated: 353 / 1000
generated: 355 / 1000
generated: 357 / 1000
generated: 363 / 1000
generated: 367 / 1000
generated: 369 / 1000
generated: 370 / 1000
generated: 374 / 1000
generated: 377 / 1000
generated: 382 / 1000
generated: 388 / 1000
generated: 391 / 1000
generated: 392 / 1000
generated: 395 / 1000
generated: 396 / 1000
generated: 397 / 1000
generated: 398 / 1000
generated: 399 / 1000
generated: 404 / 1000
generated: 405 / 1000
generated: 414 / 1000
generated: 415 / 1000
generated: 418 / 1000
generated: 420 / 1000
generated: 421 / 1000
generated: 426 / 1000
generated: 429 / 1000
generated: 430 / 1000
generated: 435 / 1000
generated: 437 / 1000
generated: 439 / 1000
generated: 442 / 1000
generated: 444 / 1000
generated: 445 / 1000
generated: 448 / 1000
generated: 453 / 1000
generated: 458 / 1000
generated: 461 / 1000
generated: 462 / 1000
generated: 465 / 1000
generated: 468 / 1000
generated: 470 / 1000
generated: 472 / 1000
generated: 474 / 1000
generated: 477 / 1000
generated: 480 / 1000
generated: 484 / 1000
generated: 487 / 1000
generated: 490 / 1000
generated: 492 / 1000
generated: 495 / 1000
generated: 498 / 1000
generated: 499 / 1000
generated: 502 / 1000
generated: 506 / 1000
generated: 507 / 1000
generated: 510 / 1000
generated: 513 / 1000
generated: 515 / 1000
generated: 516 / 1000
generated: 521 / 1000
generated: 525 / 1000
generated: 528 / 1000
generated: 531 / 1000
generated: 532 / 1000
generated: 534 / 1000
generated: 535 / 1000
generated: 536 / 1000
generated: 540 / 1000
generated: 544 / 1000
generated: 547 / 1000
generated: 549 / 1000
generated: 552 / 1000
generated: 553 / 1000
generated: 554 / 1000
generated: 556 / 1000
generated: 559 / 1000
generated: 563 / 1000
generated: 565 / 1000
generated: 567 / 1000
generated: 569 / 1000
generated: 572 / 1000
generated: 574 / 1000
generated: 576 / 1000
generated: 578 / 1000
generated: 579 / 1000
generated: 584 / 1000
generated: 585 / 1000
generated: 591 / 1000
generated: 593 / 1000
generated: 597 / 1000
generated: 598 / 1000
generated: 600 / 1000
generated: 603 / 1000
generated: 604 / 1000
generated: 606 / 1000
generated: 608 / 1000
generated: 610 / 1000
generated: 614 / 1000
generated: 617 / 1000
generated: 619 / 1000
generated: 620 / 1000
generated: 625 / 1000
generated: 627 / 1000
generated: 628 / 1000
generated: 631 / 1000
generated: 635 / 1000
generated: 637 / 1000
generated: 639 / 1000
generated: 642 / 1000
generated: 643 / 1000
generated: 646 / 1000
generated: 649 / 1000
generated: 653 / 1000
generated: 658 / 1000
generated: 661 / 1000
generated: 662 / 1000
generated: 666 / 1000
generated: 670 / 1000
generated: 675 / 1000
generated: 680 / 1000
generated: 682 / 1000
generated: 686 / 1000
generated: 688 / 1000
generated: 690 / 1000
generated: 692 / 1000
generated: 694 / 1000
generated: 697 / 1000
generated: 700 / 1000
generated: 705 / 1000
generated: 709 / 1000
generated: 710 / 1000
generated: 713 / 1000
generated: 720 / 1000
generated: 722 / 1000
generated: 724 / 1000
generated: 725 / 1000
generated: 726 / 1000
generated: 729 / 1000
generated: 734 / 1000
generated: 738 / 1000
generated: 739 / 1000
generated: 743 / 1000
generated: 749 / 1000
generated: 752 / 1000
generated: 754 / 1000
generated: 755 / 1000
generated: 757 / 1000
generated: 760 / 1000
generated: 762 / 1000
generated: 765 / 1000
generated: 766 / 1000
generated: 768 / 1000
generated: 769 / 1000
generated: 774 / 1000
generated: 775 / 1000
generated: 777 / 1000
generated: 778 / 1000
generated: 781 / 1000
generated: 784 / 1000
generated: 785 / 1000
generated: 788 / 1000
generated: 792 / 1000
generated: 794 / 1000
generated: 797 / 1000
generated: 799 / 1000
generated: 802 / 1000
generated: 806 / 1000
generated: 811 / 1000
generated: 812 / 1000
generated: 813 / 1000
generated: 815 / 1000
generated: 817 / 1000
generated: 819 / 1000
generated: 823 / 1000
generated: 825 / 1000
generated: 829 / 1000
generated: 834 / 1000
generated: 837 / 1000
generated: 838 / 1000
generated: 841 / 1000
generated: 842 / 1000
generated: 843 / 1000
generated: 845 / 1000
generated: 848 / 1000
generated: 850 / 1000
generated: 853 / 1000
generated: 856 / 1000
generated: 858 / 1000
generated: 862 / 1000
generated: 867 / 1000
generated: 868 / 1000
generated: 871 / 1000
generated: 872 / 1000
generated: 875 / 1000
generated: 878 / 1000
generated: 881 / 1000
generated: 885 / 1000
generated: 889 / 1000
generated: 892 / 1000
generated: 895 / 1000
generated: 898 / 1000
generated: 904 / 1000
generated: 905 / 1000
generated: 912 / 1000
generated: 913 / 1000
generated: 917 / 1000
generated: 920 / 1000
generated: 923 / 1000
generated: 924 / 1000
generated: 926 / 1000
generated: 928 / 1000
generated: 929 / 1000
generated: 930 / 1000
generated: 932 / 1000
generated: 934 / 1000
generated: 938 / 1000
generated: 942 / 1000
generated: 943 / 1000
generated: 947 / 1000
generated: 949 / 1000
generated: 952 / 1000
generated: 955 / 1000
generated: 956 / 1000
generated: 957 / 1000
generated: 962 / 1000
generated: 964 / 1000
generated: 966 / 1000
generated: 970 / 1000
generated: 972 / 1000
generated: 975 / 1000
generated: 981 / 1000
generated: 984 / 1000
generated: 987 / 1000
generated: 989 / 1000
generated: 991 / 1000
generated: 995 / 1000
generated: 999 / 1000
generated: 1000 / 1000
Sampling done in 12.8s
x0 pos    : x=[-0.389,0.413]  y=[-0.281,0.284]  z=[-0.431,0.448]
speed x0  : [0.225, 1.000]   (band [0.400, 1.0])
speed x1  : [0.220, 1.000]
Wrote 1000 training pairs to testing_data/3dshape/Lshape3d_env1
  sampled_points.npy (1000, 12)
  speed.npy          (1000, 2)
  normal.npy         (1000, 12)
  trans_n.npy        (1000, 12)
  rot_n.npy          (1000, 12)
  env.npy            (10000, 3)
