Delaunizing vertices...
Delaunay seconds:  9.1e-05
Creating surface mesh ...
Surface mesh seconds:  3.1e-05
Recovering boundaries...
Boundary recovery seconds:  4.9e-05
Removing exterior tetrahedra ...
Exterior tets removal seconds:  1.2e-05
Recovering Delaunayness...
Delaunay recovery seconds:  3e-05
Refining mesh...
Refinement seconds:  5.6e-05
Improving mesh...
Mesh improvement seconds:  1.1e-05

Writing nodes.
Writing elements.
Writing faces.
Writing edges.

Output seconds:  7e-06
Total running seconds:  0.000338

Statistics:

  Input points: 12
  Input facets: 20
  Input segments: 30
  Input holes: 0
  Input regions: 0

  Mesh points: 12
  Mesh tetrahedra: 12
  Mesh faces: 34
  Mesh faces on exterior boundary: 20
  Mesh faces on input facets: 20
  Mesh edges on input segments: 30

[load_obj] 'datasets/3dshape/env2.obj': 9 objects/groups
  [0] 'Body1'  (12 triangles)
  [1] 'Body2'  (12 triangles)
  [2] 'wall (1)'  (88 triangles)
  [3] 'Body4'  (12 triangles)
  [4] 'Body5'  (12 triangles)
  [5] 'Body6'  (12 triangles)
  [6] 'Body7'  (12 triangles)
  [7] 'Body8'  (12 triangles)
  [8] 'Body9'  (12 triangles)
[load_obj] 'datasets/3dshape/Lshape3d.obj': 1 objects/groups
  [0] 'Body1'  (20 triangles)
Tetrahedralized shape: 12 tets, 20 boundary triangles, 12 verts
Sampling 1000 (x0, x1) pairs [TESTING (independent collision-free pairs)]   margin=0.05  offset=0.02  ...
generated: 3 / 1000
generated: 6 / 1000
generated: 7 / 1000
generated: 9 / 1000
generated: 13 / 1000
generated: 14 / 1000
generated: 15 / 1000
generated: 17 / 1000
generated: 22 / 1000
generated: 24 / 1000
generated: 29 / 1000
generated: 32 / 1000
generated: 36 / 1000
generated: 39 / 1000
generated: 40 / 1000
generated: 43 / 1000
generated: 44 / 1000
generated: 47 / 1000
generated: 48 / 1000
generated: 49 / 1000
generated: 52 / 1000
generated: 53 / 1000
generated: 58 / 1000
generated: 60 / 1000
generated: 62 / 1000
generated: 65 / 1000
generated: 70 / 1000
generated: 71 / 1000
generated: 74 / 1000
generated: 75 / 1000
generated: 77 / 1000
generated: 79 / 1000
generated: 80 / 1000
generated: 85 / 1000
generated: 90 / 1000
generated: 91 / 1000
generated: 94 / 1000
generated: 95 / 1000
generated: 98 / 1000
generated: 99 / 1000
generated: 103 / 1000
generated: 104 / 1000
generated: 106 / 1000
generated: 107 / 1000
generated: 108 / 1000
generated: 111 / 1000
generated: 112 / 1000
generated: 115 / 1000
generated: 116 / 1000
generated: 119 / 1000
generated: 124 / 1000
generated: 127 / 1000
generated: 131 / 1000
generated: 135 / 1000
generated: 139 / 1000
generated: 143 / 1000
generated: 145 / 1000
generated: 146 / 1000
generated: 149 / 1000
generated: 152 / 1000
generated: 157 / 1000
generated: 159 / 1000
generated: 163 / 1000
generated: 167 / 1000
generated: 169 / 1000
generated: 171 / 1000
generated: 172 / 1000
generated: 174 / 1000
generated: 177 / 1000
generated: 183 / 1000
generated: 185 / 1000
generated: 187 / 1000
generated: 190 / 1000
generated: 191 / 1000
generated: 193 / 1000
generated: 194 / 1000
generated: 196 / 1000
generated: 199 / 1000
generated: 202 / 1000
generated: 206 / 1000
generated: 208 / 1000
generated: 210 / 1000
generated: 212 / 1000
generated: 217 / 1000
generated: 219 / 1000
generated: 221 / 1000
generated: 223 / 1000
generated: 226 / 1000
generated: 227 / 1000
generated: 228 / 1000
generated: 233 / 1000
generated: 234 / 1000
generated: 235 / 1000
generated: 237 / 1000
generated: 239 / 1000
generated: 245 / 1000
generated: 248 / 1000
generated: 250 / 1000
generated: 251 / 1000
generated: 253 / 1000
generated: 258 / 1000
generated: 260 / 1000
generated: 262 / 1000
generated: 264 / 1000
generated: 267 / 1000
generated: 268 / 1000
generated: 272 / 1000
generated: 278 / 1000
generated: 283 / 1000
generated: 286 / 1000
generated: 289 / 1000
generated: 291 / 1000
generated: 294 / 1000
generated: 296 / 1000
generated: 297 / 1000
generated: 299 / 1000
generated: 302 / 1000
generated: 305 / 1000
generated: 306 / 1000
generated: 308 / 1000
generated: 310 / 1000
generated: 311 / 1000
generated: 314 / 1000
generated: 317 / 1000
generated: 320 / 1000
generated: 324 / 1000
generated: 327 / 1000
generated: 331 / 1000
generated: 333 / 1000
generated: 335 / 1000
generated: 339 / 1000
generated: 342 / 1000
generated: 344 / 1000
generated: 350 / 1000
generated: 357 / 1000
generated: 359 / 1000
generated: 361 / 1000
generated: 364 / 1000
generated: 367 / 1000
generated: 369 / 1000
generated: 373 / 1000
generated: 376 / 1000
generated: 380 / 1000
generated: 382 / 1000
generated: 385 / 1000
generated: 388 / 1000
generated: 390 / 1000
generated: 394 / 1000
generated: 395 / 1000
generated: 396 / 1000
generated: 397 / 1000
generated: 399 / 1000
generated: 400 / 1000
generated: 404 / 1000
generated: 406 / 1000
generated: 409 / 1000
generated: 410 / 1000
generated: 412 / 1000
generated: 416 / 1000
generated: 417 / 1000
generated: 421 / 1000
generated: 422 / 1000
generated: 423 / 1000
generated: 427 / 1000
generated: 432 / 1000
generated: 434 / 1000
generated: 435 / 1000
generated: 438 / 1000
generated: 444 / 1000
generated: 445 / 1000
generated: 448 / 1000
generated: 453 / 1000
generated: 459 / 1000
generated: 464 / 1000
generated: 465 / 1000
generated: 466 / 1000
generated: 467 / 1000
generated: 468 / 1000
generated: 469 / 1000
generated: 472 / 1000
generated: 474 / 1000
generated: 477 / 1000
generated: 479 / 1000
generated: 480 / 1000
generated: 481 / 1000
generated: 484 / 1000
generated: 488 / 1000
generated: 493 / 1000
generated: 496 / 1000
generated: 500 / 1000
generated: 504 / 1000
generated: 505 / 1000
generated: 508 / 1000
generated: 513 / 1000
generated: 514 / 1000
generated: 515 / 1000
generated: 517 / 1000
generated: 520 / 1000
generated: 525 / 1000
generated: 527 / 1000
generated: 529 / 1000
generated: 535 / 1000
generated: 540 / 1000
generated: 541 / 1000
generated: 542 / 1000
generated: 545 / 1000
generated: 549 / 1000
generated: 552 / 1000
generated: 553 / 1000
generated: 556 / 1000
generated: 557 / 1000
generated: 561 / 1000
generated: 562 / 1000
generated: 563 / 1000
generated: 565 / 1000
generated: 568 / 1000
generated: 571 / 1000
generated: 572 / 1000
generated: 573 / 1000
generated: 574 / 1000
generated: 576 / 1000
generated: 579 / 1000
generated: 584 / 1000
generated: 585 / 1000
generated: 588 / 1000
generated: 592 / 1000
generated: 596 / 1000
generated: 598 / 1000
generated: 602 / 1000
generated: 604 / 1000
generated: 609 / 1000
generated: 616 / 1000
generated: 618 / 1000
generated: 622 / 1000
generated: 624 / 1000
generated: 626 / 1000
generated: 627 / 1000
generated: 631 / 1000
generated: 635 / 1000
generated: 638 / 1000
generated: 640 / 1000
generated: 646 / 1000
generated: 650 / 1000
generated: 653 / 1000
generated: 654 / 1000
generated: 657 / 1000
generated: 659 / 1000
generated: 662 / 1000
generated: 666 / 1000
generated: 667 / 1000
generated: 672 / 1000
generated: 675 / 1000
generated: 677 / 1000
generated: 679 / 1000
generated: 681 / 1000
generated: 684 / 1000
generated: 688 / 1000
generated: 690 / 1000
generated: 693 / 1000
generated: 694 / 1000
generated: 695 / 1000
generated: 699 / 1000
generated: 700 / 1000
generated: 705 / 1000
generated: 706 / 1000
generated: 709 / 1000
generated: 713 / 1000
generated: 718 / 1000
generated: 720 / 1000
generated: 721 / 1000
generated: 725 / 1000
generated: 727 / 1000
generated: 729 / 1000
generated: 732 / 1000
generated: 735 / 1000
generated: 736 / 1000
generated: 737 / 1000
generated: 740 / 1000
generated: 745 / 1000
generated: 748 / 1000
generated: 750 / 1000
generated: 752 / 1000
generated: 754 / 1000
generated: 761 / 1000
generated: 764 / 1000
generated: 766 / 1000
generated: 768 / 1000
generated: 772 / 1000
generated: 775 / 1000
generated: 777 / 1000
generated: 779 / 1000
generated: 783 / 1000
generated: 787 / 1000
generated: 791 / 1000
generated: 794 / 1000
generated: 798 / 1000
generated: 800 / 1000
generated: 804 / 1000
generated: 808 / 1000
generated: 811 / 1000
generated: 816 / 1000
generated: 822 / 1000
generated: 825 / 1000
generated: 829 / 1000
generated: 832 / 1000
generated: 834 / 1000
generated: 838 / 1000
generated: 841 / 1000
generated: 847 / 1000
generated: 848 / 1000
generated: 849 / 1000
generated: 850 / 1000
generated: 852 / 1000
generated: 854 / 1000
generated: 855 / 1000
generated: 857 / 1000
generated: 859 / 1000
generated: 860 / 1000
generated: 864 / 1000
generated: 865 / 1000
generated: 866 / 1000
generated: 869 / 1000
generated: 871 / 1000
generated: 878 / 1000
generated: 883 / 1000
generated: 884 / 1000
generated: 886 / 1000
generated: 887 / 1000
generated: 891 / 1000
generated: 893 / 1000
generated: 903 / 1000
generated: 906 / 1000
generated: 911 / 1000
generated: 912 / 1000
generated: 913 / 1000
generated: 919 / 1000
generated: 920 / 1000
generated: 921 / 1000
generated: 923 / 1000
generated: 927 / 1000
generated: 929 / 1000
generated: 933 / 1000
generated: 936 / 1000
generated: 939 / 1000
generated: 941 / 1000
generated: 945 / 1000
generated: 948 / 1000
generated: 949 / 1000
generated: 952 / 1000
generated: 957 / 1000
generated: 960 / 1000
generated: 961 / 1000
generated: 962 / 1000
generated: 965 / 1000
generated: 968 / 1000
generated: 971 / 1000
generated: 973 / 1000
generated: 976 / 1000
generated: 980 / 1000
generated: 982 / 1000
generated: 991 / 1000
generated: 993 / 1000
generated: 997 / 1000
generated: 999 / 1000
generated: 1000 / 1000
Sampling done in 12.8s
x0 pos    : x=[-0.372,0.396]  y=[-0.270,0.260]  z=[-0.432,0.432]
speed x0  : [0.223, 1.000]   (band [0.400, 1.0])
speed x1  : [0.222, 1.000]
Wrote 1000 training pairs to testing_data/3dshape/Lshape3d_env2
  sampled_points.npy (1000, 12)
  speed.npy          (1000, 2)
  normal.npy         (1000, 12)
  trans_n.npy        (1000, 12)
  rot_n.npy          (1000, 12)
  env.npy            (10000, 3)
