Delaunizing vertices...
Delaunay seconds:  9.4e-05
Creating surface mesh ...
Surface mesh seconds:  3.1e-05
Recovering boundaries...
Boundary recovery seconds:  5.3e-05
Removing exterior tetrahedra ...
Exterior tets removal seconds:  1.3e-05
Recovering Delaunayness...
Delaunay recovery seconds:  3e-05
Refining mesh...
Refinement seconds:  5.3e-05
Improving mesh...
Mesh improvement seconds:  1e-05

Writing nodes.
Writing elements.
Writing faces.
Writing edges.

Output seconds:  7e-06
Total running seconds:  0.000694

Statistics:

  Input points: 12
  Input facets: 20
  Input segments: 30
  Input holes: 0
  Input regions: 0

  Mesh points: 12
  Mesh tetrahedra: 12
  Mesh faces: 34
  Mesh faces on exterior boundary: 20
  Mesh faces on input facets: 20
  Mesh edges on input segments: 30

[load_obj] 'datasets/3dshape/env4.obj': 7 objects/groups
  [0] 'wall (1)'  (88 triangles)
  [1] 'Body14'  (12 triangles)
  [2] 'Body15'  (12 triangles)
  [3] 'Body16'  (12 triangles)
  [4] 'Body17'  (12 triangles)
  [5] 'Body18'  (12 triangles)
  [6] 'Body19'  (12 triangles)
[load_obj] 'datasets/3dshape/Lshape3d.obj': 1 objects/groups
  [0] 'Body1'  (20 triangles)
Tetrahedralized shape: 12 tets, 20 boundary triangles, 12 verts
Sampling 1000 (x0, x1) pairs [TESTING (independent collision-free pairs)]   margin=0.05  offset=0.02  ...
generated: 3 / 1000
generated: 5 / 1000
generated: 10 / 1000
generated: 12 / 1000
generated: 13 / 1000
generated: 19 / 1000
generated: 20 / 1000
generated: 25 / 1000
generated: 31 / 1000
generated: 33 / 1000
generated: 35 / 1000
generated: 38 / 1000
generated: 41 / 1000
generated: 42 / 1000
generated: 43 / 1000
generated: 44 / 1000
generated: 48 / 1000
generated: 51 / 1000
generated: 54 / 1000
generated: 55 / 1000
generated: 56 / 1000
generated: 59 / 1000
generated: 61 / 1000
generated: 63 / 1000
generated: 68 / 1000
generated: 70 / 1000
generated: 78 / 1000
generated: 84 / 1000
generated: 87 / 1000
generated: 88 / 1000
generated: 89 / 1000
generated: 96 / 1000
generated: 99 / 1000
generated: 103 / 1000
generated: 105 / 1000
generated: 109 / 1000
generated: 113 / 1000
generated: 114 / 1000
generated: 115 / 1000
generated: 116 / 1000
generated: 119 / 1000
generated: 121 / 1000
generated: 129 / 1000
generated: 130 / 1000
generated: 132 / 1000
generated: 133 / 1000
generated: 135 / 1000
generated: 136 / 1000
generated: 138 / 1000
generated: 139 / 1000
generated: 142 / 1000
generated: 145 / 1000
generated: 146 / 1000
generated: 148 / 1000
generated: 150 / 1000
generated: 152 / 1000
generated: 154 / 1000
generated: 160 / 1000
generated: 162 / 1000
generated: 164 / 1000
generated: 168 / 1000
generated: 171 / 1000
generated: 173 / 1000
generated: 175 / 1000
generated: 177 / 1000
generated: 181 / 1000
generated: 187 / 1000
generated: 188 / 1000
generated: 193 / 1000
generated: 195 / 1000
generated: 199 / 1000
generated: 201 / 1000
generated: 204 / 1000
generated: 206 / 1000
generated: 209 / 1000
generated: 211 / 1000
generated: 212 / 1000
generated: 214 / 1000
generated: 216 / 1000
generated: 221 / 1000
generated: 222 / 1000
generated: 224 / 1000
generated: 228 / 1000
generated: 229 / 1000
generated: 232 / 1000
generated: 234 / 1000
generated: 235 / 1000
generated: 239 / 1000
generated: 242 / 1000
generated: 243 / 1000
generated: 246 / 1000
generated: 248 / 1000
generated: 252 / 1000
generated: 255 / 1000
generated: 257 / 1000
generated: 261 / 1000
generated: 262 / 1000
generated: 264 / 1000
generated: 265 / 1000
generated: 267 / 1000
generated: 268 / 1000
generated: 269 / 1000
generated: 270 / 1000
generated: 274 / 1000
generated: 276 / 1000
generated: 277 / 1000
generated: 278 / 1000
generated: 282 / 1000
generated: 285 / 1000
generated: 286 / 1000
generated: 287 / 1000
generated: 289 / 1000
generated: 293 / 1000
generated: 294 / 1000
generated: 298 / 1000
generated: 303 / 1000
generated: 304 / 1000
generated: 309 / 1000
generated: 310 / 1000
generated: 312 / 1000
generated: 315 / 1000
generated: 320 / 1000
generated: 323 / 1000
generated: 325 / 1000
generated: 328 / 1000
generated: 332 / 1000
generated: 333 / 1000
generated: 336 / 1000
generated: 338 / 1000
generated: 340 / 1000
generated: 344 / 1000
generated: 347 / 1000
generated: 348 / 1000
generated: 350 / 1000
generated: 353 / 1000
generated: 356 / 1000
generated: 357 / 1000
generated: 361 / 1000
generated: 363 / 1000
generated: 366 / 1000
generated: 369 / 1000
generated: 372 / 1000
generated: 375 / 1000
generated: 377 / 1000
generated: 380 / 1000
generated: 382 / 1000
generated: 383 / 1000
generated: 385 / 1000
generated: 387 / 1000
generated: 390 / 1000
generated: 391 / 1000
generated: 395 / 1000
generated: 397 / 1000
generated: 400 / 1000
generated: 401 / 1000
generated: 402 / 1000
generated: 405 / 1000
generated: 407 / 1000
generated: 409 / 1000
generated: 410 / 1000
generated: 414 / 1000
generated: 416 / 1000
generated: 419 / 1000
generated: 421 / 1000
generated: 422 / 1000
generated: 423 / 1000
generated: 425 / 1000
generated: 427 / 1000
generated: 430 / 1000
generated: 431 / 1000
generated: 432 / 1000
generated: 437 / 1000
generated: 441 / 1000
generated: 444 / 1000
generated: 448 / 1000
generated: 449 / 1000
generated: 451 / 1000
generated: 452 / 1000
generated: 454 / 1000
generated: 458 / 1000
generated: 463 / 1000
generated: 464 / 1000
generated: 468 / 1000
generated: 469 / 1000
generated: 472 / 1000
generated: 475 / 1000
generated: 476 / 1000
generated: 478 / 1000
generated: 483 / 1000
generated: 486 / 1000
generated: 489 / 1000
generated: 491 / 1000
generated: 494 / 1000
generated: 495 / 1000
generated: 497 / 1000
generated: 498 / 1000
generated: 502 / 1000
generated: 504 / 1000
generated: 509 / 1000
generated: 510 / 1000
generated: 514 / 1000
generated: 520 / 1000
generated: 522 / 1000
generated: 525 / 1000
generated: 529 / 1000
generated: 535 / 1000
generated: 536 / 1000
generated: 538 / 1000
generated: 540 / 1000
generated: 544 / 1000
generated: 545 / 1000
generated: 548 / 1000
generated: 549 / 1000
generated: 551 / 1000
generated: 552 / 1000
generated: 557 / 1000
generated: 560 / 1000
generated: 562 / 1000
generated: 565 / 1000
generated: 566 / 1000
generated: 568 / 1000
generated: 569 / 1000
generated: 571 / 1000
generated: 573 / 1000
generated: 577 / 1000
generated: 579 / 1000
generated: 584 / 1000
generated: 585 / 1000
generated: 586 / 1000
generated: 588 / 1000
generated: 589 / 1000
generated: 591 / 1000
generated: 594 / 1000
generated: 596 / 1000
generated: 600 / 1000
generated: 603 / 1000
generated: 604 / 1000
generated: 608 / 1000
generated: 609 / 1000
generated: 613 / 1000
generated: 616 / 1000
generated: 617 / 1000
generated: 619 / 1000
generated: 623 / 1000
generated: 625 / 1000
generated: 626 / 1000
generated: 627 / 1000
generated: 630 / 1000
generated: 633 / 1000
generated: 634 / 1000
generated: 638 / 1000
generated: 641 / 1000
generated: 643 / 1000
generated: 644 / 1000
generated: 648 / 1000
generated: 652 / 1000
generated: 654 / 1000
generated: 656 / 1000
generated: 658 / 1000
generated: 660 / 1000
generated: 662 / 1000
generated: 663 / 1000
generated: 664 / 1000
generated: 667 / 1000
generated: 670 / 1000
generated: 671 / 1000
generated: 678 / 1000
generated: 682 / 1000
generated: 683 / 1000
generated: 684 / 1000
generated: 685 / 1000
generated: 686 / 1000
generated: 688 / 1000
generated: 690 / 1000
generated: 693 / 1000
generated: 697 / 1000
generated: 698 / 1000
generated: 702 / 1000
generated: 704 / 1000
generated: 706 / 1000
generated: 708 / 1000
generated: 712 / 1000
generated: 713 / 1000
generated: 715 / 1000
generated: 717 / 1000
generated: 720 / 1000
generated: 724 / 1000
generated: 729 / 1000
generated: 731 / 1000
generated: 732 / 1000
generated: 733 / 1000
generated: 735 / 1000
generated: 736 / 1000
generated: 739 / 1000
generated: 743 / 1000
generated: 748 / 1000
generated: 752 / 1000
generated: 754 / 1000
generated: 755 / 1000
generated: 760 / 1000
generated: 761 / 1000
generated: 763 / 1000
generated: 765 / 1000
generated: 768 / 1000
generated: 774 / 1000
generated: 776 / 1000
generated: 777 / 1000
generated: 778 / 1000
generated: 780 / 1000
generated: 782 / 1000
generated: 783 / 1000
generated: 786 / 1000
generated: 787 / 1000
generated: 790 / 1000
generated: 791 / 1000
generated: 792 / 1000
generated: 793 / 1000
generated: 795 / 1000
generated: 796 / 1000
generated: 802 / 1000
generated: 803 / 1000
generated: 808 / 1000
generated: 811 / 1000
generated: 814 / 1000
generated: 816 / 1000
generated: 819 / 1000
generated: 821 / 1000
generated: 825 / 1000
generated: 826 / 1000
generated: 830 / 1000
generated: 833 / 1000
generated: 834 / 1000
generated: 837 / 1000
generated: 839 / 1000
generated: 841 / 1000
generated: 845 / 1000
generated: 847 / 1000
generated: 849 / 1000
generated: 850 / 1000
generated: 853 / 1000
generated: 857 / 1000
generated: 859 / 1000
generated: 863 / 1000
generated: 867 / 1000
generated: 870 / 1000
generated: 871 / 1000
generated: 873 / 1000
generated: 876 / 1000
generated: 880 / 1000
generated: 883 / 1000
generated: 887 / 1000
generated: 889 / 1000
generated: 892 / 1000
generated: 893 / 1000
generated: 896 / 1000
generated: 899 / 1000
generated: 901 / 1000
generated: 904 / 1000
generated: 908 / 1000
generated: 911 / 1000
generated: 914 / 1000
generated: 918 / 1000
generated: 926 / 1000
generated: 928 / 1000
generated: 929 / 1000
generated: 930 / 1000
generated: 933 / 1000
generated: 939 / 1000
generated: 941 / 1000
generated: 943 / 1000
generated: 946 / 1000
generated: 951 / 1000
generated: 953 / 1000
generated: 956 / 1000
generated: 961 / 1000
generated: 962 / 1000
generated: 967 / 1000
generated: 969 / 1000
generated: 971 / 1000
generated: 974 / 1000
generated: 976 / 1000
generated: 977 / 1000
generated: 982 / 1000
generated: 984 / 1000
generated: 986 / 1000
generated: 989 / 1000
generated: 990 / 1000
generated: 991 / 1000
generated: 993 / 1000
generated: 996 / 1000
generated: 997 / 1000
generated: 1000 / 1000
Sampling done in 15.1s
x0 pos    : x=[-0.367,0.391]  y=[-0.265,0.263]  z=[-0.440,0.445]
speed x0  : [0.224, 1.000]   (band [0.400, 1.0])
speed x1  : [0.224, 1.000]
Wrote 1000 training pairs to testing_data/3dshape/Lshape3d_env4
  sampled_points.npy (1000, 12)
  speed.npy          (1000, 2)
  normal.npy         (1000, 12)
  trans_n.npy        (1000, 12)
  rot_n.npy          (1000, 12)
  env.npy            (10000, 3)
