Delaunizing vertices...
Delaunay seconds:  9.3e-05
Creating surface mesh ...
Surface mesh seconds:  3e-05
Recovering boundaries...
Boundary recovery seconds:  5.3e-05
Removing exterior tetrahedra ...
Exterior tets removal seconds:  1.4e-05
Recovering Delaunayness...
Delaunay recovery seconds:  2.7e-05
Refining mesh...
Refinement seconds:  5.4e-05
Improving mesh...
Mesh improvement seconds:  8e-06

Writing nodes.
Writing elements.
Writing faces.
Writing edges.

Output seconds:  7e-06
Total running seconds:  0.000329

Statistics:

  Input points: 12
  Input facets: 20
  Input segments: 30
  Input holes: 0
  Input regions: 0

  Mesh points: 12
  Mesh tetrahedra: 12
  Mesh faces: 34
  Mesh faces on exterior boundary: 20
  Mesh faces on input facets: 20
  Mesh edges on input segments: 30

[load_obj] 'datasets/3dshape/env3.obj': 4 objects/groups
  [0] 'wall (1)'  (88 triangles)
  [1] 'Body14'  (12 triangles)
  [2] 'Body16'  (12 triangles)
  [3] 'Body17'  (12 triangles)
[load_obj] 'datasets/3dshape/Lshape3d.obj': 1 objects/groups
  [0] 'Body1'  (20 triangles)
Tetrahedralized shape: 12 tets, 20 boundary triangles, 12 verts
Sampling 1000 (x0, x1) pairs [TESTING (independent collision-free pairs)]   margin=0.05  offset=0.02  ...
generated: 2 / 1000
generated: 5 / 1000
generated: 10 / 1000
generated: 13 / 1000
generated: 17 / 1000
generated: 24 / 1000
generated: 27 / 1000
generated: 28 / 1000
generated: 32 / 1000
generated: 36 / 1000
generated: 39 / 1000
generated: 44 / 1000
generated: 50 / 1000
generated: 51 / 1000
generated: 55 / 1000
generated: 56 / 1000
generated: 58 / 1000
generated: 60 / 1000
generated: 63 / 1000
generated: 64 / 1000
generated: 66 / 1000
generated: 69 / 1000
generated: 74 / 1000
generated: 81 / 1000
generated: 88 / 1000
generated: 91 / 1000
generated: 95 / 1000
generated: 101 / 1000
generated: 102 / 1000
generated: 107 / 1000
generated: 109 / 1000
generated: 110 / 1000
generated: 113 / 1000
generated: 114 / 1000
generated: 117 / 1000
generated: 120 / 1000
generated: 123 / 1000
generated: 126 / 1000
generated: 127 / 1000
generated: 130 / 1000
generated: 134 / 1000
generated: 135 / 1000
generated: 137 / 1000
generated: 139 / 1000
generated: 145 / 1000
generated: 149 / 1000
generated: 151 / 1000
generated: 152 / 1000
generated: 154 / 1000
generated: 158 / 1000
generated: 160 / 1000
generated: 162 / 1000
generated: 164 / 1000
generated: 167 / 1000
generated: 169 / 1000
generated: 173 / 1000
generated: 177 / 1000
generated: 178 / 1000
generated: 180 / 1000
generated: 182 / 1000
generated: 184 / 1000
generated: 187 / 1000
generated: 191 / 1000
generated: 193 / 1000
generated: 196 / 1000
generated: 203 / 1000
generated: 204 / 1000
generated: 207 / 1000
generated: 212 / 1000
generated: 214 / 1000
generated: 217 / 1000
generated: 222 / 1000
generated: 225 / 1000
generated: 227 / 1000
generated: 229 / 1000
generated: 231 / 1000
generated: 233 / 1000
generated: 236 / 1000
generated: 238 / 1000
generated: 241 / 1000
generated: 243 / 1000
generated: 247 / 1000
generated: 248 / 1000
generated: 252 / 1000
generated: 255 / 1000
generated: 258 / 1000
generated: 264 / 1000
generated: 267 / 1000
generated: 270 / 1000
generated: 275 / 1000
generated: 276 / 1000
generated: 277 / 1000
generated: 281 / 1000
generated: 286 / 1000
generated: 288 / 1000
generated: 289 / 1000
generated: 293 / 1000
generated: 297 / 1000
generated: 300 / 1000
generated: 303 / 1000
generated: 305 / 1000
generated: 308 / 1000
generated: 312 / 1000
generated: 316 / 1000
generated: 317 / 1000
generated: 319 / 1000
generated: 321 / 1000
generated: 322 / 1000
generated: 326 / 1000
generated: 328 / 1000
generated: 332 / 1000
generated: 334 / 1000
generated: 337 / 1000
generated: 341 / 1000
generated: 345 / 1000
generated: 349 / 1000
generated: 350 / 1000
generated: 351 / 1000
generated: 352 / 1000
generated: 354 / 1000
generated: 359 / 1000
generated: 361 / 1000
generated: 362 / 1000
generated: 366 / 1000
generated: 370 / 1000
generated: 373 / 1000
generated: 375 / 1000
generated: 376 / 1000
generated: 377 / 1000
generated: 383 / 1000
generated: 385 / 1000
generated: 392 / 1000
generated: 394 / 1000
generated: 395 / 1000
generated: 399 / 1000
generated: 401 / 1000
generated: 404 / 1000
generated: 409 / 1000
generated: 412 / 1000
generated: 414 / 1000
generated: 415 / 1000
generated: 419 / 1000
generated: 421 / 1000
generated: 424 / 1000
generated: 425 / 1000
generated: 431 / 1000
generated: 434 / 1000
generated: 438 / 1000
generated: 443 / 1000
generated: 449 / 1000
generated: 450 / 1000
generated: 451 / 1000
generated: 455 / 1000
generated: 456 / 1000
generated: 460 / 1000
generated: 462 / 1000
generated: 465 / 1000
generated: 469 / 1000
generated: 472 / 1000
generated: 473 / 1000
generated: 474 / 1000
generated: 475 / 1000
generated: 476 / 1000
generated: 477 / 1000
generated: 482 / 1000
generated: 484 / 1000
generated: 487 / 1000
generated: 490 / 1000
generated: 492 / 1000
generated: 493 / 1000
generated: 496 / 1000
generated: 497 / 1000
generated: 499 / 1000
generated: 501 / 1000
generated: 504 / 1000
generated: 509 / 1000
generated: 513 / 1000
generated: 516 / 1000
generated: 518 / 1000
generated: 520 / 1000
generated: 521 / 1000
generated: 525 / 1000
generated: 527 / 1000
generated: 529 / 1000
generated: 534 / 1000
generated: 536 / 1000
generated: 537 / 1000
generated: 539 / 1000
generated: 542 / 1000
generated: 544 / 1000
generated: 545 / 1000
generated: 547 / 1000
generated: 551 / 1000
generated: 552 / 1000
generated: 554 / 1000
generated: 557 / 1000
generated: 561 / 1000
generated: 562 / 1000
generated: 570 / 1000
generated: 572 / 1000
generated: 578 / 1000
generated: 580 / 1000
generated: 582 / 1000
generated: 586 / 1000
generated: 588 / 1000
generated: 590 / 1000
generated: 595 / 1000
generated: 602 / 1000
generated: 606 / 1000
generated: 608 / 1000
generated: 612 / 1000
generated: 616 / 1000
generated: 620 / 1000
generated: 621 / 1000
generated: 623 / 1000
generated: 626 / 1000
generated: 631 / 1000
generated: 636 / 1000
generated: 638 / 1000
generated: 641 / 1000
generated: 642 / 1000
generated: 643 / 1000
generated: 645 / 1000
generated: 648 / 1000
generated: 653 / 1000
generated: 655 / 1000
generated: 659 / 1000
generated: 662 / 1000
generated: 670 / 1000
generated: 673 / 1000
generated: 678 / 1000
generated: 683 / 1000
generated: 686 / 1000
generated: 687 / 1000
generated: 689 / 1000
generated: 692 / 1000
generated: 695 / 1000
generated: 698 / 1000
generated: 701 / 1000
generated: 706 / 1000
generated: 707 / 1000
generated: 708 / 1000
generated: 712 / 1000
generated: 714 / 1000
generated: 717 / 1000
generated: 719 / 1000
generated: 722 / 1000
generated: 728 / 1000
generated: 732 / 1000
generated: 736 / 1000
generated: 739 / 1000
generated: 741 / 1000
generated: 744 / 1000
generated: 746 / 1000
generated: 748 / 1000
generated: 749 / 1000
generated: 750 / 1000
generated: 752 / 1000
generated: 754 / 1000
generated: 759 / 1000
generated: 763 / 1000
generated: 769 / 1000
generated: 772 / 1000
generated: 774 / 1000
generated: 775 / 1000
generated: 779 / 1000
generated: 783 / 1000
generated: 786 / 1000
generated: 789 / 1000
generated: 795 / 1000
generated: 797 / 1000
generated: 800 / 1000
generated: 803 / 1000
generated: 804 / 1000
generated: 809 / 1000
generated: 811 / 1000
generated: 816 / 1000
generated: 818 / 1000
generated: 820 / 1000
generated: 823 / 1000
generated: 825 / 1000
generated: 828 / 1000
generated: 832 / 1000
generated: 838 / 1000
generated: 840 / 1000
generated: 841 / 1000
generated: 843 / 1000
generated: 847 / 1000
generated: 850 / 1000
generated: 853 / 1000
generated: 857 / 1000
generated: 859 / 1000
generated: 863 / 1000
generated: 866 / 1000
generated: 869 / 1000
generated: 874 / 1000
generated: 877 / 1000
generated: 878 / 1000
generated: 881 / 1000
generated: 886 / 1000
generated: 888 / 1000
generated: 892 / 1000
generated: 893 / 1000
generated: 895 / 1000
generated: 899 / 1000
generated: 902 / 1000
generated: 903 / 1000
generated: 904 / 1000
generated: 906 / 1000
generated: 908 / 1000
generated: 911 / 1000
generated: 915 / 1000
generated: 918 / 1000
generated: 923 / 1000
generated: 926 / 1000
generated: 928 / 1000
generated: 930 / 1000
generated: 935 / 1000
generated: 939 / 1000
generated: 943 / 1000
generated: 945 / 1000
generated: 948 / 1000
generated: 951 / 1000
generated: 953 / 1000
generated: 955 / 1000
generated: 957 / 1000
generated: 963 / 1000
generated: 965 / 1000
generated: 966 / 1000
generated: 970 / 1000
generated: 971 / 1000
generated: 978 / 1000
generated: 981 / 1000
generated: 982 / 1000
generated: 984 / 1000
generated: 987 / 1000
generated: 988 / 1000
generated: 991 / 1000
generated: 993 / 1000
generated: 994 / 1000
generated: 997 / 1000
generated: 998 / 1000
generated: 1000 / 1000
Sampling done in 13.8s
x0 pos    : x=[-0.370,0.396]  y=[-0.261,0.269]  z=[-0.423,0.427]
speed x0  : [0.225, 1.000]   (band [0.400, 1.0])
speed x1  : [0.228, 1.000]
Wrote 1000 training pairs to testing_data/3dshape/Lshape3d_env3
  sampled_points.npy (1000, 12)
  speed.npy          (1000, 2)
  normal.npy         (1000, 12)
  trans_n.npy        (1000, 12)
  rot_n.npy          (1000, 12)
  env.npy            (10000, 3)
