Delaunizing vertices...
Delaunay seconds:  7.5e-05
Creating surface mesh ...
Surface mesh seconds:  2.3e-05
Recovering boundaries...
Boundary recovery seconds:  0.000391
Removing exterior tetrahedra ...
Exterior tets removal seconds:  5e-06
Suppressing Steiner points ...
Steiner suppression seconds:  1e-06
Recovering Delaunayness...
Delaunay recovery seconds:  0.000109
Refining mesh...
  11 insertions, added 0 points, 0 tetrahedra in queue.
  3 insertions, added 0 points, 0 tetrahedra in queue.
  4 insertions, added 0 points, 0 tetrahedra in queue.
Refinement seconds:  5.2e-05
Smoothing vertices...
Mesh smoothing seconds:  0.000435
Improving mesh...
Mesh improvement seconds:  1.1e-05

Writing nodes.
Writing elements.
Writing faces.
Writing edges.

Output seconds:  6e-06
Total running seconds:  0.001244

Statistics:

  Input points: 8
  Input facets: 12
  Input segments: 18
  Input holes: 0
  Input regions: 0

  Mesh points: 9
  Mesh tetrahedra: 12
  Mesh faces: 30
  Mesh faces on exterior boundary: 12
  Mesh faces on input facets: 12
  Mesh edges on input segments: 18
  Steiner points inside domain: 1

[load_obj] 'datasets/3dshape/env3.obj': 4 objects/groups
  [0] 'wall (1)'  (88 triangles)
  [1] 'Body14'  (12 triangles)
  [2] 'Body16'  (12 triangles)
  [3] 'Body17'  (12 triangles)
[load_obj] 'datasets/3dshape/rectangle.obj': 1 objects/groups
  [0] 'Body1'  (12 triangles)
Tetrahedralized shape: 12 tets, 12 boundary triangles, 9 verts
Sampling 1000 (x0, x1) pairs [TESTING (independent collision-free pairs)]   margin=0.05  offset=0.02  ...
generated: 1 / 1000
generated: 5 / 1000
generated: 8 / 1000
generated: 11 / 1000
generated: 22 / 1000
generated: 29 / 1000
generated: 31 / 1000
generated: 32 / 1000
generated: 36 / 1000
generated: 38 / 1000
generated: 44 / 1000
generated: 46 / 1000
generated: 49 / 1000
generated: 55 / 1000
generated: 59 / 1000
generated: 67 / 1000
generated: 72 / 1000
generated: 76 / 1000
generated: 80 / 1000
generated: 88 / 1000
generated: 92 / 1000
generated: 95 / 1000
generated: 97 / 1000
generated: 101 / 1000
generated: 104 / 1000
generated: 107 / 1000
generated: 112 / 1000
generated: 114 / 1000
generated: 116 / 1000
generated: 119 / 1000
generated: 124 / 1000
generated: 129 / 1000
generated: 130 / 1000
generated: 134 / 1000
generated: 138 / 1000
generated: 140 / 1000
generated: 143 / 1000
generated: 148 / 1000
generated: 149 / 1000
generated: 154 / 1000
generated: 160 / 1000
generated: 165 / 1000
generated: 168 / 1000
generated: 175 / 1000
generated: 180 / 1000
generated: 184 / 1000
generated: 189 / 1000
generated: 195 / 1000
generated: 197 / 1000
generated: 201 / 1000
generated: 205 / 1000
generated: 211 / 1000
generated: 216 / 1000
generated: 218 / 1000
generated: 222 / 1000
generated: 228 / 1000
generated: 233 / 1000
generated: 241 / 1000
generated: 248 / 1000
generated: 252 / 1000
generated: 257 / 1000
generated: 262 / 1000
generated: 270 / 1000
generated: 278 / 1000
generated: 281 / 1000
generated: 287 / 1000
generated: 291 / 1000
generated: 295 / 1000
generated: 298 / 1000
generated: 302 / 1000
generated: 306 / 1000
generated: 307 / 1000
generated: 310 / 1000
generated: 312 / 1000
generated: 314 / 1000
generated: 324 / 1000
generated: 328 / 1000
generated: 333 / 1000
generated: 339 / 1000
generated: 341 / 1000
generated: 345 / 1000
generated: 351 / 1000
generated: 352 / 1000
generated: 356 / 1000
generated: 360 / 1000
generated: 363 / 1000
generated: 364 / 1000
generated: 368 / 1000
generated: 372 / 1000
generated: 374 / 1000
generated: 378 / 1000
generated: 383 / 1000
generated: 390 / 1000
generated: 395 / 1000
generated: 397 / 1000
generated: 401 / 1000
generated: 408 / 1000
generated: 413 / 1000
generated: 418 / 1000
generated: 420 / 1000
generated: 422 / 1000
generated: 425 / 1000
generated: 434 / 1000
generated: 437 / 1000
generated: 444 / 1000
generated: 451 / 1000
generated: 453 / 1000
generated: 455 / 1000
generated: 458 / 1000
generated: 465 / 1000
generated: 466 / 1000
generated: 472 / 1000
generated: 476 / 1000
generated: 478 / 1000
generated: 482 / 1000
generated: 488 / 1000
generated: 492 / 1000
generated: 497 / 1000
generated: 499 / 1000
generated: 500 / 1000
generated: 504 / 1000
generated: 508 / 1000
generated: 513 / 1000
generated: 519 / 1000
generated: 521 / 1000
generated: 523 / 1000
generated: 526 / 1000
generated: 529 / 1000
generated: 535 / 1000
generated: 537 / 1000
generated: 546 / 1000
generated: 548 / 1000
generated: 556 / 1000
generated: 557 / 1000
generated: 564 / 1000
generated: 566 / 1000
generated: 573 / 1000
generated: 576 / 1000
generated: 582 / 1000
generated: 584 / 1000
generated: 586 / 1000
generated: 593 / 1000
generated: 599 / 1000
generated: 608 / 1000
generated: 620 / 1000
generated: 623 / 1000
generated: 627 / 1000
generated: 630 / 1000
generated: 633 / 1000
generated: 637 / 1000
generated: 639 / 1000
generated: 641 / 1000
generated: 644 / 1000
generated: 647 / 1000
generated: 654 / 1000
generated: 656 / 1000
generated: 661 / 1000
generated: 667 / 1000
generated: 669 / 1000
generated: 680 / 1000
generated: 685 / 1000
generated: 688 / 1000
generated: 690 / 1000
generated: 696 / 1000
generated: 701 / 1000
generated: 705 / 1000
generated: 706 / 1000
generated: 713 / 1000
generated: 716 / 1000
generated: 719 / 1000
generated: 722 / 1000
generated: 726 / 1000
generated: 731 / 1000
generated: 734 / 1000
generated: 736 / 1000
generated: 739 / 1000
generated: 742 / 1000
generated: 747 / 1000
generated: 752 / 1000
generated: 754 / 1000
generated: 757 / 1000
generated: 762 / 1000
generated: 767 / 1000
generated: 772 / 1000
generated: 775 / 1000
generated: 780 / 1000
generated: 784 / 1000
generated: 792 / 1000
generated: 793 / 1000
generated: 796 / 1000
generated: 805 / 1000
generated: 811 / 1000
generated: 818 / 1000
generated: 822 / 1000
generated: 827 / 1000
generated: 829 / 1000
generated: 831 / 1000
generated: 835 / 1000
generated: 839 / 1000
generated: 845 / 1000
generated: 852 / 1000
generated: 857 / 1000
generated: 860 / 1000
generated: 865 / 1000
generated: 866 / 1000
generated: 870 / 1000
generated: 873 / 1000
generated: 877 / 1000
generated: 881 / 1000
generated: 886 / 1000
generated: 890 / 1000
generated: 894 / 1000
generated: 895 / 1000
generated: 898 / 1000
generated: 904 / 1000
generated: 910 / 1000
generated: 914 / 1000
generated: 919 / 1000
generated: 921 / 1000
generated: 924 / 1000
generated: 932 / 1000
generated: 936 / 1000
generated: 944 / 1000
generated: 948 / 1000
generated: 951 / 1000
generated: 956 / 1000
generated: 961 / 1000
generated: 962 / 1000
generated: 964 / 1000
generated: 968 / 1000
generated: 971 / 1000
generated: 977 / 1000
generated: 982 / 1000
generated: 986 / 1000
generated: 997 / 1000
generated: 999 / 1000
generated: 1000 / 1000
Sampling done in 6.2s
x0 pos    : x=[-0.390,0.389]  y=[-0.261,0.263]  z=[-0.445,0.436]
speed x0  : [0.230, 1.000]   (band [0.400, 1.0])
speed x1  : [0.228, 1.000]
Wrote 1000 training pairs to testing_data/3dshape/rectangle_env3
  sampled_points.npy (1000, 12)
  speed.npy          (1000, 2)
  normal.npy         (1000, 12)
  trans_n.npy        (1000, 12)
  rot_n.npy          (1000, 12)
  env.npy            (10000, 3)
