Delaunizing vertices...
Delaunay seconds:  0.0002
Creating surface mesh ...
Surface mesh seconds:  3.1e-05
Recovering boundaries...
Boundary recovery seconds:  0.000557
Removing exterior tetrahedra ...
Exterior tets removal seconds:  1.3e-05
Suppressing Steiner points ...
Steiner suppression seconds:  2e-06
Recovering Delaunayness...
Delaunay recovery seconds:  0.000102
Refining mesh...
  17 insertions, added 0 points, 1 tetrahedra in queue.
  5 insertions, added 0 points, 0 tetrahedra in queue.
  7 insertions, added 0 points, 0 tetrahedra in queue.
Refinement seconds:  8.7e-05
Smoothing vertices...
Mesh smoothing seconds:  0.131339
Improving mesh...
Mesh improvement seconds:  1e-05

Writing nodes.
Writing elements.
Writing faces.
Writing edges.

Output seconds:  9e-06
Total running seconds:  0.132512

Statistics:

  Input points: 12
  Input facets: 20
  Input segments: 30
  Input holes: 0
  Input regions: 0

  Mesh points: 13
  Mesh tetrahedra: 18
  Mesh faces: 46
  Mesh faces on exterior boundary: 20
  Mesh faces on input facets: 20
  Mesh edges on input segments: 30
  Steiner points inside domain: 1

[load_obj] 'datasets/3dshape/env2.obj': 9 objects/groups
  [0] 'Body1'  (12 triangles)
  [1] 'Body2'  (12 triangles)
  [2] 'wall (1)'  (88 triangles)
  [3] 'Body4'  (12 triangles)
  [4] 'Body5'  (12 triangles)
  [5] 'Body6'  (12 triangles)
  [6] 'Body7'  (12 triangles)
  [7] 'Body8'  (12 triangles)
  [8] 'Body9'  (12 triangles)
[load_obj] 'datasets/3dshape/Vshape3d.obj': 1 objects/groups
  [0] 'Body2'  (20 triangles)
Tetrahedralized shape: 18 tets, 20 boundary triangles, 13 verts
Sampling 1000 (x0, x1) pairs [TESTING (independent collision-free pairs)]   margin=0.05  offset=0.02  ...
generated: 1 / 1000
generated: 4 / 1000
generated: 5 / 1000
generated: 6 / 1000
generated: 7 / 1000
generated: 9 / 1000
generated: 13 / 1000
generated: 15 / 1000
generated: 16 / 1000
generated: 18 / 1000
generated: 19 / 1000
generated: 22 / 1000
generated: 23 / 1000
generated: 24 / 1000
generated: 27 / 1000
generated: 28 / 1000
generated: 29 / 1000
generated: 32 / 1000
generated: 36 / 1000
generated: 39 / 1000
generated: 40 / 1000
generated: 41 / 1000
generated: 44 / 1000
generated: 47 / 1000
generated: 50 / 1000
generated: 51 / 1000
generated: 52 / 1000
generated: 53 / 1000
generated: 55 / 1000
generated: 57 / 1000
generated: 59 / 1000
generated: 60 / 1000
generated: 61 / 1000
generated: 62 / 1000
generated: 63 / 1000
generated: 64 / 1000
generated: 68 / 1000
generated: 69 / 1000
generated: 70 / 1000
generated: 72 / 1000
generated: 74 / 1000
generated: 76 / 1000
generated: 77 / 1000
generated: 80 / 1000
generated: 81 / 1000
generated: 83 / 1000
generated: 85 / 1000
generated: 86 / 1000
generated: 88 / 1000
generated: 90 / 1000
generated: 92 / 1000
generated: 93 / 1000
generated: 94 / 1000
generated: 96 / 1000
generated: 97 / 1000
generated: 98 / 1000
generated: 100 / 1000
generated: 102 / 1000
generated: 103 / 1000
generated: 105 / 1000
generated: 107 / 1000
generated: 108 / 1000
generated: 110 / 1000
generated: 112 / 1000
generated: 115 / 1000
generated: 118 / 1000
generated: 120 / 1000
generated: 123 / 1000
generated: 125 / 1000
generated: 126 / 1000
generated: 128 / 1000
generated: 130 / 1000
generated: 132 / 1000
generated: 136 / 1000
generated: 139 / 1000
generated: 142 / 1000
generated: 143 / 1000
generated: 144 / 1000
generated: 146 / 1000
generated: 149 / 1000
generated: 150 / 1000
generated: 151 / 1000
generated: 153 / 1000
generated: 156 / 1000
generated: 157 / 1000
generated: 161 / 1000
generated: 162 / 1000
generated: 164 / 1000
generated: 167 / 1000
generated: 168 / 1000
generated: 170 / 1000
generated: 173 / 1000
generated: 174 / 1000
generated: 175 / 1000
generated: 176 / 1000
generated: 180 / 1000
generated: 183 / 1000
generated: 188 / 1000
generated: 191 / 1000
generated: 193 / 1000
generated: 195 / 1000
generated: 197 / 1000
generated: 200 / 1000
generated: 201 / 1000
generated: 203 / 1000
generated: 204 / 1000
generated: 208 / 1000
generated: 210 / 1000
generated: 211 / 1000
generated: 216 / 1000
generated: 217 / 1000
generated: 219 / 1000
generated: 220 / 1000
generated: 221 / 1000
generated: 222 / 1000
generated: 223 / 1000
generated: 224 / 1000
generated: 225 / 1000
generated: 226 / 1000
generated: 228 / 1000
generated: 229 / 1000
generated: 231 / 1000
generated: 233 / 1000
generated: 237 / 1000
generated: 240 / 1000
generated: 242 / 1000
generated: 246 / 1000
generated: 247 / 1000
generated: 249 / 1000
generated: 251 / 1000
generated: 254 / 1000
generated: 256 / 1000
generated: 259 / 1000
generated: 261 / 1000
generated: 263 / 1000
generated: 266 / 1000
generated: 269 / 1000
generated: 270 / 1000
generated: 271 / 1000
generated: 272 / 1000
generated: 275 / 1000
generated: 276 / 1000
generated: 279 / 1000
generated: 281 / 1000
generated: 283 / 1000
generated: 284 / 1000
generated: 285 / 1000
generated: 286 / 1000
generated: 288 / 1000
generated: 289 / 1000
generated: 293 / 1000
generated: 294 / 1000
generated: 295 / 1000
generated: 296 / 1000
generated: 299 / 1000
generated: 301 / 1000
generated: 303 / 1000
generated: 304 / 1000
generated: 305 / 1000
generated: 306 / 1000
generated: 307 / 1000
generated: 308 / 1000
generated: 310 / 1000
generated: 311 / 1000
generated: 312 / 1000
generated: 314 / 1000
generated: 315 / 1000
generated: 319 / 1000
generated: 321 / 1000
generated: 323 / 1000
generated: 325 / 1000
generated: 328 / 1000
generated: 330 / 1000
generated: 332 / 1000
generated: 334 / 1000
generated: 335 / 1000
generated: 336 / 1000
generated: 337 / 1000
generated: 339 / 1000
generated: 341 / 1000
generated: 345 / 1000
generated: 347 / 1000
generated: 349 / 1000
generated: 352 / 1000
generated: 354 / 1000
generated: 355 / 1000
generated: 356 / 1000
generated: 357 / 1000
generated: 360 / 1000
generated: 361 / 1000
generated: 362 / 1000
generated: 365 / 1000
generated: 367 / 1000
generated: 368 / 1000
generated: 369 / 1000
generated: 371 / 1000
generated: 373 / 1000
generated: 375 / 1000
generated: 376 / 1000
generated: 381 / 1000
generated: 383 / 1000
generated: 385 / 1000
generated: 387 / 1000
generated: 389 / 1000
generated: 391 / 1000
generated: 392 / 1000
generated: 394 / 1000
generated: 395 / 1000
generated: 397 / 1000
generated: 398 / 1000
generated: 402 / 1000
generated: 406 / 1000
generated: 408 / 1000
generated: 409 / 1000
generated: 410 / 1000
generated: 412 / 1000
generated: 414 / 1000
generated: 416 / 1000
generated: 417 / 1000
generated: 418 / 1000
generated: 421 / 1000
generated: 424 / 1000
generated: 425 / 1000
generated: 428 / 1000
generated: 431 / 1000
generated: 434 / 1000
generated: 436 / 1000
generated: 438 / 1000
generated: 441 / 1000
generated: 442 / 1000
generated: 443 / 1000
generated: 447 / 1000
generated: 448 / 1000
generated: 450 / 1000
generated: 454 / 1000
generated: 456 / 1000
generated: 457 / 1000
generated: 460 / 1000
generated: 464 / 1000
generated: 465 / 1000
generated: 468 / 1000
generated: 469 / 1000
generated: 471 / 1000
generated: 474 / 1000
generated: 477 / 1000
generated: 481 / 1000
generated: 482 / 1000
generated: 484 / 1000
generated: 485 / 1000
generated: 486 / 1000
generated: 490 / 1000
generated: 493 / 1000
generated: 495 / 1000
generated: 498 / 1000
generated: 500 / 1000
generated: 501 / 1000
generated: 503 / 1000
generated: 504 / 1000
generated: 505 / 1000
generated: 508 / 1000
generated: 510 / 1000
generated: 512 / 1000
generated: 514 / 1000
generated: 516 / 1000
generated: 518 / 1000
generated: 520 / 1000
generated: 522 / 1000
generated: 526 / 1000
generated: 527 / 1000
generated: 528 / 1000
generated: 529 / 1000
generated: 530 / 1000
generated: 531 / 1000
generated: 532 / 1000
generated: 534 / 1000
generated: 535 / 1000
generated: 537 / 1000
generated: 538 / 1000
generated: 540 / 1000
generated: 543 / 1000
generated: 545 / 1000
generated: 550 / 1000
generated: 552 / 1000
generated: 555 / 1000
generated: 556 / 1000
generated: 557 / 1000
generated: 558 / 1000
generated: 562 / 1000
generated: 563 / 1000
generated: 565 / 1000
generated: 566 / 1000
generated: 568 / 1000
generated: 570 / 1000
generated: 574 / 1000
generated: 576 / 1000
generated: 578 / 1000
generated: 580 / 1000
generated: 582 / 1000
generated: 585 / 1000
generated: 586 / 1000
generated: 587 / 1000
generated: 589 / 1000
generated: 592 / 1000
generated: 593 / 1000
generated: 594 / 1000
generated: 596 / 1000
generated: 597 / 1000
generated: 599 / 1000
generated: 600 / 1000
generated: 602 / 1000
generated: 604 / 1000
generated: 608 / 1000
generated: 612 / 1000
generated: 613 / 1000
generated: 614 / 1000
generated: 615 / 1000
generated: 617 / 1000
generated: 618 / 1000
generated: 621 / 1000
generated: 624 / 1000
generated: 626 / 1000
generated: 628 / 1000
generated: 631 / 1000
generated: 633 / 1000
generated: 635 / 1000
generated: 637 / 1000
generated: 639 / 1000
generated: 642 / 1000
generated: 644 / 1000
generated: 645 / 1000
generated: 648 / 1000
generated: 651 / 1000
generated: 654 / 1000
generated: 656 / 1000
generated: 657 / 1000
generated: 659 / 1000
generated: 660 / 1000
generated: 661 / 1000
generated: 663 / 1000
generated: 665 / 1000
generated: 667 / 1000
generated: 669 / 1000
generated: 670 / 1000
generated: 672 / 1000
generated: 674 / 1000
generated: 675 / 1000
generated: 677 / 1000
generated: 678 / 1000
generated: 679 / 1000
generated: 680 / 1000
generated: 683 / 1000
generated: 684 / 1000
generated: 688 / 1000
generated: 689 / 1000
generated: 690 / 1000
generated: 692 / 1000
generated: 693 / 1000
generated: 694 / 1000
generated: 695 / 1000
generated: 696 / 1000
generated: 699 / 1000
generated: 700 / 1000
generated: 701 / 1000
generated: 702 / 1000
generated: 706 / 1000
generated: 710 / 1000
generated: 712 / 1000
generated: 715 / 1000
generated: 719 / 1000
generated: 721 / 1000
generated: 722 / 1000
generated: 723 / 1000
generated: 725 / 1000
generated: 729 / 1000
generated: 730 / 1000
generated: 732 / 1000
generated: 736 / 1000
generated: 739 / 1000
generated: 740 / 1000
generated: 742 / 1000
generated: 744 / 1000
generated: 745 / 1000
generated: 746 / 1000
generated: 750 / 1000
generated: 752 / 1000
generated: 753 / 1000
generated: 758 / 1000
generated: 760 / 1000
generated: 762 / 1000
generated: 763 / 1000
generated: 765 / 1000
generated: 766 / 1000
generated: 768 / 1000
generated: 770 / 1000
generated: 771 / 1000
generated: 772 / 1000
generated: 773 / 1000
generated: 775 / 1000
generated: 779 / 1000
generated: 781 / 1000
generated: 782 / 1000
generated: 784 / 1000
generated: 786 / 1000
generated: 789 / 1000
generated: 792 / 1000
generated: 793 / 1000
generated: 794 / 1000
generated: 796 / 1000
generated: 798 / 1000
generated: 799 / 1000
generated: 800 / 1000
generated: 801 / 1000
generated: 802 / 1000
generated: 807 / 1000
generated: 809 / 1000
generated: 810 / 1000
generated: 814 / 1000
generated: 815 / 1000
generated: 818 / 1000
generated: 821 / 1000
generated: 823 / 1000
generated: 827 / 1000
generated: 829 / 1000
generated: 830 / 1000
generated: 832 / 1000
generated: 833 / 1000
generated: 835 / 1000
generated: 836 / 1000
generated: 837 / 1000
generated: 840 / 1000
generated: 844 / 1000
generated: 845 / 1000
generated: 847 / 1000
generated: 848 / 1000
generated: 849 / 1000
generated: 852 / 1000
generated: 853 / 1000
generated: 854 / 1000
generated: 855 / 1000
generated: 856 / 1000
generated: 857 / 1000
generated: 858 / 1000
generated: 860 / 1000
generated: 862 / 1000
generated: 864 / 1000
generated: 865 / 1000
generated: 867 / 1000
generated: 868 / 1000
generated: 869 / 1000
generated: 874 / 1000
generated: 875 / 1000
generated: 879 / 1000
generated: 882 / 1000
generated: 885 / 1000
generated: 886 / 1000
generated: 888 / 1000
generated: 889 / 1000
generated: 890 / 1000
generated: 893 / 1000
generated: 897 / 1000
generated: 898 / 1000
generated: 901 / 1000
generated: 902 / 1000
generated: 904 / 1000
generated: 908 / 1000
generated: 911 / 1000
generated: 915 / 1000
generated: 916 / 1000
generated: 917 / 1000
generated: 919 / 1000
generated: 921 / 1000
generated: 922 / 1000
generated: 923 / 1000
generated: 925 / 1000
generated: 927 / 1000
generated: 929 / 1000
generated: 931 / 1000
generated: 933 / 1000
generated: 935 / 1000
generated: 936 / 1000
generated: 937 / 1000
generated: 939 / 1000
generated: 940 / 1000
generated: 942 / 1000
generated: 944 / 1000
generated: 946 / 1000
generated: 947 / 1000
generated: 948 / 1000
generated: 951 / 1000
generated: 952 / 1000
generated: 955 / 1000
generated: 956 / 1000
generated: 959 / 1000
generated: 962 / 1000
generated: 963 / 1000
generated: 965 / 1000
generated: 968 / 1000
generated: 969 / 1000
generated: 974 / 1000
generated: 976 / 1000
generated: 978 / 1000
generated: 979 / 1000
generated: 981 / 1000
generated: 983 / 1000
generated: 986 / 1000
generated: 991 / 1000
generated: 992 / 1000
generated: 995 / 1000
generated: 998 / 1000
generated: 999 / 1000
generated: 1000 / 1000
Sampling done in 27.5s
x0 pos    : x=[-0.381,0.386]  y=[-0.268,0.267]  z=[-0.424,0.422]
speed x0  : [0.212, 1.000]   (band [0.400, 1.0])
speed x1  : [0.216, 1.000]
Wrote 1000 training pairs to testing_data/3dshape/Vshape3d_env2
  sampled_points.npy (1000, 12)
  speed.npy          (1000, 2)
  normal.npy         (1000, 12)
  trans_n.npy        (1000, 12)
  rot_n.npy          (1000, 12)
  env.npy            (10000, 3)
