Delaunizing vertices...
Delaunay seconds:  0.000275
Creating surface mesh ...
Surface mesh seconds:  3.2e-05
Recovering boundaries...
Boundary recovery seconds:  0.003173
Removing exterior tetrahedra ...
Exterior tets removal seconds:  1.5e-05
Suppressing Steiner points ...
Steiner suppression seconds:  2e-06
Recovering Delaunayness...
Delaunay recovery seconds:  0.000136
Refining mesh...
  17 insertions, added 0 points, 1 tetrahedra in queue.
  5 insertions, added 0 points, 0 tetrahedra in queue.
  7 insertions, added 0 points, 0 tetrahedra in queue.
Refinement seconds:  8.6e-05
Smoothing vertices...
Mesh smoothing seconds:  0.000488
Improving mesh...
Mesh improvement seconds:  1.2e-05

Writing nodes.
Writing elements.
Writing faces.
Writing edges.

Output seconds:  6e-06
Total running seconds:  0.004396

Statistics:

  Input points: 12
  Input facets: 20
  Input segments: 30
  Input holes: 0
  Input regions: 0

  Mesh points: 13
  Mesh tetrahedra: 18
  Mesh faces: 46
  Mesh faces on exterior boundary: 20
  Mesh faces on input facets: 20
  Mesh edges on input segments: 30
  Steiner points inside domain: 1

[load_obj] 'datasets/3dshape/env1.obj': 5 objects/groups
  [0] 'Body2'  (12 triangles)
  [1] 'Body3'  (12 triangles)
  [2] 'Body4'  (12 triangles)
  [3] 'Body5'  (12 triangles)
  [4] 'wall (2)'  (12 triangles)
[load_obj] 'datasets/3dshape/Vshape3d.obj': 1 objects/groups
  [0] 'Body2'  (20 triangles)
Tetrahedralized shape: 18 tets, 20 boundary triangles, 13 verts
Sampling 1000 (x0, x1) pairs [TESTING (independent collision-free pairs)]   margin=0.05  offset=0.02  ...
generated: 3 / 1000
generated: 5 / 1000
generated: 8 / 1000
generated: 10 / 1000
generated: 11 / 1000
generated: 12 / 1000
generated: 13 / 1000
generated: 14 / 1000
generated: 19 / 1000
generated: 21 / 1000
generated: 22 / 1000
generated: 25 / 1000
generated: 27 / 1000
generated: 29 / 1000
generated: 30 / 1000
generated: 34 / 1000
generated: 35 / 1000
generated: 38 / 1000
generated: 39 / 1000
generated: 42 / 1000
generated: 45 / 1000
generated: 48 / 1000
generated: 49 / 1000
generated: 50 / 1000
generated: 51 / 1000
generated: 53 / 1000
generated: 54 / 1000
generated: 58 / 1000
generated: 59 / 1000
generated: 60 / 1000
generated: 62 / 1000
generated: 63 / 1000
generated: 64 / 1000
generated: 68 / 1000
generated: 69 / 1000
generated: 71 / 1000
generated: 74 / 1000
generated: 76 / 1000
generated: 78 / 1000
generated: 79 / 1000
generated: 81 / 1000
generated: 82 / 1000
generated: 86 / 1000
generated: 88 / 1000
generated: 89 / 1000
generated: 91 / 1000
generated: 95 / 1000
generated: 97 / 1000
generated: 99 / 1000
generated: 100 / 1000
generated: 102 / 1000
generated: 103 / 1000
generated: 104 / 1000
generated: 106 / 1000
generated: 108 / 1000
generated: 110 / 1000
generated: 111 / 1000
generated: 112 / 1000
generated: 114 / 1000
generated: 116 / 1000
generated: 118 / 1000
generated: 120 / 1000
generated: 122 / 1000
generated: 125 / 1000
generated: 126 / 1000
generated: 127 / 1000
generated: 129 / 1000
generated: 131 / 1000
generated: 133 / 1000
generated: 135 / 1000
generated: 137 / 1000
generated: 140 / 1000
generated: 142 / 1000
generated: 145 / 1000
generated: 147 / 1000
generated: 148 / 1000
generated: 150 / 1000
generated: 151 / 1000
generated: 152 / 1000
generated: 153 / 1000
generated: 154 / 1000
generated: 155 / 1000
generated: 157 / 1000
generated: 158 / 1000
generated: 160 / 1000
generated: 162 / 1000
generated: 164 / 1000
generated: 166 / 1000
generated: 168 / 1000
generated: 170 / 1000
generated: 171 / 1000
generated: 172 / 1000
generated: 174 / 1000
generated: 178 / 1000
generated: 182 / 1000
generated: 183 / 1000
generated: 184 / 1000
generated: 185 / 1000
generated: 189 / 1000
generated: 190 / 1000
generated: 191 / 1000
generated: 193 / 1000
generated: 195 / 1000
generated: 197 / 1000
generated: 198 / 1000
generated: 199 / 1000
generated: 200 / 1000
generated: 201 / 1000
generated: 204 / 1000
generated: 206 / 1000
generated: 207 / 1000
generated: 209 / 1000
generated: 210 / 1000
generated: 212 / 1000
generated: 215 / 1000
generated: 217 / 1000
generated: 219 / 1000
generated: 220 / 1000
generated: 222 / 1000
generated: 223 / 1000
generated: 224 / 1000
generated: 226 / 1000
generated: 230 / 1000
generated: 231 / 1000
generated: 233 / 1000
generated: 236 / 1000
generated: 238 / 1000
generated: 241 / 1000
generated: 242 / 1000
generated: 243 / 1000
generated: 244 / 1000
generated: 246 / 1000
generated: 249 / 1000
generated: 252 / 1000
generated: 253 / 1000
generated: 254 / 1000
generated: 256 / 1000
generated: 257 / 1000
generated: 258 / 1000
generated: 260 / 1000
generated: 262 / 1000
generated: 267 / 1000
generated: 268 / 1000
generated: 270 / 1000
generated: 273 / 1000
generated: 275 / 1000
generated: 277 / 1000
generated: 278 / 1000
generated: 279 / 1000
generated: 281 / 1000
generated: 282 / 1000
generated: 285 / 1000
generated: 286 / 1000
generated: 288 / 1000
generated: 289 / 1000
generated: 291 / 1000
generated: 292 / 1000
generated: 293 / 1000
generated: 297 / 1000
generated: 298 / 1000
generated: 299 / 1000
generated: 300 / 1000
generated: 301 / 1000
generated: 302 / 1000
generated: 303 / 1000
generated: 304 / 1000
generated: 305 / 1000
generated: 306 / 1000
generated: 308 / 1000
generated: 309 / 1000
generated: 310 / 1000
generated: 312 / 1000
generated: 314 / 1000
generated: 317 / 1000
generated: 321 / 1000
generated: 324 / 1000
generated: 325 / 1000
generated: 326 / 1000
generated: 330 / 1000
generated: 332 / 1000
generated: 333 / 1000
generated: 336 / 1000
generated: 337 / 1000
generated: 339 / 1000
generated: 341 / 1000
generated: 342 / 1000
generated: 344 / 1000
generated: 346 / 1000
generated: 349 / 1000
generated: 351 / 1000
generated: 353 / 1000
generated: 356 / 1000
generated: 358 / 1000
generated: 360 / 1000
generated: 362 / 1000
generated: 366 / 1000
generated: 368 / 1000
generated: 372 / 1000
generated: 374 / 1000
generated: 377 / 1000
generated: 380 / 1000
generated: 382 / 1000
generated: 383 / 1000
generated: 384 / 1000
generated: 385 / 1000
generated: 386 / 1000
generated: 389 / 1000
generated: 391 / 1000
generated: 392 / 1000
generated: 393 / 1000
generated: 396 / 1000
generated: 398 / 1000
generated: 401 / 1000
generated: 403 / 1000
generated: 406 / 1000
generated: 411 / 1000
generated: 413 / 1000
generated: 414 / 1000
generated: 416 / 1000
generated: 417 / 1000
generated: 418 / 1000
generated: 421 / 1000
generated: 424 / 1000
generated: 427 / 1000
generated: 429 / 1000
generated: 431 / 1000
generated: 433 / 1000
generated: 434 / 1000
generated: 435 / 1000
generated: 438 / 1000
generated: 439 / 1000
generated: 441 / 1000
generated: 443 / 1000
generated: 444 / 1000
generated: 445 / 1000
generated: 447 / 1000
generated: 453 / 1000
generated: 457 / 1000
generated: 458 / 1000
generated: 463 / 1000
generated: 466 / 1000
generated: 468 / 1000
generated: 471 / 1000
generated: 472 / 1000
generated: 475 / 1000
generated: 476 / 1000
generated: 479 / 1000
generated: 480 / 1000
generated: 481 / 1000
generated: 482 / 1000
generated: 484 / 1000
generated: 485 / 1000
generated: 488 / 1000
generated: 491 / 1000
generated: 492 / 1000
generated: 493 / 1000
generated: 494 / 1000
generated: 497 / 1000
generated: 500 / 1000
generated: 504 / 1000
generated: 506 / 1000
generated: 508 / 1000
generated: 511 / 1000
generated: 514 / 1000
generated: 515 / 1000
generated: 517 / 1000
generated: 519 / 1000
generated: 522 / 1000
generated: 525 / 1000
generated: 527 / 1000
generated: 529 / 1000
generated: 534 / 1000
generated: 536 / 1000
generated: 538 / 1000
generated: 543 / 1000
generated: 544 / 1000
generated: 545 / 1000
generated: 547 / 1000
generated: 550 / 1000
generated: 553 / 1000
generated: 554 / 1000
generated: 560 / 1000
generated: 562 / 1000
generated: 564 / 1000
generated: 565 / 1000
generated: 566 / 1000
generated: 567 / 1000
generated: 568 / 1000
generated: 569 / 1000
generated: 571 / 1000
generated: 572 / 1000
generated: 574 / 1000
generated: 576 / 1000
generated: 579 / 1000
generated: 580 / 1000
generated: 581 / 1000
generated: 582 / 1000
generated: 584 / 1000
generated: 586 / 1000
generated: 587 / 1000
generated: 590 / 1000
generated: 591 / 1000
generated: 592 / 1000
generated: 594 / 1000
generated: 595 / 1000
generated: 599 / 1000
generated: 600 / 1000
generated: 602 / 1000
generated: 604 / 1000
generated: 605 / 1000
generated: 606 / 1000
generated: 607 / 1000
generated: 610 / 1000
generated: 611 / 1000
generated: 612 / 1000
generated: 616 / 1000
generated: 617 / 1000
generated: 618 / 1000
generated: 619 / 1000
generated: 621 / 1000
generated: 624 / 1000
generated: 628 / 1000
generated: 629 / 1000
generated: 630 / 1000
generated: 631 / 1000
generated: 632 / 1000
generated: 635 / 1000
generated: 637 / 1000
generated: 639 / 1000
generated: 643 / 1000
generated: 645 / 1000
generated: 647 / 1000
generated: 648 / 1000
generated: 652 / 1000
generated: 655 / 1000
generated: 657 / 1000
generated: 659 / 1000
generated: 660 / 1000
generated: 662 / 1000
generated: 666 / 1000
generated: 669 / 1000
generated: 670 / 1000
generated: 671 / 1000
generated: 674 / 1000
generated: 679 / 1000
generated: 683 / 1000
generated: 686 / 1000
generated: 688 / 1000
generated: 690 / 1000
generated: 693 / 1000
generated: 695 / 1000
generated: 697 / 1000
generated: 698 / 1000
generated: 699 / 1000
generated: 700 / 1000
generated: 701 / 1000
generated: 703 / 1000
generated: 706 / 1000
generated: 709 / 1000
generated: 711 / 1000
generated: 712 / 1000
generated: 714 / 1000
generated: 715 / 1000
generated: 717 / 1000
generated: 718 / 1000
generated: 719 / 1000
generated: 720 / 1000
generated: 724 / 1000
generated: 727 / 1000
generated: 728 / 1000
generated: 729 / 1000
generated: 733 / 1000
generated: 738 / 1000
generated: 739 / 1000
generated: 740 / 1000
generated: 742 / 1000
generated: 743 / 1000
generated: 744 / 1000
generated: 745 / 1000
generated: 746 / 1000
generated: 747 / 1000
generated: 749 / 1000
generated: 750 / 1000
generated: 752 / 1000
generated: 754 / 1000
generated: 757 / 1000
generated: 758 / 1000
generated: 761 / 1000
generated: 764 / 1000
generated: 767 / 1000
generated: 770 / 1000
generated: 771 / 1000
generated: 772 / 1000
generated: 774 / 1000
generated: 776 / 1000
generated: 777 / 1000
generated: 778 / 1000
generated: 779 / 1000
generated: 781 / 1000
generated: 783 / 1000
generated: 788 / 1000
generated: 789 / 1000
generated: 795 / 1000
generated: 797 / 1000
generated: 801 / 1000
generated: 802 / 1000
generated: 804 / 1000
generated: 808 / 1000
generated: 810 / 1000
generated: 813 / 1000
generated: 815 / 1000
generated: 821 / 1000
generated: 822 / 1000
generated: 823 / 1000
generated: 825 / 1000
generated: 827 / 1000
generated: 831 / 1000
generated: 832 / 1000
generated: 834 / 1000
generated: 838 / 1000
generated: 840 / 1000
generated: 844 / 1000
generated: 845 / 1000
generated: 847 / 1000
generated: 848 / 1000
generated: 853 / 1000
generated: 854 / 1000
generated: 856 / 1000
generated: 858 / 1000
generated: 861 / 1000
generated: 862 / 1000
generated: 865 / 1000
generated: 867 / 1000
generated: 871 / 1000
generated: 872 / 1000
generated: 875 / 1000
generated: 877 / 1000
generated: 879 / 1000
generated: 881 / 1000
generated: 884 / 1000
generated: 885 / 1000
generated: 887 / 1000
generated: 890 / 1000
generated: 891 / 1000
generated: 892 / 1000
generated: 893 / 1000
generated: 894 / 1000
generated: 895 / 1000
generated: 896 / 1000
generated: 898 / 1000
generated: 901 / 1000
generated: 904 / 1000
generated: 905 / 1000
generated: 906 / 1000
generated: 907 / 1000
generated: 911 / 1000
generated: 913 / 1000
generated: 916 / 1000
generated: 917 / 1000
generated: 918 / 1000
generated: 919 / 1000
generated: 920 / 1000
generated: 923 / 1000
generated: 924 / 1000
generated: 925 / 1000
generated: 926 / 1000
generated: 928 / 1000
generated: 929 / 1000
generated: 931 / 1000
generated: 932 / 1000
generated: 934 / 1000
generated: 937 / 1000
generated: 939 / 1000
generated: 940 / 1000
generated: 941 / 1000
generated: 943 / 1000
generated: 944 / 1000
generated: 946 / 1000
generated: 947 / 1000
generated: 948 / 1000
generated: 951 / 1000
generated: 954 / 1000
generated: 955 / 1000
generated: 958 / 1000
generated: 960 / 1000
generated: 964 / 1000
generated: 965 / 1000
generated: 966 / 1000
generated: 968 / 1000
generated: 970 / 1000
generated: 972 / 1000
generated: 973 / 1000
generated: 975 / 1000
generated: 978 / 1000
generated: 982 / 1000
generated: 984 / 1000
generated: 985 / 1000
generated: 988 / 1000
generated: 990 / 1000
generated: 991 / 1000
generated: 992 / 1000
generated: 993 / 1000
generated: 994 / 1000
generated: 995 / 1000
generated: 997 / 1000
generated: 999 / 1000
generated: 1000 / 1000
Sampling done in 28.2s
x0 pos    : x=[-0.407,0.381]  y=[-0.276,0.279]  z=[-0.429,0.428]
speed x0  : [0.211, 0.666]   (band [0.400, 1.0])
speed x1  : [0.215, 0.680]
Wrote 1000 training pairs to testing_data/3dshape/Vshape3d_env1
  sampled_points.npy (1000, 12)
  speed.npy          (1000, 2)
  normal.npy         (1000, 12)
  trans_n.npy        (1000, 12)
  rot_n.npy          (1000, 12)
  env.npy            (10000, 3)
