Delaunizing vertices...
Delaunay seconds:  0.000209
Creating surface mesh ...
Surface mesh seconds:  3e-05
Recovering boundaries...
Boundary recovery seconds:  0.000543
Removing exterior tetrahedra ...
Exterior tets removal seconds:  1.5e-05
Suppressing Steiner points ...
Steiner suppression seconds:  2e-06
Recovering Delaunayness...
Delaunay recovery seconds:  9.9e-05
Refining mesh...
  17 insertions, added 0 points, 1 tetrahedra in queue.
  5 insertions, added 0 points, 0 tetrahedra in queue.
  7 insertions, added 0 points, 0 tetrahedra in queue.
Refinement seconds:  8.6e-05
Smoothing vertices...
Mesh smoothing seconds:  0.000454
Improving mesh...
Mesh improvement seconds:  8e-06

Writing nodes.
Writing elements.
Writing faces.
Writing edges.

Output seconds:  8e-06
Total running seconds:  0.003374

Statistics:

  Input points: 12
  Input facets: 20
  Input segments: 30
  Input holes: 0
  Input regions: 0

  Mesh points: 13
  Mesh tetrahedra: 18
  Mesh faces: 46
  Mesh faces on exterior boundary: 20
  Mesh faces on input facets: 20
  Mesh edges on input segments: 30
  Steiner points inside domain: 1

[load_obj] 'datasets/3dshape/env3.obj': 4 objects/groups
  [0] 'wall (1)'  (88 triangles)
  [1] 'Body14'  (12 triangles)
  [2] 'Body16'  (12 triangles)
  [3] 'Body17'  (12 triangles)
[load_obj] 'datasets/3dshape/Vshape3d.obj': 1 objects/groups
  [0] 'Body2'  (20 triangles)
Tetrahedralized shape: 18 tets, 20 boundary triangles, 13 verts
Sampling 1000 (x0, x1) pairs [TESTING (independent collision-free pairs)]   margin=0.05  offset=0.02  ...
generated: 2 / 1000
generated: 6 / 1000
generated: 9 / 1000
generated: 13 / 1000
generated: 14 / 1000
generated: 15 / 1000
generated: 16 / 1000
generated: 17 / 1000
generated: 20 / 1000
generated: 23 / 1000
generated: 24 / 1000
generated: 26 / 1000
generated: 28 / 1000
generated: 31 / 1000
generated: 32 / 1000
generated: 35 / 1000
generated: 37 / 1000
generated: 39 / 1000
generated: 40 / 1000
generated: 41 / 1000
generated: 43 / 1000
generated: 45 / 1000
generated: 48 / 1000
generated: 50 / 1000
generated: 54 / 1000
generated: 58 / 1000
generated: 59 / 1000
generated: 61 / 1000
generated: 62 / 1000
generated: 64 / 1000
generated: 66 / 1000
generated: 67 / 1000
generated: 69 / 1000
generated: 73 / 1000
generated: 74 / 1000
generated: 75 / 1000
generated: 76 / 1000
generated: 77 / 1000
generated: 78 / 1000
generated: 79 / 1000
generated: 80 / 1000
generated: 83 / 1000
generated: 86 / 1000
generated: 88 / 1000
generated: 89 / 1000
generated: 90 / 1000
generated: 92 / 1000
generated: 96 / 1000
generated: 97 / 1000
generated: 98 / 1000
generated: 100 / 1000
generated: 102 / 1000
generated: 104 / 1000
generated: 105 / 1000
generated: 106 / 1000
generated: 107 / 1000
generated: 108 / 1000
generated: 110 / 1000
generated: 114 / 1000
generated: 116 / 1000
generated: 118 / 1000
generated: 121 / 1000
generated: 122 / 1000
generated: 124 / 1000
generated: 126 / 1000
generated: 127 / 1000
generated: 128 / 1000
generated: 130 / 1000
generated: 135 / 1000
generated: 136 / 1000
generated: 138 / 1000
generated: 141 / 1000
generated: 143 / 1000
generated: 145 / 1000
generated: 147 / 1000
generated: 150 / 1000
generated: 151 / 1000
generated: 152 / 1000
generated: 153 / 1000
generated: 157 / 1000
generated: 158 / 1000
generated: 163 / 1000
generated: 165 / 1000
generated: 167 / 1000
generated: 170 / 1000
generated: 173 / 1000
generated: 174 / 1000
generated: 177 / 1000
generated: 180 / 1000
generated: 181 / 1000
generated: 183 / 1000
generated: 185 / 1000
generated: 187 / 1000
generated: 189 / 1000
generated: 191 / 1000
generated: 192 / 1000
generated: 195 / 1000
generated: 199 / 1000
generated: 200 / 1000
generated: 202 / 1000
generated: 204 / 1000
generated: 206 / 1000
generated: 209 / 1000
generated: 210 / 1000
generated: 214 / 1000
generated: 215 / 1000
generated: 218 / 1000
generated: 220 / 1000
generated: 222 / 1000
generated: 223 / 1000
generated: 229 / 1000
generated: 230 / 1000
generated: 232 / 1000
generated: 233 / 1000
generated: 238 / 1000
generated: 239 / 1000
generated: 241 / 1000
generated: 242 / 1000
generated: 243 / 1000
generated: 246 / 1000
generated: 251 / 1000
generated: 254 / 1000
generated: 256 / 1000
generated: 257 / 1000
generated: 259 / 1000
generated: 260 / 1000
generated: 263 / 1000
generated: 265 / 1000
generated: 267 / 1000
generated: 268 / 1000
generated: 271 / 1000
generated: 273 / 1000
generated: 276 / 1000
generated: 277 / 1000
generated: 281 / 1000
generated: 282 / 1000
generated: 284 / 1000
generated: 285 / 1000
generated: 286 / 1000
generated: 288 / 1000
generated: 290 / 1000
generated: 292 / 1000
generated: 296 / 1000
generated: 298 / 1000
generated: 300 / 1000
generated: 304 / 1000
generated: 305 / 1000
generated: 306 / 1000
generated: 308 / 1000
generated: 310 / 1000
generated: 311 / 1000
generated: 316 / 1000
generated: 318 / 1000
generated: 321 / 1000
generated: 323 / 1000
generated: 327 / 1000
generated: 330 / 1000
generated: 333 / 1000
generated: 335 / 1000
generated: 342 / 1000
generated: 344 / 1000
generated: 346 / 1000
generated: 349 / 1000
generated: 350 / 1000
generated: 351 / 1000
generated: 352 / 1000
generated: 354 / 1000
generated: 355 / 1000
generated: 356 / 1000
generated: 357 / 1000
generated: 360 / 1000
generated: 361 / 1000
generated: 362 / 1000
generated: 365 / 1000
generated: 367 / 1000
generated: 368 / 1000
generated: 369 / 1000
generated: 370 / 1000
generated: 374 / 1000
generated: 377 / 1000
generated: 378 / 1000
generated: 380 / 1000
generated: 382 / 1000
generated: 384 / 1000
generated: 385 / 1000
generated: 387 / 1000
generated: 389 / 1000
generated: 392 / 1000
generated: 396 / 1000
generated: 400 / 1000
generated: 403 / 1000
generated: 404 / 1000
generated: 406 / 1000
generated: 407 / 1000
generated: 410 / 1000
generated: 415 / 1000
generated: 418 / 1000
generated: 419 / 1000
generated: 421 / 1000
generated: 423 / 1000
generated: 425 / 1000
generated: 426 / 1000
generated: 428 / 1000
generated: 430 / 1000
generated: 433 / 1000
generated: 434 / 1000
generated: 436 / 1000
generated: 439 / 1000
generated: 440 / 1000
generated: 442 / 1000
generated: 443 / 1000
generated: 445 / 1000
generated: 447 / 1000
generated: 450 / 1000
generated: 453 / 1000
generated: 454 / 1000
generated: 455 / 1000
generated: 456 / 1000
generated: 457 / 1000
generated: 458 / 1000
generated: 462 / 1000
generated: 467 / 1000
generated: 471 / 1000
generated: 472 / 1000
generated: 474 / 1000
generated: 476 / 1000
generated: 479 / 1000
generated: 481 / 1000
generated: 482 / 1000
generated: 483 / 1000
generated: 484 / 1000
generated: 485 / 1000
generated: 486 / 1000
generated: 488 / 1000
generated: 490 / 1000
generated: 491 / 1000
generated: 492 / 1000
generated: 495 / 1000
generated: 498 / 1000
generated: 499 / 1000
generated: 501 / 1000
generated: 505 / 1000
generated: 507 / 1000
generated: 509 / 1000
generated: 512 / 1000
generated: 517 / 1000
generated: 519 / 1000
generated: 521 / 1000
generated: 524 / 1000
generated: 526 / 1000
generated: 527 / 1000
generated: 530 / 1000
generated: 531 / 1000
generated: 532 / 1000
generated: 533 / 1000
generated: 535 / 1000
generated: 537 / 1000
generated: 538 / 1000
generated: 540 / 1000
generated: 542 / 1000
generated: 543 / 1000
generated: 544 / 1000
generated: 546 / 1000
generated: 548 / 1000
generated: 552 / 1000
generated: 553 / 1000
generated: 556 / 1000
generated: 557 / 1000
generated: 560 / 1000
generated: 563 / 1000
generated: 565 / 1000
generated: 568 / 1000
generated: 572 / 1000
generated: 573 / 1000
generated: 576 / 1000
generated: 584 / 1000
generated: 585 / 1000
generated: 586 / 1000
generated: 589 / 1000
generated: 591 / 1000
generated: 594 / 1000
generated: 596 / 1000
generated: 599 / 1000
generated: 603 / 1000
generated: 604 / 1000
generated: 607 / 1000
generated: 608 / 1000
generated: 609 / 1000
generated: 611 / 1000
generated: 613 / 1000
generated: 616 / 1000
generated: 617 / 1000
generated: 619 / 1000
generated: 621 / 1000
generated: 623 / 1000
generated: 626 / 1000
generated: 628 / 1000
generated: 629 / 1000
generated: 630 / 1000
generated: 633 / 1000
generated: 634 / 1000
generated: 636 / 1000
generated: 638 / 1000
generated: 643 / 1000
generated: 645 / 1000
generated: 649 / 1000
generated: 651 / 1000
generated: 652 / 1000
generated: 653 / 1000
generated: 654 / 1000
generated: 655 / 1000
generated: 656 / 1000
generated: 657 / 1000
generated: 658 / 1000
generated: 660 / 1000
generated: 662 / 1000
generated: 664 / 1000
generated: 667 / 1000
generated: 670 / 1000
generated: 671 / 1000
generated: 677 / 1000
generated: 679 / 1000
generated: 683 / 1000
generated: 685 / 1000
generated: 688 / 1000
generated: 690 / 1000
generated: 694 / 1000
generated: 695 / 1000
generated: 696 / 1000
generated: 697 / 1000
generated: 698 / 1000
generated: 699 / 1000
generated: 701 / 1000
generated: 703 / 1000
generated: 707 / 1000
generated: 711 / 1000
generated: 713 / 1000
generated: 714 / 1000
generated: 716 / 1000
generated: 720 / 1000
generated: 721 / 1000
generated: 724 / 1000
generated: 726 / 1000
generated: 729 / 1000
generated: 731 / 1000
generated: 734 / 1000
generated: 735 / 1000
generated: 739 / 1000
generated: 740 / 1000
generated: 741 / 1000
generated: 742 / 1000
generated: 744 / 1000
generated: 745 / 1000
generated: 747 / 1000
generated: 748 / 1000
generated: 752 / 1000
generated: 755 / 1000
generated: 758 / 1000
generated: 760 / 1000
generated: 762 / 1000
generated: 764 / 1000
generated: 765 / 1000
generated: 769 / 1000
generated: 771 / 1000
generated: 773 / 1000
generated: 775 / 1000
generated: 776 / 1000
generated: 777 / 1000
generated: 778 / 1000
generated: 779 / 1000
generated: 781 / 1000
generated: 782 / 1000
generated: 784 / 1000
generated: 785 / 1000
generated: 786 / 1000
generated: 789 / 1000
generated: 791 / 1000
generated: 798 / 1000
generated: 800 / 1000
generated: 803 / 1000
generated: 805 / 1000
generated: 806 / 1000
generated: 808 / 1000
generated: 810 / 1000
generated: 813 / 1000
generated: 815 / 1000
generated: 816 / 1000
generated: 817 / 1000
generated: 818 / 1000
generated: 820 / 1000
generated: 821 / 1000
generated: 823 / 1000
generated: 825 / 1000
generated: 826 / 1000
generated: 832 / 1000
generated: 835 / 1000
generated: 839 / 1000
generated: 840 / 1000
generated: 842 / 1000
generated: 843 / 1000
generated: 844 / 1000
generated: 846 / 1000
generated: 849 / 1000
generated: 850 / 1000
generated: 853 / 1000
generated: 855 / 1000
generated: 856 / 1000
generated: 858 / 1000
generated: 859 / 1000
generated: 860 / 1000
generated: 861 / 1000
generated: 862 / 1000
generated: 864 / 1000
generated: 866 / 1000
generated: 869 / 1000
generated: 870 / 1000
generated: 873 / 1000
generated: 874 / 1000
generated: 875 / 1000
generated: 877 / 1000
generated: 878 / 1000
generated: 879 / 1000
generated: 882 / 1000
generated: 883 / 1000
generated: 886 / 1000
generated: 890 / 1000
generated: 892 / 1000
generated: 893 / 1000
generated: 896 / 1000
generated: 897 / 1000
generated: 901 / 1000
generated: 903 / 1000
generated: 904 / 1000
generated: 905 / 1000
generated: 908 / 1000
generated: 910 / 1000
generated: 913 / 1000
generated: 916 / 1000
generated: 919 / 1000
generated: 921 / 1000
generated: 923 / 1000
generated: 925 / 1000
generated: 927 / 1000
generated: 933 / 1000
generated: 937 / 1000
generated: 938 / 1000
generated: 940 / 1000
generated: 943 / 1000
generated: 947 / 1000
generated: 948 / 1000
generated: 950 / 1000
generated: 951 / 1000
generated: 952 / 1000
generated: 954 / 1000
generated: 956 / 1000
generated: 958 / 1000
generated: 963 / 1000
generated: 966 / 1000
generated: 969 / 1000
generated: 972 / 1000
generated: 973 / 1000
generated: 977 / 1000
generated: 979 / 1000
generated: 980 / 1000
generated: 982 / 1000
generated: 983 / 1000
generated: 985 / 1000
generated: 988 / 1000
generated: 989 / 1000
generated: 992 / 1000
generated: 994 / 1000
generated: 995 / 1000
generated: 997 / 1000
generated: 998 / 1000
generated: 999 / 1000
generated: 1000 / 1000
Sampling done in 29.5s
x0 pos    : x=[-0.398,0.377]  y=[-0.259,0.269]  z=[-0.431,0.424]
speed x0  : [0.213, 1.000]   (band [0.400, 1.0])
speed x1  : [0.217, 1.000]
Wrote 1000 training pairs to testing_data/3dshape/Vshape3d_env3
  sampled_points.npy (1000, 12)
  speed.npy          (1000, 2)
  normal.npy         (1000, 12)
  trans_n.npy        (1000, 12)
  rot_n.npy          (1000, 12)
  env.npy            (10000, 3)
