Delaunizing vertices...
Delaunay seconds:  0.128174
Creating surface mesh ...
Surface mesh seconds:  3.1e-05
Recovering boundaries...
Boundary recovery seconds:  0.000546
Removing exterior tetrahedra ...
Exterior tets removal seconds:  1.6e-05
Suppressing Steiner points ...
Steiner suppression seconds:  2e-06
Recovering Delaunayness...
Delaunay recovery seconds:  0.000101
Refining mesh...
  17 insertions, added 0 points, 1 tetrahedra in queue.
  5 insertions, added 0 points, 0 tetrahedra in queue.
  7 insertions, added 0 points, 0 tetrahedra in queue.
Refinement seconds:  8.5e-05
Smoothing vertices...
Mesh smoothing seconds:  0.001874
Improving mesh...
Mesh improvement seconds:  1.3e-05

Writing nodes.
Writing elements.
Writing faces.
Writing edges.

Output seconds:  7e-06
Total running seconds:  0.131021

Statistics:

  Input points: 12
  Input facets: 20
  Input segments: 30
  Input holes: 0
  Input regions: 0

  Mesh points: 13
  Mesh tetrahedra: 18
  Mesh faces: 46
  Mesh faces on exterior boundary: 20
  Mesh faces on input facets: 20
  Mesh edges on input segments: 30
  Steiner points inside domain: 1

[load_obj] 'datasets/3dshape/env4.obj': 7 objects/groups
  [0] 'wall (1)'  (88 triangles)
  [1] 'Body14'  (12 triangles)
  [2] 'Body15'  (12 triangles)
  [3] 'Body16'  (12 triangles)
  [4] 'Body17'  (12 triangles)
  [5] 'Body18'  (12 triangles)
  [6] 'Body19'  (12 triangles)
[load_obj] 'datasets/3dshape/Vshape3d.obj': 1 objects/groups
  [0] 'Body2'  (20 triangles)
Tetrahedralized shape: 18 tets, 20 boundary triangles, 13 verts
Sampling 1000 (x0, x1) pairs [TESTING (independent collision-free pairs)]   margin=0.05  offset=0.02  ...
generated: 1 / 1000
generated: 2 / 1000
generated: 7 / 1000
generated: 12 / 1000
generated: 14 / 1000
generated: 16 / 1000
generated: 17 / 1000
generated: 21 / 1000
generated: 22 / 1000
generated: 24 / 1000
generated: 25 / 1000
generated: 26 / 1000
generated: 28 / 1000
generated: 31 / 1000
generated: 32 / 1000
generated: 34 / 1000
generated: 36 / 1000
generated: 37 / 1000
generated: 39 / 1000
generated: 40 / 1000
generated: 42 / 1000
generated: 44 / 1000
generated: 46 / 1000
generated: 48 / 1000
generated: 50 / 1000
generated: 51 / 1000
generated: 52 / 1000
generated: 53 / 1000
generated: 54 / 1000
generated: 56 / 1000
generated: 58 / 1000
generated: 60 / 1000
generated: 62 / 1000
generated: 65 / 1000
generated: 66 / 1000
generated: 67 / 1000
generated: 68 / 1000
generated: 69 / 1000
generated: 70 / 1000
generated: 71 / 1000
generated: 73 / 1000
generated: 77 / 1000
generated: 78 / 1000
generated: 79 / 1000
generated: 81 / 1000
generated: 82 / 1000
generated: 86 / 1000
generated: 92 / 1000
generated: 94 / 1000
generated: 96 / 1000
generated: 98 / 1000
generated: 100 / 1000
generated: 103 / 1000
generated: 104 / 1000
generated: 105 / 1000
generated: 106 / 1000
generated: 107 / 1000
generated: 108 / 1000
generated: 109 / 1000
generated: 113 / 1000
generated: 116 / 1000
generated: 117 / 1000
generated: 118 / 1000
generated: 121 / 1000
generated: 123 / 1000
generated: 127 / 1000
generated: 128 / 1000
generated: 129 / 1000
generated: 132 / 1000
generated: 133 / 1000
generated: 134 / 1000
generated: 136 / 1000
generated: 138 / 1000
generated: 140 / 1000
generated: 142 / 1000
generated: 143 / 1000
generated: 144 / 1000
generated: 147 / 1000
generated: 149 / 1000
generated: 151 / 1000
generated: 152 / 1000
generated: 154 / 1000
generated: 155 / 1000
generated: 158 / 1000
generated: 160 / 1000
generated: 162 / 1000
generated: 163 / 1000
generated: 166 / 1000
generated: 167 / 1000
generated: 168 / 1000
generated: 170 / 1000
generated: 171 / 1000
generated: 176 / 1000
generated: 177 / 1000
generated: 178 / 1000
generated: 180 / 1000
generated: 182 / 1000
generated: 184 / 1000
generated: 186 / 1000
generated: 188 / 1000
generated: 189 / 1000
generated: 190 / 1000
generated: 192 / 1000
generated: 193 / 1000
generated: 195 / 1000
generated: 196 / 1000
generated: 197 / 1000
generated: 198 / 1000
generated: 199 / 1000
generated: 201 / 1000
generated: 206 / 1000
generated: 207 / 1000
generated: 208 / 1000
generated: 210 / 1000
generated: 213 / 1000
generated: 214 / 1000
generated: 215 / 1000
generated: 219 / 1000
generated: 222 / 1000
generated: 224 / 1000
generated: 225 / 1000
generated: 226 / 1000
generated: 228 / 1000
generated: 229 / 1000
generated: 231 / 1000
generated: 232 / 1000
generated: 236 / 1000
generated: 238 / 1000
generated: 239 / 1000
generated: 240 / 1000
generated: 244 / 1000
generated: 246 / 1000
generated: 248 / 1000
generated: 249 / 1000
generated: 252 / 1000
generated: 254 / 1000
generated: 255 / 1000
generated: 256 / 1000
generated: 257 / 1000
generated: 259 / 1000
generated: 260 / 1000
generated: 261 / 1000
generated: 265 / 1000
generated: 266 / 1000
generated: 268 / 1000
generated: 270 / 1000
generated: 272 / 1000
generated: 274 / 1000
generated: 275 / 1000
generated: 276 / 1000
generated: 279 / 1000
generated: 281 / 1000
generated: 282 / 1000
generated: 285 / 1000
generated: 287 / 1000
generated: 288 / 1000
generated: 289 / 1000
generated: 292 / 1000
generated: 294 / 1000
generated: 295 / 1000
generated: 298 / 1000
generated: 302 / 1000
generated: 304 / 1000
generated: 305 / 1000
generated: 306 / 1000
generated: 311 / 1000
generated: 313 / 1000
generated: 315 / 1000
generated: 316 / 1000
generated: 317 / 1000
generated: 318 / 1000
generated: 319 / 1000
generated: 321 / 1000
generated: 323 / 1000
generated: 326 / 1000
generated: 327 / 1000
generated: 329 / 1000
generated: 330 / 1000
generated: 332 / 1000
generated: 337 / 1000
generated: 339 / 1000
generated: 340 / 1000
generated: 343 / 1000
generated: 344 / 1000
generated: 345 / 1000
generated: 346 / 1000
generated: 348 / 1000
generated: 349 / 1000
generated: 350 / 1000
generated: 351 / 1000
generated: 353 / 1000
generated: 354 / 1000
generated: 358 / 1000
generated: 359 / 1000
generated: 360 / 1000
generated: 362 / 1000
generated: 366 / 1000
generated: 367 / 1000
generated: 369 / 1000
generated: 371 / 1000
generated: 374 / 1000
generated: 376 / 1000
generated: 377 / 1000
generated: 378 / 1000
generated: 379 / 1000
generated: 381 / 1000
generated: 382 / 1000
generated: 385 / 1000
generated: 386 / 1000
generated: 388 / 1000
generated: 390 / 1000
generated: 392 / 1000
generated: 395 / 1000
generated: 396 / 1000
generated: 398 / 1000
generated: 402 / 1000
generated: 403 / 1000
generated: 404 / 1000
generated: 406 / 1000
generated: 407 / 1000
generated: 409 / 1000
generated: 410 / 1000
generated: 411 / 1000
generated: 413 / 1000
generated: 417 / 1000
generated: 419 / 1000
generated: 422 / 1000
generated: 423 / 1000
generated: 424 / 1000
generated: 425 / 1000
generated: 426 / 1000
generated: 427 / 1000
generated: 428 / 1000
generated: 429 / 1000
generated: 432 / 1000
generated: 433 / 1000
generated: 434 / 1000
generated: 436 / 1000
generated: 437 / 1000
generated: 438 / 1000
generated: 440 / 1000
generated: 442 / 1000
generated: 444 / 1000
generated: 446 / 1000
generated: 447 / 1000
generated: 449 / 1000
generated: 452 / 1000
generated: 453 / 1000
generated: 455 / 1000
generated: 457 / 1000
generated: 459 / 1000
generated: 460 / 1000
generated: 462 / 1000
generated: 463 / 1000
generated: 464 / 1000
generated: 466 / 1000
generated: 469 / 1000
generated: 471 / 1000
generated: 472 / 1000
generated: 475 / 1000
generated: 477 / 1000
generated: 479 / 1000
generated: 481 / 1000
generated: 483 / 1000
generated: 484 / 1000
generated: 487 / 1000
generated: 488 / 1000
generated: 491 / 1000
generated: 492 / 1000
generated: 493 / 1000
generated: 494 / 1000
generated: 495 / 1000
generated: 497 / 1000
generated: 499 / 1000
generated: 502 / 1000
generated: 504 / 1000
generated: 505 / 1000
generated: 506 / 1000
generated: 508 / 1000
generated: 510 / 1000
generated: 513 / 1000
generated: 514 / 1000
generated: 515 / 1000
generated: 516 / 1000
generated: 519 / 1000
generated: 521 / 1000
generated: 523 / 1000
generated: 524 / 1000
generated: 525 / 1000
generated: 526 / 1000
generated: 529 / 1000
generated: 530 / 1000
generated: 531 / 1000
generated: 532 / 1000
generated: 534 / 1000
generated: 536 / 1000
generated: 538 / 1000
generated: 540 / 1000
generated: 541 / 1000
generated: 542 / 1000
generated: 543 / 1000
generated: 545 / 1000
generated: 546 / 1000
generated: 549 / 1000
generated: 551 / 1000
generated: 553 / 1000
generated: 554 / 1000
generated: 556 / 1000
generated: 559 / 1000
generated: 560 / 1000
generated: 561 / 1000
generated: 562 / 1000
generated: 566 / 1000
generated: 569 / 1000
generated: 573 / 1000
generated: 576 / 1000
generated: 579 / 1000
generated: 584 / 1000
generated: 587 / 1000
generated: 589 / 1000
generated: 590 / 1000
generated: 592 / 1000
generated: 593 / 1000
generated: 595 / 1000
generated: 597 / 1000
generated: 598 / 1000
generated: 602 / 1000
generated: 604 / 1000
generated: 605 / 1000
generated: 606 / 1000
generated: 607 / 1000
generated: 608 / 1000
generated: 610 / 1000
generated: 612 / 1000
generated: 613 / 1000
generated: 614 / 1000
generated: 615 / 1000
generated: 616 / 1000
generated: 617 / 1000
generated: 619 / 1000
generated: 620 / 1000
generated: 623 / 1000
generated: 626 / 1000
generated: 627 / 1000
generated: 628 / 1000
generated: 631 / 1000
generated: 634 / 1000
generated: 635 / 1000
generated: 637 / 1000
generated: 638 / 1000
generated: 639 / 1000
generated: 640 / 1000
generated: 641 / 1000
generated: 643 / 1000
generated: 644 / 1000
generated: 648 / 1000
generated: 650 / 1000
generated: 651 / 1000
generated: 653 / 1000
generated: 655 / 1000
generated: 658 / 1000
generated: 662 / 1000
generated: 664 / 1000
generated: 668 / 1000
generated: 670 / 1000
generated: 671 / 1000
generated: 674 / 1000
generated: 676 / 1000
generated: 678 / 1000
generated: 681 / 1000
generated: 682 / 1000
generated: 683 / 1000
generated: 684 / 1000
generated: 685 / 1000
generated: 686 / 1000
generated: 687 / 1000
generated: 689 / 1000
generated: 691 / 1000
generated: 692 / 1000
generated: 694 / 1000
generated: 696 / 1000
generated: 698 / 1000
generated: 699 / 1000
generated: 700 / 1000
generated: 702 / 1000
generated: 703 / 1000
generated: 704 / 1000
generated: 708 / 1000
generated: 709 / 1000
generated: 711 / 1000
generated: 713 / 1000
generated: 714 / 1000
generated: 716 / 1000
generated: 721 / 1000
generated: 722 / 1000
generated: 724 / 1000
generated: 725 / 1000
generated: 726 / 1000
generated: 728 / 1000
generated: 729 / 1000
generated: 730 / 1000
generated: 731 / 1000
generated: 733 / 1000
generated: 735 / 1000
generated: 738 / 1000
generated: 739 / 1000
generated: 740 / 1000
generated: 742 / 1000
generated: 745 / 1000
generated: 747 / 1000
generated: 748 / 1000
generated: 749 / 1000
generated: 750 / 1000
generated: 751 / 1000
generated: 753 / 1000
generated: 754 / 1000
generated: 755 / 1000
generated: 757 / 1000
generated: 759 / 1000
generated: 761 / 1000
generated: 762 / 1000
generated: 763 / 1000
generated: 764 / 1000
generated: 766 / 1000
generated: 768 / 1000
generated: 769 / 1000
generated: 770 / 1000
generated: 771 / 1000
generated: 774 / 1000
generated: 775 / 1000
generated: 779 / 1000
generated: 780 / 1000
generated: 781 / 1000
generated: 782 / 1000
generated: 784 / 1000
generated: 785 / 1000
generated: 786 / 1000
generated: 788 / 1000
generated: 789 / 1000
generated: 791 / 1000
generated: 792 / 1000
generated: 794 / 1000
generated: 796 / 1000
generated: 798 / 1000
generated: 799 / 1000
generated: 800 / 1000
generated: 801 / 1000
generated: 804 / 1000
generated: 805 / 1000
generated: 806 / 1000
generated: 807 / 1000
generated: 808 / 1000
generated: 809 / 1000
generated: 810 / 1000
generated: 812 / 1000
generated: 815 / 1000
generated: 816 / 1000
generated: 819 / 1000
generated: 820 / 1000
generated: 822 / 1000
generated: 824 / 1000
generated: 826 / 1000
generated: 827 / 1000
generated: 828 / 1000
generated: 829 / 1000
generated: 832 / 1000
generated: 833 / 1000
generated: 834 / 1000
generated: 835 / 1000
generated: 836 / 1000
generated: 837 / 1000
generated: 839 / 1000
generated: 840 / 1000
generated: 841 / 1000
generated: 842 / 1000
generated: 845 / 1000
generated: 848 / 1000
generated: 851 / 1000
generated: 852 / 1000
generated: 853 / 1000
generated: 854 / 1000
generated: 855 / 1000
generated: 856 / 1000
generated: 860 / 1000
generated: 863 / 1000
generated: 865 / 1000
generated: 866 / 1000
generated: 867 / 1000
generated: 868 / 1000
generated: 870 / 1000
generated: 871 / 1000
generated: 873 / 1000
generated: 874 / 1000
generated: 876 / 1000
generated: 879 / 1000
generated: 881 / 1000
generated: 885 / 1000
generated: 886 / 1000
generated: 887 / 1000
generated: 890 / 1000
generated: 893 / 1000
generated: 895 / 1000
generated: 896 / 1000
generated: 897 / 1000
generated: 900 / 1000
generated: 903 / 1000
generated: 904 / 1000
generated: 905 / 1000
generated: 906 / 1000
generated: 909 / 1000
generated: 913 / 1000
generated: 915 / 1000
generated: 916 / 1000
generated: 917 / 1000
generated: 918 / 1000
generated: 922 / 1000
generated: 923 / 1000
generated: 925 / 1000
generated: 928 / 1000
generated: 929 / 1000
generated: 930 / 1000
generated: 934 / 1000
generated: 935 / 1000
generated: 937 / 1000
generated: 939 / 1000
generated: 940 / 1000
generated: 942 / 1000
generated: 944 / 1000
generated: 947 / 1000
generated: 950 / 1000
generated: 951 / 1000
generated: 953 / 1000
generated: 955 / 1000
generated: 956 / 1000
generated: 958 / 1000
generated: 959 / 1000
generated: 961 / 1000
generated: 964 / 1000
generated: 965 / 1000
generated: 966 / 1000
generated: 968 / 1000
generated: 971 / 1000
generated: 974 / 1000
generated: 975 / 1000
generated: 976 / 1000
generated: 978 / 1000
generated: 979 / 1000
generated: 980 / 1000
generated: 982 / 1000
generated: 983 / 1000
generated: 984 / 1000
generated: 986 / 1000
generated: 987 / 1000
generated: 988 / 1000
generated: 990 / 1000
generated: 992 / 1000
generated: 993 / 1000
generated: 995 / 1000
generated: 996 / 1000
generated: 997 / 1000
generated: 999 / 1000
generated: 1000 / 1000
Sampling done in 38.2s
x0 pos    : x=[-0.390,0.352]  y=[-0.265,0.266]  z=[-0.431,0.423]
speed x0  : [0.216, 1.000]   (band [0.400, 1.0])
speed x1  : [0.212, 1.000]
Wrote 1000 training pairs to testing_data/3dshape/Vshape3d_env4
  sampled_points.npy (1000, 12)
  speed.npy          (1000, 2)
  normal.npy         (1000, 12)
  trans_n.npy        (1000, 12)
  rot_n.npy          (1000, 12)
  env.npy            (10000, 3)
