shape_radius=0.1844  env pts=50000  wall frac=0.935
valid cases: 1000 / 1000
/opt/conda/lib/python3.10/site-packages/torch/nn/modules/instancenorm.py:80: UserWarning: input's size at dim=0 does not match num_features. You can silence this warning by not passing in num_features, which is not used because affine=False
  warnings.warn(f"input's size at dim={feature_dim} does not match num_features. "
  rollout 250/1000  (55s)
  rollout 500/1000  (110s)
  rollout 750/1000  (163s)
  rollout 1000/1000  (218s)
  clearance 100/1000  (65s)
  clearance 200/1000  (130s)
  clearance 300/1000  (194s)
  clearance 400/1000  (256s)
  clearance 500/1000  (316s)
  clearance 600/1000  (381s)
  clearance 700/1000  (445s)
  clearance 800/1000  (507s)
  clearance 900/1000  (571s)
  clearance 1000/1000  (635s)

=== hlB variant: step=0.015 local_w=0.1 samples=50 speed_gate=0.0 steps=200 ===
cases        : 1000
success      : 671  (67.1%)
collision    : 245
no_converge  : 144

--- collision failures: penetration depth (normalized units; margin=0.05, stride=0.015, test offset=0.02)
  depth p10 = 0.0008
  depth p25 = 0.0025
  depth p50 = 0.0063
  depth p75 = 0.0120
  depth p90 = 0.0162
  frac max_depth < 0.002 : 0.216
  frac max_depth < 0.005 : 0.433
  frac max_depth < 0.010 : 0.661
  frac max_depth < 0.015 : 0.853
  frac max_depth < 0.020 : 0.992
  frac max_depth < 0.050 : 1.000
--- number of colliding waypoints per failed path
  n_coll_wp p10 = 1
  n_coll_wp p25 = 2
  n_coll_wp p50 = 6
  n_coll_wp p75 = 14
  n_coll_wp p90 = 25
  frac n_coll_wp <=  1 : 0.196
  frac n_coll_wp <=  2 : 0.335
  frac n_coll_wp <=  3 : 0.376
  frac n_coll_wp <=  5 : 0.469
  frac n_coll_wp <= 10 : 0.669
--- max env points inside shape at a waypoint: median 4, p90 19
--- wall-only collisions: 0.012   any-wall: 0.020
--- collision within 2 waypoints of the meeting point: 0.106
--- deepest waypoint position along path: p25 0.26 p50 0.55 p75 0.75
--- collided AND not converged: 0.245
saved to results/diag_hlB/variants_Ashape3d_env2/lw01
