/opt/conda/lib/python3.10/site-packages/torch/nn/modules/instancenorm.py:80: UserWarning: input's size at dim=0 does not match num_features. You can silence this warning by not passing in num_features, which is not used because affine=False
  warnings.warn(f"input's size at dim={feature_dim} does not match num_features. "
shape_radius=0.1844  env pts=50000  wall frac=0.935
valid cases: 1000 / 1000
  rollout 250/1000  (104s)
  rollout 500/1000  (212s)
  rollout 750/1000  (320s)
  rollout 1000/1000  (429s)
  clearance 100/1000  (76s)
  clearance 200/1000  (160s)
  clearance 300/1000  (232s)
  clearance 400/1000  (303s)
  clearance 500/1000  (372s)
  clearance 600/1000  (446s)
  clearance 700/1000  (519s)
  clearance 800/1000  (589s)
  clearance 900/1000  (660s)
  clearance 1000/1000  (729s)

=== hlB variant: step=0.0075 local_w=0.03 samples=50 speed_gate=0.0 steps=400 ===
cases        : 1000
success      : 765  (76.5%)
collision    : 230
no_converge  : 15

--- collision failures: penetration depth (normalized units; margin=0.05, stride=0.015, test offset=0.02)
  depth p10 = 0.0008
  depth p25 = 0.0022
  depth p50 = 0.0062
  depth p75 = 0.0127
  depth p90 = 0.0166
  frac max_depth < 0.002 : 0.230
  frac max_depth < 0.005 : 0.448
  frac max_depth < 0.010 : 0.652
  frac max_depth < 0.015 : 0.817
  frac max_depth < 0.020 : 1.000
  frac max_depth < 0.050 : 1.000
--- number of colliding waypoints per failed path
  n_coll_wp p10 = 1
  n_coll_wp p25 = 3
  n_coll_wp p50 = 9
  n_coll_wp p75 = 23
  n_coll_wp p90 = 38
  frac n_coll_wp <=  1 : 0.117
  frac n_coll_wp <=  2 : 0.222
  frac n_coll_wp <=  3 : 0.278
  frac n_coll_wp <=  5 : 0.365
  frac n_coll_wp <= 10 : 0.526
--- max env points inside shape at a waypoint: median 4, p90 17
--- wall-only collisions: 0.013   any-wall: 0.017
--- collision within 2 waypoints of the meeting point: 0.178
--- deepest waypoint position along path: p25 0.35 p50 0.53 p75 0.68
--- collided AND not converged: 0.043
saved to results/diag_hlB/variants_Ashape3d_env2/step0075
